******************************************************************************
                  TI ARM Linker Unix v16.9.4                   
******************************************************************************
>> Linked Thu May 24 21:57:22 2018

OUTPUT FILE NAME:   <boostxl_sensors_msp432.out>
ENTRY POINT SYMBOL: "_c_int00"  address: 0000becd


MEMORY CONFIGURATION

         name            origin    length      used     unused   attr    fill
----------------------  --------  ---------  --------  --------  ----  --------
  MAIN                  00000000   00040000  0000e17a  00031e86  R  X
  INFO                  00200000   00004000  00000000  00004000  R  X
  SRAM_CODE             01000000   00010000  000020a0  0000df60  RW X
  SRAM_DATA             20000000   00010000  000020a0  0000df60  RW  


SEGMENT ALLOCATION MAP

run origin  load origin   length   init length attrs members
----------  ----------- ---------- ----------- ----- -------
00000000    00000000    0000e180   0000e180    r-x
  00000000    00000000    000000e4   000000e4    r-- .intvecs
  000000e4    000000e4    0000ccae   0000ccae    r-x .text
  0000cd98    0000cd98    00001328   00001328    r-- .const
  0000e0c0    0000e0c0    000000c0   000000c0    r-- .cinit
20000000    20000000    00001ea8   00000000    rw-
  20000000    20000000    00000ccb   00000000    rw- .bss
  20000ccc    20000ccc    000009d5   00000000    rw- .data
  200016a8    200016a8    00000800   00000000    rw- .sysmem
2000fe00    2000fe00    00000200   00000000    rw-
  2000fe00    2000fe00    00000200   00000000    rw- .stack


SECTION ALLOCATION MAP

 output                                  attributes/
section   page    origin      length       input sections
--------  ----  ----------  ----------   ----------------
.intvecs   0    00000000    000000e4     
                  00000000    000000e4     startup_msp432p401r_ccs.obj (.intvecs:retain)

.text      0    000000e4    0000ccae     
                  000000e4    0000113e     rtsv7M4_T_le_v4SPD16_eabi.lib : _printfi.obj (.text)
                  00001222    00000002     startup_msp432p401r_ccs.obj (.text:Default_Handler)
                  00001224    00000dcc     main.obj (.text:main)
                  00001ff0    00000a58     bmi160_support.obj (.text:bmi160_config_running_mode)
                  00002a48    000009d0     bmi160.obj (.text:bmi160_read_fifo_header_data)
                  00003418    00000738     rtsv7M4_T_le_v4SPD16_eabi.lib : k_rem_pio2.obj (.text)
                  00003b50    000005dc                                   : s_cos.obj (.text)
                  0000412c    000005c4                                   : s_sin.obj (.text)
                  000046f0    000004ac     bmi160.obj (.text:bmi160_read_bmm150_mag_trim)
                  00004b9c    000003e4     rtsv7M4_T_le_v4SPD16_eabi.lib : e_asin.obj (.text)
                  00004f80    000003d0                                   : memory.obj (.text)
                  00005350    00000358     bmi160.obj (.text:bmi160_set_bmm150_mag_presetmode)
                  000056a8    000002ec     rtsv7M4_T_le_v4SPD16_eabi.lib : s_atan.obj (.text)
                  00005994    000002d8     bmi160.obj (.text:bmi160_set_intr_enable_0)
                  00005c6c    0000029c     bmi160.obj (.text:bmi160_bmm150_mag_interface_init)
                  00005f08    00000264     MSOE_LIB.lib : msoe_lib_clk.obj (.text)
                  0000616c    00000250     bmi160.obj (.text:bmi160_accel_foc_trigger_xyz)
                  000063bc    000001fc     rtsv7M4_T_le_v4SPD16_eabi.lib : s_exp2.obj (.text)
                  000065b8    000001f4                                   : ull_div_t2.obj (.text)
                  000067ac    000001ec                                   : e_atan2.obj (.text)
                  00006998    000001c4                                   : fopen.obj (.text)
                  00006b5c    000001b6                                   : fd_add_t2.obj (.text)
                  00006d12    00000002     main.obj (.text:WDT_A_IRQHandler)
                  00006d14    000001a0     bme280.obj (.text:bme280_get_calib_param)
                  00006eb4    00000198     bme280.obj (.text:bme280_set_oversamp_humidity)
                  0000704c    0000018c     bmi160.obj (.text:bmi160_set_foc_gyro_enable)
                  000071d8    00000178     bme280.obj (.text:bme280_set_power_mode)
                  00007350    00000174     rtsv7M4_T_le_v4SPD16_eabi.lib : k_sin.obj (.text)
                  000074c4    00000170                                   : e_sqrt.obj (.text)
                  00007634    0000016c     bme280.obj (.text:bme280_set_oversamp_temperature)
                  000077a0    0000016c     rtsv7M4_T_le_v4SPD16_eabi.lib : k_cos.obj (.text)
                  0000790c    00000164     bme280.obj (.text:bme280_set_standby_durn)
                  00007a70    00000160     bmi160.obj (.text:bmi160_bmm150_mag_set_power_mode)
                  00007bd0    00000158     bme280.obj (.text:bme280_set_oversamp_pressure)
                  00007d28    00000158     bmi160.obj (.text:bmi160_set_intr_enable_2)
                  00007e80    0000013c     i2c_driver.obj (.text:readBurstI2C)
                  00007fbc    00000138     i2c_driver.obj (.text:readI2C)
                  000080f4    00000136     rtsv7M4_T_le_v4SPD16_eabi.lib : fd_div_t2.obj (.text)
                  0000822a    00000002                                   : mpu_init.obj (.text)
                  0000822c    00000134                                   : fputs.obj (.text)
                  00008360    00000130     bme280.obj (.text:bme280_compensate_pressure_int32)
                  00008490    00000128     main.obj (.text:init_TA)
                  000085b8    00000124     bmi160.obj (.text:bmi160_set_bmm150_mag_and_secondary_if_power_mode)
                  000086dc    000000fc     rtsv7M4_T_le_v4SPD16_eabi.lib : fd_mul_t2.obj (.text)
                  000087d8    000000fc                                   : s_scalbn.obj (.text)
                  000088d4    000000f8     bmi160.obj (.text:bmi160_set_intr_fifo_wm)
                  000089cc    000000f8     bmi160.obj (.text:bmi160_set_intr_level)
                  00008ac4    000000f8     bmi160.obj (.text:bmi160_set_output_enable)
                  00008bbc    000000f8     rtsv7M4_T_le_v4SPD16_eabi.lib : s_floor.obj (.text)
                  00008cb4    000000f0     bme280_support.obj (.text:bme280_data_readout_template)
                  00008da4    000000ec     i2c_driver.obj (.text:EUSCIB1_IRQHandler)
                  00008e90    000000e8     i2c_driver.obj (.text:writeI2C)
                  00008f78    000000dc     rtsv7M4_T_le_v4SPD16_eabi.lib : setvbuf.obj (.text)
                  00009054    000000d4     bmi160.obj (.text:bmi160_bmm150_mag_wakeup)
                  00009128    000000d4     tmp007.obj (.text:sensorTmp007Read)
                  000091fc    000000d0     bmi160.obj (.text:bmi160_set_gyro_output_data_rate)
                  000092cc    000000c8     rtsv7M4_T_le_v4SPD16_eabi.lib : fflush.obj (.text)
                  00009394    000000c4     bmi160.obj (.text:bmi160_bmm150_mag_compensate_X)
                  00009458    000000c4     bmi160.obj (.text:bmi160_bmm150_mag_compensate_Y)
                  0000951c    000000c0     bme280.obj (.text:bme280_compensate_humidity_int32)
                  000095dc    000000c0     bmi160.obj (.text:bmi160_read_mag_xyzr)
                  0000969c    000000bc     bmi160.obj (.text:bmi160_get_gyro_offset_compensation_yaxis)
                  00009758    000000bc     bmi160.obj (.text:bmi160_get_gyro_offset_compensation_zaxis)
                  00009814    000000bc     rtsv7M4_T_le_v4SPD16_eabi.lib : open.obj (.text)
                  000098d0    000000b8     msp432p4xx_driverlib.lib : cs.obj (.text:CS_getDCOFrequency)
                  00009988    000000b8     bmi160.obj (.text:bmi160_get_gyro_offset_compensation_xaxis)
                  00009a40    000000b4     main.obj (.text:setSystemClock)
                  00009af4    000000ac     rtsv7M4_T_le_v4SPD16_eabi.lib : _io_perm.obj (.text)
                  00009ba0    000000ac     uart_driver.obj (.text:uartReceive)
                  00009c4c    000000a8     bmi160.obj (.text:bmi160_set_mag_output_data_rate)
                  00009cf4    0000009c     msp432p4xx_driverlib.lib : cs.obj (.text:CS_startHFXTWithTimeout)
                  00009d90    0000009c                              : cs.obj (.text:CS_startLFXTWithTimeout)
                  00009e2c    0000009c                              : cs.obj (.text:_CSComputeCLKFrequency)
                  00009ec8    0000009c     rtsv7M4_T_le_v4SPD16_eabi.lib : memcpy_t2.obj (.text)
                  00009f64    00000098     bme280.obj (.text:bme280_read_uncomp_pressure_temperature_humidity)
                  00009ffc    00000098     bmi160.obj (.text:bmi160_set_accel_output_data_rate)
                  0000a094    00000098     rtsv7M4_T_le_v4SPD16_eabi.lib : fclose.obj (.text)
                  0000a12c    00000098                                   : fputc.obj (.text)
                  0000a1c4    00000094     bmi160.obj (.text:bmi160_bmm150_mag_compensate_Z)
                  0000a258    00000090     bmi160.obj (.text:bmi160_set_accel_bw)
                  0000a2e8    00000090     bmi160.obj (.text:bmi160_set_fifo_accel_enable)
                  0000a378    00000090     bmi160.obj (.text:bmi160_set_fifo_gyro_enable)
                  0000a408    00000090     bmi160.obj (.text:bmi160_set_fifo_header_enable)
                  0000a498    00000090     bmi160.obj (.text:bmi160_set_fifo_mag_enable)
                  0000a528    00000090     bmi160.obj (.text:bmi160_set_fifo_stop_on_full)
                  0000a5b8    00000090     bmi160.obj (.text:bmi160_set_fifo_time_enable)
                  0000a648    00000090     bmi160.obj (.text:bmi160_set_gyro_bw)
                  0000a6d8    00000090     bmi160.obj (.text:bmi160_set_gyro_range)
                  0000a768    00000090     bmi160.obj (.text:bmi160_set_gyro_sleep_state)
                  0000a7f8    00000090     bmi160.obj (.text:bmi160_set_gyro_sleep_trigger)
                  0000a888    00000090     bmi160.obj (.text:bmi160_set_gyro_wakeup_intr)
                  0000a918    00000090     bmi160.obj (.text:bmi160_set_gyro_wakeup_trigger)
                  0000a9a8    00000090     bmi160.obj (.text:bmi160_set_if_mode)
                  0000aa38    00000090     bmi160.obj (.text:bmi160_set_mag_manual_enable)
                  0000aac8    00000090     bmi160.obj (.text:bmi160_set_paging_enable)
                  0000ab58    00000090     bmi160.obj (.text:bmi160_set_pullup_configuration)
                  0000abe8    00000090     bmi160.obj (.text:bmi160_set_target_page)
                  0000ac78    00000086     rtsv7M4_T_le_v4SPD16_eabi.lib : fd_cmp_t2.obj (.text:__aeabi_cdcmple)
                  0000acfe    00000086                                   : fd_cmp_t2.obj (.text:__aeabi_cdrcmple)
                  0000ad84    00000080     bmi160_support.obj (.text:bmi160_interrupt_configuration)
                  0000ae04    00000080     bmi160.obj (.text:bmi160_set_accel_offset_enable)
                  0000ae84    00000080     bmi160.obj (.text:bmi160_set_gyro_offset_enable)
                  0000af04    00000080     bmi160.obj (.text:bmi160_set_i2c_device_addr)
                  0000af84    0000007c     bme280.obj (.text:bme280_compensate_temperature_int32)
                  0000b000    0000007a     rtsv7M4_T_le_v4SPD16_eabi.lib : memset_t2.obj (.text)
                  0000b07a    00000002                                   : startup.obj (.text)
                  0000b07c    00000078     system_msp432p401r.obj (.text:SystemInit)
                  0000b0f4    00000078     bmi160.obj (.text:bmi160_read_accel_xyz)
                  0000b16c    00000078     bmi160.obj (.text:bmi160_read_gyro_xyz)
                  0000b1e4    00000070     msp432p4xx_driverlib.lib : cs.obj (.text:_CSGetHFXTFrequency)
                  0000b254    00000070     rtsv7M4_T_le_v4SPD16_eabi.lib : autoinit.obj (.text)
                  0000b2c4    00000070                                   : getdevice.obj (.text)
                  0000b334    00000070                                   : printf.obj (.text)
                  0000b3a4    00000070     opt3001.obj (.text:sensorOpt3001Convert)
                  0000b414    00000070     tmp007.obj (.text:sensorTmp007Enable)
                  0000b484    0000006e     rtsv7M4_T_le_v4SPD16_eabi.lib : fd_tos_t2.obj (.text)
                  0000b4f2    00000002     --HOLE-- [fill = 0]
                  0000b4f4    0000006c                                   : hostrename.obj (.text)
                  0000b560    00000068                                   : copy_decompress_lzss.obj (.text:decompress:lzss)
                  0000b5c8    00000068                                   : hostlseek.obj (.text)
                  0000b630    00000068                                   : trgmsg.obj (.text)
                  0000b698    00000064     bme280.obj (.text:bme280_read_pressure_temperature_humidity)
                  0000b6fc    00000064     bme280.obj (.text:bme280_read_uncomp_pressure)
                  0000b760    00000064     bme280.obj (.text:bme280_read_uncomp_temperature)
                  0000b7c4    00000064     bmi160.obj (.text:bmi160_init)
                  0000b828    00000064     rtsv7M4_T_le_v4SPD16_eabi.lib : fseek.obj (.text)
                  0000b88c    00000064                                   : s_frexp.obj (.text)
                  0000b8f0    00000064     opt3001.obj (.text:sensorOpt3001Read)
                  0000b954    00000060     main.obj (.text:invSqrt)
                  0000b9b4    00000060     rtsv7M4_T_le_v4SPD16_eabi.lib : hostopen.obj (.text)
                  0000ba14    0000005c     bme280.obj (.text:bme280_init)
                  0000ba70    0000005c     bme280.obj (.text:bme280_read_uncomp_humidity)
                  0000bacc    0000005c     rtsv7M4_T_le_v4SPD16_eabi.lib : close.obj (.text)
                  0000bb28    00000058                                   : hostread.obj (.text)
                  0000bb80    00000058                                   : hostwrite.obj (.text)
                  0000bbd8    00000054     msp432p4xx_driverlib.lib : sysctl_a.obj (.text:SysCtl_A_getTLVInfo)
                  0000bc2c    00000054     bme280.obj (.text:bme280_get_power_mode)
                  0000bc80    00000054     bme280.obj (.text:bme280_get_standby_durn)
                  0000bcd4    00000054     bmi160.obj (.text:bmi160_get_foc_rdy)
                  0000bd28    00000054     bmi160.obj (.text:bmi160_get_if_mode)
                  0000bd7c    00000054     bmi160.obj (.text:bmi160_get_mag_manual_enable)
                  0000bdd0    00000054     bmi160.obj (.text:bmi160_get_paging_enable)
                  0000be24    00000054     bmi160.obj (.text:bmi160_get_pullup_configuration)
                  0000be78    00000054     bmi160.obj (.text:bmi160_get_target_page)
                  0000becc    00000054     rtsv7M4_T_le_v4SPD16_eabi.lib : boot.obj (.text)
                  0000bf20    00000054                                   : exit.obj (.text)
                  0000bf74    00000054                                   : ltoa.obj (.text)
                  0000bfc8    00000052     bmi160.obj (.text:bmi160_bmm150_mag_compensate_xyz)
                  0000c01a    00000002     --HOLE-- [fill = 0]
                  0000c01c    00000050     main.obj (.text:PORT1_IRQHandler)
                  0000c06c    00000050     bmi160.obj (.text:bmi160_get_accel_offset_compensation_xaxis)
                  0000c0bc    00000050     bmi160.obj (.text:bmi160_get_accel_offset_compensation_yaxis)
                  0000c10c    00000050     bmi160.obj (.text:bmi160_get_accel_offset_compensation_zaxis)
                  0000c15c    00000050     bmi160.obj (.text:bmi160_get_gyro_range)
                  0000c1ac    00000050     bmi160.obj (.text:bmi160_get_mag_power_mode_stat)
                  0000c1fc    00000050     tmp007.obj (.text:sensorTmp007Convert)
                  0000c24c    0000004c     msp432p4xx_driverlib.lib : gpio.obj (.text:GPIO_setAsPeripheralModuleFunctionOutputPin)
                  0000c298    0000004c                              : cs.obj (.text:_CSGetDOCFrequency)
                  0000c2e4    0000004c     bme280.obj (.text:bme280_read_register)
                  0000c330    0000004c     bme280.obj (.text:bme280_write_register)
                  0000c37c    0000004c     rtsv7M4_T_le_v4SPD16_eabi.lib : atoi.obj (.text)
                  0000c3c8    0000004c                                   : cpy_tbl.obj (.text)
                  0000c414    00000048     msp432p4xx_driverlib.lib : cs.obj (.text:_CSGetDividerValue)
                  0000c45c    00000048     bmi160.obj (.text:bmi160_read_reg)
                  0000c4a4    00000048     bmi160.obj (.text:bmi160_write_reg)
                  0000c4ec    00000048     bmi160_support.obj (.text:i2c_routine)
                  0000c534    00000048     rtsv7M4_T_le_v4SPD16_eabi.lib : fd_toi_t2.obj (.text)
                  0000c57c    00000044     main.obj (.text:PORT5_IRQHandler)
                  0000c5c0    00000044     bme280.obj (.text:bme280_set_soft_rst)
                  0000c604    00000044     rtsv7M4_T_le_v4SPD16_eabi.lib : hostclose.obj (.text)
                  0000c648    00000044                                   : hostunlink.obj (.text)
                  0000c68c    00000040     msp432p4xx_driverlib.lib : i2c.obj (.text:I2C_masterSendMultiByteStart)
                  0000c6cc    00000040     bmi160.obj (.text:bmi160_fifo_data)
                  0000c70c    00000040     bmi160.obj (.text:bmi160_set_command_register)
                  0000c74c    00000040     bmi160.obj (.text:bmi160_set_fifo_wm)
                  0000c78c    00000040     bmi160.obj (.text:bmi160_set_mag_read_addr)
                  0000c7cc    00000040     bmi160.obj (.text:bmi160_set_mag_write_addr)
                  0000c80c    00000040     bmi160.obj (.text:bmi160_set_mag_write_data)
                  0000c84c    0000003c     bmi160_support.obj (.text:bmi160_initialize_sensor)
                  0000c888    00000038     bme280_support.obj (.text:I2C_routine)
                  0000c8c0    00000038     rtsv7M4_T_le_v4SPD16_eabi.lib : fs_tod_t2.obj (.text)
                  0000c8f8    00000036                                   : strncpy.obj (.text)
                  0000c92e    0000002e     bmi160_support.obj (.text:bmi160_i2c_burst_read)
                  0000c95c    0000002e     rtsv7M4_T_le_v4SPD16_eabi.lib : i_tofd_t2.obj (.text)
                  0000c98a    0000002c     bme280_support.obj (.text:BME280_I2C_bus_read)
                  0000c9b6    0000002c     bme280_support.obj (.text:BME280_I2C_bus_write)
                  0000c9e2    0000002c     bmi160_support.obj (.text:bmi160_i2c_bus_read)
                  0000ca0e    0000002c     bmi160_support.obj (.text:bmi160_i2c_bus_write)
                  0000ca3a    00000002     --HOLE-- [fill = 0]
                  0000ca3c    0000002c     rtsv7M4_T_le_v4SPD16_eabi.lib : unlink.obj (.text)
                  0000ca68    0000002c     opt3001.obj (.text:sensorOpt3001Enable)
                  0000ca94    00000028     rtsv7M4_T_le_v4SPD16_eabi.lib : lseek.obj (.text)
                  0000cabc    00000028                                   : write.obj (.text)
                  0000cae4    00000028     main.obj (.text:startCrystalOscillator)
                  0000cb0c    00000026     demo_sysctl.obj (.text:DelayMs)
                  0000cb32    00000002     --HOLE-- [fill = 0]
                  0000cb34    00000024     msp432p4xx_driverlib.lib : cs.obj (.text:CS_clearInterruptFlag)
                  0000cb58    00000024     uart_driver.obj (.text:EUSCIA0_IRQHandler)
                  0000cb7c    00000020     rtsv7M4_T_le_v4SPD16_eabi.lib : memchr.obj (.text)
                  0000cb9c    00000020                                   : u_tofd_t2.obj (.text)
                  0000cbbc    0000001c     i2c_driver.obj (.text:initI2C)
                  0000cbd8    0000001c     rtsv7M4_T_le_v4SPD16_eabi.lib : memccpy.obj (.text)
                  0000cbf4    00000018     msp432p4xx_driverlib.lib : cs.obj (.text:CS_getMCLK)
                  0000cc0c    00000018                              : cs.obj (.text:CS_getSMCLK)
                  0000cc24    00000018     main.obj (.text:TA0_0_IRQHandler)
                  0000cc3c    00000018     rtsv7M4_T_le_v4SPD16_eabi.lib : args_main.obj (.text)
                  0000cc54    00000018                                   : strcmp.obj (.text)
                  0000cc6c    00000016                                   : strchr.obj (.text)
                  0000cc82    00000002     --HOLE-- [fill = 0]
                  0000cc84    00000014     msp432p4xx_driverlib.lib : cs.obj (.text:CS_setExternalClockSourceFrequency)
                  0000cc98    00000014     main.obj (.text:_system_pre_init)
                  0000ccac    00000014     rtsv7M4_T_le_v4SPD16_eabi.lib : _lock.obj (.text)
                  0000ccc0    00000014                                   : s_copysign.obj (.text)
                  0000ccd4    00000014                                   : strcpy.obj (.text)
                  0000cce8    00000014                                   : strlen.obj (.text)
                  0000ccfc    00000010     msp432p4xx_driverlib.lib : sysctl_a.obj (.text:SysCtl_A_disableNMISource)
                  0000cd0c    00000010                              : sysctl_a.obj (.text:SysCtl_A_enableNMISource)
                  0000cd1c    00000010                              : sysctl_a.obj (.text:SysCtl_A_getNMISourceStatus)
                  0000cd2c    0000000e     rtsv7M4_T_le_v4SPD16_eabi.lib : copy_decompress_none.obj (.text:decompress:none)
                  0000cd3a    0000000c     bme280_support.obj (.text:BME280_delay_msek)
                  0000cd46    0000000c     startup_msp432p401r_ccs.obj (.text:Reset_Handler)
                  0000cd52    0000000c     bmi160_support.obj (.text:bmi160_delay_ms)
                  0000cd5e    0000000c     rtsv7M4_T_le_v4SPD16_eabi.lib : copy_zero_init.obj (.text:decompress:ZI)
                  0000cd6a    0000000c     opt3001.obj (.text:sensorOpt3001Init)
                  0000cd76    0000000a     tmp007.obj (.text:sensorTmp007Init)
                  0000cd80    00000006     msp432p4xx_driverlib.lib : cs.obj (.text:CS_startHFXT)
                  0000cd86    00000006                              : cs.obj (.text:CS_startLFXT)
                  0000cd8c    00000006     demo_sysctl.obj (.text:SysCtlDelay)

.const     0    0000cd98    00001328     
                  0000cd98    00001000     rtsv7M4_T_le_v4SPD16_eabi.lib : s_exp2.obj (.const:tbl)
                  0000dd98    00000158                                   : k_rem_pio2.obj (.const:$O1$$)
                  0000def0    00000101                                   : ctype.obj (.const:.string:_ctypes_)
                  0000dff1    00000007     --HOLE-- [fill = 0]
                  0000dff8    00000098                                   : s_atan.obj (.const:$O1$$)
                  0000e090    00000030     msp432p4xx_driverlib.lib : gpio.obj (.const:GPIO_PORT_TO_BASE)

.cinit     0    0000e0c0    000000c0     
                  0000e0c0    00000095     (.cinit..data.load) [load image, compression = lzss]
                  0000e155    00000003     --HOLE-- [fill = 0]
                  0000e158    0000000c     (__TI_handler_table)
                  0000e164    00000004     --HOLE-- [fill = 0]
                  0000e168    00000008     (.cinit..bss.load) [load image, compression = zero_init]
                  0000e170    00000010     (__TI_cinit_table)

.init_array 
*          0    00000000    00000000     UNINITIALIZED

.binit     0    00000000    00000000     

.bss       0    20000000    00000ccb     UNINITIALIZED
                  20000000    0000036c     (.common:accel_fifo)
                  2000036c    0000036c     (.common:gyro_fifo)
                  200006d8    0000036c     (.common:mag_fifo)
                  20000a44    00000120     rtsv7M4_T_le_v4SPD16_eabi.lib : trgmsg.obj (.bss:_CIOBUF_)
                  20000b64    000000a0     (.common:__TI_tmpnams)
                  20000c04    0000003c     (.common:bme280)
                  20000c40    00000014     (.common:s_bmi160)
                  20000c54    00000010     bmi160.obj (.bss:mag_trim)
                  20000c64    0000000c     (.common:s_magcompXYZ)
                  20000c70    00000008     msp432p4xx_driverlib.lib : cs.obj (.bss)
                  20000c78    00000008     (.common:parmbuf)
                  20000c80    00000006     (.common:accelxyz)
                  20000c86    00000006     (.common:gyroxyz)
                  20000c8c    00000006     (.common:s_accelXYZ)
                  20000c92    00000006     (.common:s_gyroXYZ)
                  20000c98    00000004     bme280.obj (.bss)
                  20000c9c    00000004     bmi160.obj (.bss)
                  20000ca0    00000004     tmp007.obj (.bss:buf)
                  20000ca4    00000004     (.common:convertedLux)
                  20000ca8    00000004     (.common:g_ui32ByteCount)
                  20000cac    00000004     (.common:pData)
                  20000cb0    00000004     (.common:returnRslt)
                  20000cb4    00000004     (.common:tObjAmb)
                  20000cb8    00000004     (.common:tObjTemp)
                  20000cbc    00000002     tmp007.obj (.bss)
                  20000cbe    00000002     (.common:rawData)
                  20000cc0    00000002     (.common:rawObjTemp)
                  20000cc2    00000002     (.common:rawTemp)
                  20000cc4    00000001     (.common:accel_off_x)
                  20000cc5    00000001     (.common:accel_off_y)
                  20000cc6    00000001     (.common:accel_off_z)
                  20000cc7    00000001     (.common:gyro_range)
                  20000cc8    00000001     (.common:returnValue)
                  20000cc9    00000001     (.common:ui8DummyRead)
                  20000cca    00000001     (.common:ui8Status)

.data      0    20000ccc    000009d5     UNINITIALIZED
                  20000ccc    00000400     bmi160.obj (.data:v_fifo_data_u8)
                  200010cc    0000021f     uart_driver.obj (.data:test)
                  200012eb    0000010f     uart_driver.obj (.data:pieceOfString$2)
                  200013fa    00000002     uart_driver.obj (.data)
                  200013fc    000000f0     rtsv7M4_T_le_v4SPD16_eabi.lib : defs.obj (.data:_ftable)
                  200014ec    00000090     main.obj (.data)
                  2000157c    00000078     rtsv7M4_T_le_v4SPD16_eabi.lib : write.obj (.data:_device)
                  200015f4    00000050                                   : write.obj (.data:_stream)
                  20001644    00000014     i2c_driver.obj (.data:i2cConfig)
                  20001658    00000010     rtsv7M4_T_le_v4SPD16_eabi.lib : defs.obj (.data)
                  20001668    0000000c                                   : exit.obj (.data:$O1$$)
                  20001674    0000000c                                   : memory.obj (.data:$O1$$)
                  20001680    00000008                                   : _lock.obj (.data:$O1$$)
                  20001688    00000008     bmi160.obj (.data)
                  20001690    00000004     rtsv7M4_T_le_v4SPD16_eabi.lib : errno.obj (.data)
                  20001694    00000004                                   : fopen.obj (.data)
                  20001698    00000004                                   : open.obj (.data)
                  2000169c    00000004                                   : stkdepth_vars.obj (.data)
                  200016a0    00000001     i2c_driver.obj (.data)

.sysmem    0    200016a8    00000800     UNINITIALIZED
                  200016a8    00000008     rtsv7M4_T_le_v4SPD16_eabi.lib : memory.obj (.sysmem)
                  200016b0    000007f8     --HOLE--

.stack     0    2000fe00    00000200     UNINITIALIZED
                  2000fe00    00000200     --HOLE--

MODULE SUMMARY

       Module                        code    ro data   rw data
       ------                        ----    -------   -------
    ./
       system_msp432p401r.obj        120     0         0      
    +--+-----------------------------+-------+---------+---------+
       Total:                        120     0         0      
                                                              
    ./ccs/
       startup_msp432p401r_ccs.obj   14      228       0      
    +--+-----------------------------+-------+---------+---------+
       Total:                        14      228       0      
                                                              
    ./src/
       bmi160.obj                    15542   0         7360   
       main.obj                      4338    0         390    
       bme280.obj                    3908    0         8      
       bmi160_support.obj            3054    0         64     
       uart_driver.obj               208     0         1632   
       i2c_driver.obj                1124    0         62     
       bme280_support.obj            396     0         120    
       tmp007.obj                    414     0         12     
       opt3001.obj                   268     0         0      
       demo_sysctl.obj               44      0         0      
    +--+-----------------------------+-------+---------+---------+
       Total:                        29296   0         9648   
                                                              
    /Applications/ti/ccsv7/tools/compiler/ti-cgt-arm_16.9.4.LTS/lib/rtsv7M4_T_le_v4SPD16_eabi.lib
       s_exp2.obj                    508     4096      0      
       _printfi.obj                  4414    0         0      
       k_rem_pio2.obj                1848    344       0      
       s_cos.obj                     1500    0         0      
       s_sin.obj                     1476    0         0      
       memory.obj                    976     0         24     
       e_asin.obj                    996     0         0      
       s_atan.obj                    748     152       0      
       defs.obj                      0       0         832    
       trgmsg.obj                    104     0         576    
       ull_div_t2.obj                500     0         0      
       e_atan2.obj                   492     0         0      
       fopen.obj                     452     0         8      
       write.obj                     40      0         400    
       fd_add_t2.obj                 438     0         0      
       k_sin.obj                     372     0         0      
       e_sqrt.obj                    368     0         0      
       k_cos.obj                     364     0         0      
       fd_div_t2.obj                 310     0         0      
       fputs.obj                     308     0         0      
       fd_cmp_t2.obj                 268     0         0      
       ctype.obj                     0       257       0      
       fd_mul_t2.obj                 252     0         0      
       s_scalbn.obj                  252     0         0      
       s_floor.obj                   248     0         0      
       setvbuf.obj                   220     0         0      
       fflush.obj                    200     0         0      
       open.obj                      188     0         8      
       _io_perm.obj                  172     0         0      
       memcpy_t2.obj                 156     0         0      
       fclose.obj                    152     0         0      
       fputc.obj                     152     0         0      
       memset_t2.obj                 122     0         0      
       autoinit.obj                  112     0         0      
       getdevice.obj                 112     0         0      
       hostopen.obj                  96      0         16     
       printf.obj                    112     0         0      
       fd_tos_t2.obj                 110     0         0      
       exit.obj                      84      0         24     
       hostrename.obj                108     0         0      
       copy_decompress_lzss.obj      104     0         0      
       hostlseek.obj                 104     0         0      
       fseek.obj                     100     0         0      
       s_frexp.obj                   100     0         0      
       close.obj                     92      0         0      
       hostread.obj                  88      0         0      
       hostwrite.obj                 88      0         0      
       boot.obj                      84      0         0      
       ltoa.obj                      84      0         0      
       atoi.obj                      76      0         0      
       cpy_tbl.obj                   76      0         0      
       fd_toi_t2.obj                 72      0         0      
       hostclose.obj                 68      0         0      
       hostunlink.obj                68      0         0      
       fs_tod_t2.obj                 56      0         0      
       strncpy.obj                   54      0         0      
       i_tofd_t2.obj                 46      0         0      
       unlink.obj                    44      0         0      
       lseek.obj                     40      0         0      
       _lock.obj                     20      0         16     
       memchr.obj                    32      0         0      
       u_tofd_t2.obj                 32      0         0      
       memccpy.obj                   28      0         0      
       args_main.obj                 24      0         0      
       strcmp.obj                    24      0         0      
       strchr.obj                    22      0         0      
       s_copysign.obj                20      0         0      
       strcpy.obj                    20      0         0      
       strlen.obj                    20      0         0      
       copy_decompress_none.obj      14      0         0      
       copy_zero_init.obj            12      0         0      
       errno.obj                     0       0         8      
       stkdepth_vars.obj             0       0         8      
       mpu_init.obj                  2       0         0      
       startup.obj                   2       0         0      
    +--+-----------------------------+-------+---------+---------+
       Total:                        21046   4849      1920   
                                                              
    /Applications/ti/simplelink_msp432_sdk_1_40_01_00/source/ti/devices/msp432p4xx/driverlib/ccs/msp432p4xx_driverlib.lib
       cs.obj                        1028    0         16     
       sysctl_a.obj                  132     0         0      
       gpio.obj                      76      48        0      
       i2c.obj                       64      0         0      
    +--+-----------------------------+-------+---------+---------+
       Total:                        1300    48        16     
                                                              
    /Users/ani/workspace_v7/MSOE_LIB/Debug/MSOE_LIB.lib
       msoe_lib_clk.obj              612     0         0      
    +--+-----------------------------+-------+---------+---------+
       Total:                        612     0         0      
                                                              
       Heap:                         0       0         4096   
       Stack:                        0       0         1024   
       Linker Generated:             0       185       0      
    +--+-----------------------------+-------+---------+---------+
       Grand Total:                  52388   5310      16704  


LINKER GENERATED COPY TABLES

__TI_cinit_table @ 0000e170 records: 2, size/record: 8, table size: 16
	.data: load addr=0000e0c0, load size=00000095 bytes, run addr=20000ccc, run size=000009d5 bytes, compression=lzss
	.bss: load addr=0000e168, load size=00000008 bytes, run addr=20000000, run size=00000ccb bytes, compression=zero_init


LINKER GENERATED HANDLER TABLE

__TI_handler_table @ 0000e158 records: 3, size/record: 4, table size: 12
	index: 0, handler: __TI_decompress_lzss
	index: 1, handler: __TI_decompress_none
	index: 2, handler: __TI_zero_init


GLOBAL SYMBOLS: SORTED ALPHABETICALLY BY Name 

address   name                                             
-------   ----                                             
00001223  ADC14_IRQHandler                                 
00001223  AES256_IRQHandler                                
0000c98b  BME280_I2C_bus_read                              
0000c9b7  BME280_I2C_bus_write                             
0000cd3b  BME280_delay_msek                                
20001578  BME_on                                           
20001579  BMI_on                                           
00001223  BusFault_Handler                                 
0000bf21  C$$EXIT                                          
0000b65f  C$$IO$$                                          
00001223  COMP_E0_IRQHandler                               
00001223  COMP_E1_IRQHandler                               
00001223  CS_IRQHandler                                    
0000cb35  CS_clearInterruptFlag                            
000098d1  CS_getDCOFrequency                               
0000cbf5  CS_getMCLK                                       
0000cc0d  CS_getSMCLK                                      
0000cc85  CS_setExternalClockSourceFrequency               
0000cd81  CS_startHFXT                                     
00009cf5  CS_startHFXTWithTimeout                          
0000cd87  CS_startLFXT                                     
00009d91  CS_startLFXTWithTimeout                          
00006031  Clock_48MHz_Divide                               
00005f09  Clock_Init_48MHz                                 
00001223  DMA_ERR_IRQHandler                               
00001223  DMA_INT0_IRQHandler                              
00001223  DMA_INT1_IRQHandler                              
00001223  DMA_INT2_IRQHandler                              
00001223  DMA_INT3_IRQHandler                              
00001223  DebugMon_Handler                                 
00001223  Default_Handler                                  
0000cb0d  DelayMs                                          
0000cb59  EUSCIA0_IRQHandler                               
0000cb59  EUSCIA0_IRQHandler                               
00001223  EUSCIA1_IRQHandler                               
00001223  EUSCIA2_IRQHandler                               
00001223  EUSCIA3_IRQHandler                               
00001223  EUSCIB0_IRQHandler                               
00008da5  EUSCIB1_IRQHandler                               
00008da5  EUSCIB1_IRQHandler                               
00001223  EUSCIB2_IRQHandler                               
00001223  EUSCIB3_IRQHandler                               
00001223  FLCTL_IRQHandler                                 
00001223  FPU_IRQHandler                                   
0000c24d  GPIO_setAsPeripheralModuleFunctionOutputPin      
0000c605  HOSTclose                                        
0000b5c9  HOSTlseek                                        
0000b9b5  HOSTopen                                         
0000bb29  HOSTread                                         
0000b4f5  HOSTrename                                       
0000c649  HOSTunlink                                       
0000bb81  HOSTwrite                                        
00001223  HardFault_Handler                                
0000c68d  I2C_masterSendMultiByteStart                     
0000c889  I2C_routine                                      
00001223  MemManage_Handler                                
00001223  NMI_Handler                                      
2000157b  OPT_on                                           
00001223  PCM_IRQHandler                                   
0000c01d  PORT1_IRQHandler                                 
0000c01d  PORT1_IRQHandler                                 
00001223  PORT2_IRQHandler                                 
00001223  PORT3_IRQHandler                                 
00001223  PORT4_IRQHandler                                 
0000c57d  PORT5_IRQHandler                                 
0000c57d  PORT5_IRQHandler                                 
00001223  PORT6_IRQHandler                                 
00001223  PSS_IRQHandler                                   
00001223  PendSV_Handler                                   
00001223  RTC_C_IRQHandler                                 
0000cd47  Reset_Handler                                    
UNDEFED   SHT$$INIT_ARRAY$$Base                            
UNDEFED   SHT$$INIT_ARRAY$$Limit                           
00001223  SVC_Handler                                      
0000cd8d  SysCtlDelay                                      
0000ccfd  SysCtl_A_disableNMISource                        
0000cd0d  SysCtl_A_enableNMISource                         
0000cd1d  SysCtl_A_getNMISourceStatus                      
0000bbd9  SysCtl_A_getTLVInfo                              
00001223  SysTick_Handler                                  
0000b07d  SystemInit                                       
00001223  T32_INT1_IRQHandler                              
00001223  T32_INT2_IRQHandler                              
00001223  T32_INTC_IRQHandler                              
0000cc25  TA0_0_IRQHandler                                 
0000cc25  TA0_0_IRQHandler                                 
00001223  TA0_N_IRQHandler                                 
00001223  TA1_0_IRQHandler                                 
00001223  TA1_N_IRQHandler                                 
00001223  TA2_0_IRQHandler                                 
00001223  TA2_N_IRQHandler                                 
00001223  TA3_0_IRQHandler                                 
00001223  TA3_N_IRQHandler                                 
2000157a  TMP_on                                           
00001223  UsageFault_Handler                               
20001688  V_bmm150_maual_auto_condition_u8                 
2000168c  V_fifo_time_U32                                  
4000480c  WDTCTL_SYM                                       
00006d13  WDT_A_IRQHandler                                 
00006d13  WDT_A_IRQHandler                                 
200014ee  WDTcount                                         
20000a44  __CIOBUF_                                        
20010000  __STACK_END                                      
00000200  __STACK_SIZE                                     
00000800  __SYSMEM_SIZE                                    
0000e170  __TI_CINIT_Base                                  
0000e180  __TI_CINIT_Limit                                 
0000e158  __TI_Handler_Table_Base                          
0000e164  __TI_Handler_Table_Limit                         
0000b255  __TI_auto_init                                   
00006a61  __TI_cleanup                                     
20001668  __TI_cleanup_ptr                                 
0000a095  __TI_closefile                                   
0000b561  __TI_decompress_lzss                             
0000cd2d  __TI_decompress_none                             
000092cd  __TI_doflush                                     
2000166c  __TI_dtors_ptr                                   
20001670  __TI_enable_exit_profile_output                  
20001658  __TI_ft_end                                      
ffffffff  __TI_pprof_out_hndl                              
00000929  __TI_printfi                                     
ffffffff  __TI_prof_data_size                              
ffffffff  __TI_prof_data_start                             
00009b57  __TI_rd_ok                                       
0000b663  __TI_readmsg                                     
00000000  __TI_static_base__                               
20000b64  __TI_tmpnams                                     
0000b631  __TI_writemsg                                    
00009af5  __TI_wrt_ok                                      
0000cd5f  __TI_zero_init                                   
0000ac79  __aeabi_cdcmpeq                                  
0000ac79  __aeabi_cdcmple                                  
0000acff  __aeabi_cdrcmple                                 
0000b485  __aeabi_d2f                                      
0000c535  __aeabi_d2iz                                     
00006b67  __aeabi_dadd                                     
000080f5  __aeabi_ddiv                                     
000086dd  __aeabi_dmul                                     
00006b5d  __aeabi_dsub                                     
0000c8c1  __aeabi_f2d                                      
0000c95d  __aeabi_i2d                                      
0000b001  __aeabi_memclr                                   
0000b001  __aeabi_memclr4                                  
0000b001  __aeabi_memclr8                                  
00009ec9  __aeabi_memcpy                                   
00009ec9  __aeabi_memcpy4                                  
00009ec9  __aeabi_memcpy8                                  
0000b003  __aeabi_memset                                   
0000b003  __aeabi_memset4                                  
0000b003  __aeabi_memset8                                  
20001664  __aeabi_stderr                                   
2000165c  __aeabi_stdin                                    
20001660  __aeabi_stdout                                   
0000cb9d  __aeabi_ui2d                                     
000065b9  __aeabi_uldivmod                                 
ffffffff  __binit__                                        
ffffffff  __c_args__                                       
000077a1  __kernel_cos                                     
00003419  __kernel_rem_pio2                                
00007351  __kernel_sin                                     
0000822b  __mpu_init                                       
2000fe00  __stack                                          
0000cc3d  _args_main                                       
0000becd  _c_int00                                         
0000def0  _ctypes_                                         
2000157c  _device                                          
200013fc  _ftable                                          
20001680  _lock                                            
0000ccbb  _nop                                             
0000ccb3  _register_lock                                   
0000ccad  _register_unlock                                 
200015f4  _stream                                          
200016a8  _sys_memory                                      
0000b07b  _system_post_cinit                               
0000cc99  _system_pre_init                                 
20001684  _unlock                                          
2000153c  a_phi                                            
20001544  a_psi                                            
2000154c  a_psifinal                                       
20001540  a_theta                                          
200014fc  a_x                                              
20001500  a_y                                              
20001504  a_z                                              
0000bf25  abort                                            
2000156c  accelAvgX                                        
20001570  accelAvgY                                        
20001574  accelAvgZ                                        
20000000  accel_fifo                                       
20000cc4  accel_off_x                                      
20000cc5  accel_off_y                                      
20000cc6  accel_off_z                                      
20000c80  accelxyz                                         
00004b9d  asin                                             
00004b9d  asinl                                            
000056a9  atan                                             
000067ad  atan2                                            
000067ad  atan2l                                           
000056a9  atanl                                            
0000c37d  atoi                                             
ffffffff  binit                                            
20000c04  bme280                                           
0000951d  bme280_compensate_humidity_int32                 
00008361  bme280_compensate_pressure_int32                 
0000af85  bme280_compensate_temperature_int32              
00008cb5  bme280_data_readout_template                     
00006d15  bme280_get_calib_param                           
0000bc2d  bme280_get_power_mode                            
0000bc81  bme280_get_standby_durn                          
0000ba15  bme280_init                                      
0000b699  bme280_read_pressure_temperature_humidity        
0000c2e5  bme280_read_register                             
0000ba71  bme280_read_uncomp_humidity                      
0000b6fd  bme280_read_uncomp_pressure                      
00009f65  bme280_read_uncomp_pressure_temperature_humidity 
0000b761  bme280_read_uncomp_temperature                   
00006eb5  bme280_set_oversamp_humidity                     
00007bd1  bme280_set_oversamp_pressure                     
00007635  bme280_set_oversamp_temperature                  
000071d9  bme280_set_power_mode                            
0000c5c1  bme280_set_soft_rst                              
0000790d  bme280_set_standby_durn                          
0000c331  bme280_write_register                            
0000616d  bmi160_accel_foc_trigger_xyz                     
00009395  bmi160_bmm150_mag_compensate_X                   
00009459  bmi160_bmm150_mag_compensate_Y                   
0000a1c5  bmi160_bmm150_mag_compensate_Z                   
0000bfc9  bmi160_bmm150_mag_compensate_xyz                 
00005c6d  bmi160_bmm150_mag_interface_init                 
00007a71  bmi160_bmm150_mag_set_power_mode                 
00009055  bmi160_bmm150_mag_wakeup                         
00001ff1  bmi160_config_running_mode                       
0000cd53  bmi160_delay_ms                                  
0000c6cd  bmi160_fifo_data                                 
0000c06d  bmi160_get_accel_offset_compensation_xaxis       
0000c0bd  bmi160_get_accel_offset_compensation_yaxis       
0000c10d  bmi160_get_accel_offset_compensation_zaxis       
0000bcd5  bmi160_get_foc_rdy                               
00009989  bmi160_get_gyro_offset_compensation_xaxis        
0000969d  bmi160_get_gyro_offset_compensation_yaxis        
00009759  bmi160_get_gyro_offset_compensation_zaxis        
0000c15d  bmi160_get_gyro_range                            
0000bd29  bmi160_get_if_mode                               
0000bd7d  bmi160_get_mag_manual_enable                     
0000c1ad  bmi160_get_mag_power_mode_stat                   
0000bdd1  bmi160_get_paging_enable                         
0000be25  bmi160_get_pullup_configuration                  
0000be79  bmi160_get_target_page                           
0000c92f  bmi160_i2c_burst_read                            
0000c9e3  bmi160_i2c_bus_read                              
0000ca0f  bmi160_i2c_bus_write                             
0000b7c5  bmi160_init                                      
0000c84d  bmi160_initialize_sensor                         
0000ad85  bmi160_interrupt_configuration                   
0000b0f5  bmi160_read_accel_xyz                            
000046f1  bmi160_read_bmm150_mag_trim                      
00002a49  bmi160_read_fifo_header_data                     
0000b16d  bmi160_read_gyro_xyz                             
000095dd  bmi160_read_mag_xyzr                             
0000c45d  bmi160_read_reg                                  
0000a259  bmi160_set_accel_bw                              
0000ae05  bmi160_set_accel_offset_enable                   
00009ffd  bmi160_set_accel_output_data_rate                
000085b9  bmi160_set_bmm150_mag_and_secondary_if_power_mode
00005351  bmi160_set_bmm150_mag_presetmode                 
0000c70d  bmi160_set_command_register                      
0000a2e9  bmi160_set_fifo_accel_enable                     
0000a379  bmi160_set_fifo_gyro_enable                      
0000a409  bmi160_set_fifo_header_enable                    
0000a499  bmi160_set_fifo_mag_enable                       
0000a529  bmi160_set_fifo_stop_on_full                     
0000a5b9  bmi160_set_fifo_time_enable                      
0000c74d  bmi160_set_fifo_wm                               
0000704d  bmi160_set_foc_gyro_enable                       
0000a649  bmi160_set_gyro_bw                               
0000ae85  bmi160_set_gyro_offset_enable                    
000091fd  bmi160_set_gyro_output_data_rate                 
0000a6d9  bmi160_set_gyro_range                            
0000a769  bmi160_set_gyro_sleep_state                      
0000a7f9  bmi160_set_gyro_sleep_trigger                    
0000a889  bmi160_set_gyro_wakeup_intr                      
0000a919  bmi160_set_gyro_wakeup_trigger                   
0000af05  bmi160_set_i2c_device_addr                       
0000a9a9  bmi160_set_if_mode                               
00005995  bmi160_set_intr_enable_0                         
00007d29  bmi160_set_intr_enable_2                         
000088d5  bmi160_set_intr_fifo_wm                          
000089cd  bmi160_set_intr_level                            
0000aa39  bmi160_set_mag_manual_enable                     
00009c4d  bmi160_set_mag_output_data_rate                  
0000c78d  bmi160_set_mag_read_addr                         
0000c7cd  bmi160_set_mag_write_addr                        
0000c80d  bmi160_set_mag_write_data                        
00008ac5  bmi160_set_output_enable                         
0000aac9  bmi160_set_paging_enable                         
0000ab59  bmi160_set_pullup_configuration                  
0000abe9  bmi160_set_target_page                           
0000c4a5  bmi160_write_reg                                 
200016a0  burstMode                                        
00005321  calloc                                           
0000bacd  close                                            
20000ca4  convertedLux                                     
0000c3c9  copy_in                                          
0000ccc1  copysign                                         
0000ccc1  copysignl                                        
00003b51  cos                                              
00003b51  cosl                                             
20001690  errno                                            
0000bf2d  exit                                             
000063bd  exp2                                             
000063bd  exp2l                                            
0000a0fb  fclose                                           
00009319  fflush                                           
0000b2c5  finddevice                                       
00008bbd  floor                                            
00008bbd  floorl                                           
00006ab7  fopen                                            
0000a12d  fputc                                            
0000822d  fputs                                            
0000506b  free                                             
00006a8d  freopen                                          
0000b88d  frexp                                            
0000b88d  frexpl                                           
0000b829  fseek                                            
20001520  g_phi                                            
2000152c  g_phidot                                         
20001528  g_psi                                            
20001534  g_psidot                                         
20001524  g_theta                                          
20001530  g_thetadot                                       
20001548  g_thetafinal                                     
20000ca8  g_ui32ByteCount                                  
0000b2ef  getdevice                                        
20001560  gyroAvgX                                         
20001564  gyroAvgY                                         
20001568  gyroAvgZ                                         
2000036c  gyro_fifo                                        
200014f4  gyro_off_x                                       
200014f6  gyro_off_y                                       
200014f8  gyro_off_z                                       
20000cc7  gyro_range                                       
200014f2  gyro_range_set                                   
20000c86  gyroxyz                                          
20001644  i2cConfig                                        
0000c4ed  i2c_routine                                      
0000cbbd  initI2C                                          
00008491  init_TA                                          
00000000  interruptVectors                                 
0000b955  invSqrt                                          
000087d9  ldexp                                            
000087d9  ldexpl                                           
0000ca95  lseek                                            
0000bf75  ltoa                                             
20001514  m_x                                              
20001518  m_y                                              
2000151c  m_z                                              
200006d8  mag_fifo                                         
00001225  main                                             
2000169c  main_func_sp                                     
00005001  malloc                                           
00005235  memalign                                         
0000cbd9  memccpy                                          
0000cb7d  memchr                                           
00009ec9  memcpy                                           
0000b009  memset                                           
00004f81  minit                                            
00009815  open                                             
20000cac  pData                                            
20000c78  parmbuf                                          
20001550  prevAccelX                                       
20001552  prevAccelY                                       
20001554  prevAccelZ                                       
20001556  prevGyroX                                        
20001558  prevGyroY                                        
2000155a  prevGyroZ                                        
0000b33d  printf                                           
0000a12d  putc                                             
0000a1b1  putchar                                          
00008339  puts                                             
20000cbe  rawData                                          
20000cc0  rawObjTemp                                       
20000cc2  rawTemp                                          
00007e81  readBurstI2C                                     
00007fbd  readI2C                                          
0000512d  realloc                                          
0000ca3d  remove                                           
20000cb0  returnRslt                                       
20000cc8  returnValue                                      
20000c8c  s_accelXYZ                                       
20000c40  s_bmi160                                         
20000c92  s_gyroXYZ                                        
20000c64  s_magcompXYZ                                     
20001538  sampleRate                                       
000087d9  scalbn                                           
000087d9  scalbnl                                          
200014f0  secondcount                                      
0000b3a5  sensorOpt3001Convert                             
0000ca69  sensorOpt3001Enable                              
0000cd6b  sensorOpt3001Init                                
0000b8f1  sensorOpt3001Read                                
0000c1fd  sensorTmp007Convert                              
0000b415  sensorTmp007Enable                               
0000cd77  sensorTmp007Init                                 
00009129  sensorTmp007Read                                 
00009a41  setSystemClock                                   
00008f79  setvbuf                                          
0000412d  sin                                              
0000412d  sinl                                             
000074c5  sqrt                                             
000074c5  sqrtl                                            
0000cae5  startCrystalOscillator                           
2000155c  stillCount                                       
0000cc6d  strchr                                           
0000cc55  strcmp                                           
0000ccd5  strcpy                                           
0000cce9  strlen                                           
0000c8f9  strncpy                                          
20000cb4  tObjAmb                                          
20000cb8  tObjTemp                                         
200010cc  test                                             
00009ba1  uartReceive                                      
20000cc9  ui8DummyRead                                     
20000cca  ui8Status                                        
0000ca3d  unlink                                           
20000ccc  v_fifo_data_u8                                   
20001508  w_x                                              
2000150c  w_y                                              
20001510  w_z                                              
200014ec  wdtWakeUpPeriodIndex                             
0000cabd  write                                            
00008e91  writeI2C                                         


GLOBAL SYMBOLS: SORTED BY Symbol Address 

address   name                                             
-------   ----                                             
00000000  __TI_static_base__                               
00000000  interruptVectors                                 
00000200  __STACK_SIZE                                     
00000800  __SYSMEM_SIZE                                    
00000929  __TI_printfi                                     
00001223  ADC14_IRQHandler                                 
00001223  AES256_IRQHandler                                
00001223  BusFault_Handler                                 
00001223  COMP_E0_IRQHandler                               
00001223  COMP_E1_IRQHandler                               
00001223  CS_IRQHandler                                    
00001223  DMA_ERR_IRQHandler                               
00001223  DMA_INT0_IRQHandler                              
00001223  DMA_INT1_IRQHandler                              
00001223  DMA_INT2_IRQHandler                              
00001223  DMA_INT3_IRQHandler                              
00001223  DebugMon_Handler                                 
00001223  Default_Handler                                  
00001223  EUSCIA1_IRQHandler                               
00001223  EUSCIA2_IRQHandler                               
00001223  EUSCIA3_IRQHandler                               
00001223  EUSCIB0_IRQHandler                               
00001223  EUSCIB2_IRQHandler                               
00001223  EUSCIB3_IRQHandler                               
00001223  FLCTL_IRQHandler                                 
00001223  FPU_IRQHandler                                   
00001223  HardFault_Handler                                
00001223  MemManage_Handler                                
00001223  NMI_Handler                                      
00001223  PCM_IRQHandler                                   
00001223  PORT2_IRQHandler                                 
00001223  PORT3_IRQHandler                                 
00001223  PORT4_IRQHandler                                 
00001223  PORT6_IRQHandler                                 
00001223  PSS_IRQHandler                                   
00001223  PendSV_Handler                                   
00001223  RTC_C_IRQHandler                                 
00001223  SVC_Handler                                      
00001223  SysTick_Handler                                  
00001223  T32_INT1_IRQHandler                              
00001223  T32_INT2_IRQHandler                              
00001223  T32_INTC_IRQHandler                              
00001223  TA0_N_IRQHandler                                 
00001223  TA1_0_IRQHandler                                 
00001223  TA1_N_IRQHandler                                 
00001223  TA2_0_IRQHandler                                 
00001223  TA2_N_IRQHandler                                 
00001223  TA3_0_IRQHandler                                 
00001223  TA3_N_IRQHandler                                 
00001223  UsageFault_Handler                               
00001225  main                                             
00001ff1  bmi160_config_running_mode                       
00002a49  bmi160_read_fifo_header_data                     
00003419  __kernel_rem_pio2                                
00003b51  cos                                              
00003b51  cosl                                             
0000412d  sin                                              
0000412d  sinl                                             
000046f1  bmi160_read_bmm150_mag_trim                      
00004b9d  asin                                             
00004b9d  asinl                                            
00004f81  minit                                            
00005001  malloc                                           
0000506b  free                                             
0000512d  realloc                                          
00005235  memalign                                         
00005321  calloc                                           
00005351  bmi160_set_bmm150_mag_presetmode                 
000056a9  atan                                             
000056a9  atanl                                            
00005995  bmi160_set_intr_enable_0                         
00005c6d  bmi160_bmm150_mag_interface_init                 
00005f09  Clock_Init_48MHz                                 
00006031  Clock_48MHz_Divide                               
0000616d  bmi160_accel_foc_trigger_xyz                     
000063bd  exp2                                             
000063bd  exp2l                                            
000065b9  __aeabi_uldivmod                                 
000067ad  atan2                                            
000067ad  atan2l                                           
00006a61  __TI_cleanup                                     
00006a8d  freopen                                          
00006ab7  fopen                                            
00006b5d  __aeabi_dsub                                     
00006b67  __aeabi_dadd                                     
00006d13  WDT_A_IRQHandler                                 
00006d13  WDT_A_IRQHandler                                 
00006d15  bme280_get_calib_param                           
00006eb5  bme280_set_oversamp_humidity                     
0000704d  bmi160_set_foc_gyro_enable                       
000071d9  bme280_set_power_mode                            
00007351  __kernel_sin                                     
000074c5  sqrt                                             
000074c5  sqrtl                                            
00007635  bme280_set_oversamp_temperature                  
000077a1  __kernel_cos                                     
0000790d  bme280_set_standby_durn                          
00007a71  bmi160_bmm150_mag_set_power_mode                 
00007bd1  bme280_set_oversamp_pressure                     
00007d29  bmi160_set_intr_enable_2                         
00007e81  readBurstI2C                                     
00007fbd  readI2C                                          
000080f5  __aeabi_ddiv                                     
0000822b  __mpu_init                                       
0000822d  fputs                                            
00008339  puts                                             
00008361  bme280_compensate_pressure_int32                 
00008491  init_TA                                          
000085b9  bmi160_set_bmm150_mag_and_secondary_if_power_mode
000086dd  __aeabi_dmul                                     
000087d9  ldexp                                            
000087d9  ldexpl                                           
000087d9  scalbn                                           
000087d9  scalbnl                                          
000088d5  bmi160_set_intr_fifo_wm                          
000089cd  bmi160_set_intr_level                            
00008ac5  bmi160_set_output_enable                         
00008bbd  floor                                            
00008bbd  floorl                                           
00008cb5  bme280_data_readout_template                     
00008da5  EUSCIB1_IRQHandler                               
00008da5  EUSCIB1_IRQHandler                               
00008e91  writeI2C                                         
00008f79  setvbuf                                          
00009055  bmi160_bmm150_mag_wakeup                         
00009129  sensorTmp007Read                                 
000091fd  bmi160_set_gyro_output_data_rate                 
000092cd  __TI_doflush                                     
00009319  fflush                                           
00009395  bmi160_bmm150_mag_compensate_X                   
00009459  bmi160_bmm150_mag_compensate_Y                   
0000951d  bme280_compensate_humidity_int32                 
000095dd  bmi160_read_mag_xyzr                             
0000969d  bmi160_get_gyro_offset_compensation_yaxis        
00009759  bmi160_get_gyro_offset_compensation_zaxis        
00009815  open                                             
000098d1  CS_getDCOFrequency                               
00009989  bmi160_get_gyro_offset_compensation_xaxis        
00009a41  setSystemClock                                   
00009af5  __TI_wrt_ok                                      
00009b57  __TI_rd_ok                                       
00009ba1  uartReceive                                      
00009c4d  bmi160_set_mag_output_data_rate                  
00009cf5  CS_startHFXTWithTimeout                          
00009d91  CS_startLFXTWithTimeout                          
00009ec9  __aeabi_memcpy                                   
00009ec9  __aeabi_memcpy4                                  
00009ec9  __aeabi_memcpy8                                  
00009ec9  memcpy                                           
00009f65  bme280_read_uncomp_pressure_temperature_humidity 
00009ffd  bmi160_set_accel_output_data_rate                
0000a095  __TI_closefile                                   
0000a0fb  fclose                                           
0000a12d  fputc                                            
0000a12d  putc                                             
0000a1b1  putchar                                          
0000a1c5  bmi160_bmm150_mag_compensate_Z                   
0000a259  bmi160_set_accel_bw                              
0000a2e9  bmi160_set_fifo_accel_enable                     
0000a379  bmi160_set_fifo_gyro_enable                      
0000a409  bmi160_set_fifo_header_enable                    
0000a499  bmi160_set_fifo_mag_enable                       
0000a529  bmi160_set_fifo_stop_on_full                     
0000a5b9  bmi160_set_fifo_time_enable                      
0000a649  bmi160_set_gyro_bw                               
0000a6d9  bmi160_set_gyro_range                            
0000a769  bmi160_set_gyro_sleep_state                      
0000a7f9  bmi160_set_gyro_sleep_trigger                    
0000a889  bmi160_set_gyro_wakeup_intr                      
0000a919  bmi160_set_gyro_wakeup_trigger                   
0000a9a9  bmi160_set_if_mode                               
0000aa39  bmi160_set_mag_manual_enable                     
0000aac9  bmi160_set_paging_enable                         
0000ab59  bmi160_set_pullup_configuration                  
0000abe9  bmi160_set_target_page                           
0000ac79  __aeabi_cdcmpeq                                  
0000ac79  __aeabi_cdcmple                                  
0000acff  __aeabi_cdrcmple                                 
0000ad85  bmi160_interrupt_configuration                   
0000ae05  bmi160_set_accel_offset_enable                   
0000ae85  bmi160_set_gyro_offset_enable                    
0000af05  bmi160_set_i2c_device_addr                       
0000af85  bme280_compensate_temperature_int32              
0000b001  __aeabi_memclr                                   
0000b001  __aeabi_memclr4                                  
0000b001  __aeabi_memclr8                                  
0000b003  __aeabi_memset                                   
0000b003  __aeabi_memset4                                  
0000b003  __aeabi_memset8                                  
0000b009  memset                                           
0000b07b  _system_post_cinit                               
0000b07d  SystemInit                                       
0000b0f5  bmi160_read_accel_xyz                            
0000b16d  bmi160_read_gyro_xyz                             
0000b255  __TI_auto_init                                   
0000b2c5  finddevice                                       
0000b2ef  getdevice                                        
0000b33d  printf                                           
0000b3a5  sensorOpt3001Convert                             
0000b415  sensorTmp007Enable                               
0000b485  __aeabi_d2f                                      
0000b4f5  HOSTrename                                       
0000b561  __TI_decompress_lzss                             
0000b5c9  HOSTlseek                                        
0000b631  __TI_writemsg                                    
0000b65f  C$$IO$$                                          
0000b663  __TI_readmsg                                     
0000b699  bme280_read_pressure_temperature_humidity        
0000b6fd  bme280_read_uncomp_pressure                      
0000b761  bme280_read_uncomp_temperature                   
0000b7c5  bmi160_init                                      
0000b829  fseek                                            
0000b88d  frexp                                            
0000b88d  frexpl                                           
0000b8f1  sensorOpt3001Read                                
0000b955  invSqrt                                          
0000b9b5  HOSTopen                                         
0000ba15  bme280_init                                      
0000ba71  bme280_read_uncomp_humidity                      
0000bacd  close                                            
0000bb29  HOSTread                                         
0000bb81  HOSTwrite                                        
0000bbd9  SysCtl_A_getTLVInfo                              
0000bc2d  bme280_get_power_mode                            
0000bc81  bme280_get_standby_durn                          
0000bcd5  bmi160_get_foc_rdy                               
0000bd29  bmi160_get_if_mode                               
0000bd7d  bmi160_get_mag_manual_enable                     
0000bdd1  bmi160_get_paging_enable                         
0000be25  bmi160_get_pullup_configuration                  
0000be79  bmi160_get_target_page                           
0000becd  _c_int00                                         
0000bf21  C$$EXIT                                          
0000bf25  abort                                            
0000bf2d  exit                                             
0000bf75  ltoa                                             
0000bfc9  bmi160_bmm150_mag_compensate_xyz                 
0000c01d  PORT1_IRQHandler                                 
0000c01d  PORT1_IRQHandler                                 
0000c06d  bmi160_get_accel_offset_compensation_xaxis       
0000c0bd  bmi160_get_accel_offset_compensation_yaxis       
0000c10d  bmi160_get_accel_offset_compensation_zaxis       
0000c15d  bmi160_get_gyro_range                            
0000c1ad  bmi160_get_mag_power_mode_stat                   
0000c1fd  sensorTmp007Convert                              
0000c24d  GPIO_setAsPeripheralModuleFunctionOutputPin      
0000c2e5  bme280_read_register                             
0000c331  bme280_write_register                            
0000c37d  atoi                                             
0000c3c9  copy_in                                          
0000c45d  bmi160_read_reg                                  
0000c4a5  bmi160_write_reg                                 
0000c4ed  i2c_routine                                      
0000c535  __aeabi_d2iz                                     
0000c57d  PORT5_IRQHandler                                 
0000c57d  PORT5_IRQHandler                                 
0000c5c1  bme280_set_soft_rst                              
0000c605  HOSTclose                                        
0000c649  HOSTunlink                                       
0000c68d  I2C_masterSendMultiByteStart                     
0000c6cd  bmi160_fifo_data                                 
0000c70d  bmi160_set_command_register                      
0000c74d  bmi160_set_fifo_wm                               
0000c78d  bmi160_set_mag_read_addr                         
0000c7cd  bmi160_set_mag_write_addr                        
0000c80d  bmi160_set_mag_write_data                        
0000c84d  bmi160_initialize_sensor                         
0000c889  I2C_routine                                      
0000c8c1  __aeabi_f2d                                      
0000c8f9  strncpy                                          
0000c92f  bmi160_i2c_burst_read                            
0000c95d  __aeabi_i2d                                      
0000c98b  BME280_I2C_bus_read                              
0000c9b7  BME280_I2C_bus_write                             
0000c9e3  bmi160_i2c_bus_read                              
0000ca0f  bmi160_i2c_bus_write                             
0000ca3d  remove                                           
0000ca3d  unlink                                           
0000ca69  sensorOpt3001Enable                              
0000ca95  lseek                                            
0000cabd  write                                            
0000cae5  startCrystalOscillator                           
0000cb0d  DelayMs                                          
0000cb35  CS_clearInterruptFlag                            
0000cb59  EUSCIA0_IRQHandler                               
0000cb59  EUSCIA0_IRQHandler                               
0000cb7d  memchr                                           
0000cb9d  __aeabi_ui2d                                     
0000cbbd  initI2C                                          
0000cbd9  memccpy                                          
0000cbf5  CS_getMCLK                                       
0000cc0d  CS_getSMCLK                                      
0000cc25  TA0_0_IRQHandler                                 
0000cc25  TA0_0_IRQHandler                                 
0000cc3d  _args_main                                       
0000cc55  strcmp                                           
0000cc6d  strchr                                           
0000cc85  CS_setExternalClockSourceFrequency               
0000cc99  _system_pre_init                                 
0000ccad  _register_unlock                                 
0000ccb3  _register_lock                                   
0000ccbb  _nop                                             
0000ccc1  copysign                                         
0000ccc1  copysignl                                        
0000ccd5  strcpy                                           
0000cce9  strlen                                           
0000ccfd  SysCtl_A_disableNMISource                        
0000cd0d  SysCtl_A_enableNMISource                         
0000cd1d  SysCtl_A_getNMISourceStatus                      
0000cd2d  __TI_decompress_none                             
0000cd3b  BME280_delay_msek                                
0000cd47  Reset_Handler                                    
0000cd53  bmi160_delay_ms                                  
0000cd5f  __TI_zero_init                                   
0000cd6b  sensorOpt3001Init                                
0000cd77  sensorTmp007Init                                 
0000cd81  CS_startHFXT                                     
0000cd87  CS_startLFXT                                     
0000cd8d  SysCtlDelay                                      
0000def0  _ctypes_                                         
0000e158  __TI_Handler_Table_Base                          
0000e164  __TI_Handler_Table_Limit                         
0000e170  __TI_CINIT_Base                                  
0000e180  __TI_CINIT_Limit                                 
20000000  accel_fifo                                       
2000036c  gyro_fifo                                        
200006d8  mag_fifo                                         
20000a44  __CIOBUF_                                        
20000b64  __TI_tmpnams                                     
20000c04  bme280                                           
20000c40  s_bmi160                                         
20000c64  s_magcompXYZ                                     
20000c78  parmbuf                                          
20000c80  accelxyz                                         
20000c86  gyroxyz                                          
20000c8c  s_accelXYZ                                       
20000c92  s_gyroXYZ                                        
20000ca4  convertedLux                                     
20000ca8  g_ui32ByteCount                                  
20000cac  pData                                            
20000cb0  returnRslt                                       
20000cb4  tObjAmb                                          
20000cb8  tObjTemp                                         
20000cbe  rawData                                          
20000cc0  rawObjTemp                                       
20000cc2  rawTemp                                          
20000cc4  accel_off_x                                      
20000cc5  accel_off_y                                      
20000cc6  accel_off_z                                      
20000cc7  gyro_range                                       
20000cc8  returnValue                                      
20000cc9  ui8DummyRead                                     
20000cca  ui8Status                                        
20000ccc  v_fifo_data_u8                                   
200010cc  test                                             
200013fc  _ftable                                          
200014ec  wdtWakeUpPeriodIndex                             
200014ee  WDTcount                                         
200014f0  secondcount                                      
200014f2  gyro_range_set                                   
200014f4  gyro_off_x                                       
200014f6  gyro_off_y                                       
200014f8  gyro_off_z                                       
200014fc  a_x                                              
20001500  a_y                                              
20001504  a_z                                              
20001508  w_x                                              
2000150c  w_y                                              
20001510  w_z                                              
20001514  m_x                                              
20001518  m_y                                              
2000151c  m_z                                              
20001520  g_phi                                            
20001524  g_theta                                          
20001528  g_psi                                            
2000152c  g_phidot                                         
20001530  g_thetadot                                       
20001534  g_psidot                                         
20001538  sampleRate                                       
2000153c  a_phi                                            
20001540  a_theta                                          
20001544  a_psi                                            
20001548  g_thetafinal                                     
2000154c  a_psifinal                                       
20001550  prevAccelX                                       
20001552  prevAccelY                                       
20001554  prevAccelZ                                       
20001556  prevGyroX                                        
20001558  prevGyroY                                        
2000155a  prevGyroZ                                        
2000155c  stillCount                                       
20001560  gyroAvgX                                         
20001564  gyroAvgY                                         
20001568  gyroAvgZ                                         
2000156c  accelAvgX                                        
20001570  accelAvgY                                        
20001574  accelAvgZ                                        
20001578  BME_on                                           
20001579  BMI_on                                           
2000157a  TMP_on                                           
2000157b  OPT_on                                           
2000157c  _device                                          
200015f4  _stream                                          
20001644  i2cConfig                                        
20001658  __TI_ft_end                                      
2000165c  __aeabi_stdin                                    
20001660  __aeabi_stdout                                   
20001664  __aeabi_stderr                                   
20001668  __TI_cleanup_ptr                                 
2000166c  __TI_dtors_ptr                                   
20001670  __TI_enable_exit_profile_output                  
20001680  _lock                                            
20001684  _unlock                                          
20001688  V_bmm150_maual_auto_condition_u8                 
2000168c  V_fifo_time_U32                                  
20001690  errno                                            
2000169c  main_func_sp                                     
200016a0  burstMode                                        
200016a8  _sys_memory                                      
2000fe00  __stack                                          
20010000  __STACK_END                                      
4000480c  WDTCTL_SYM                                       
ffffffff  __TI_pprof_out_hndl                              
ffffffff  __TI_prof_data_size                              
ffffffff  __TI_prof_data_start                             
ffffffff  __binit__                                        
ffffffff  __c_args__                                       
ffffffff  binit                                            
UNDEFED   SHT$$INIT_ARRAY$$Base                            
UNDEFED   SHT$$INIT_ARRAY$$Limit                           

[430 symbols]
