******************************************************************************
                  TI ARM Linker PC v16.9.6                     
******************************************************************************
>> Linked Thu Nov 30 10:41:43 2017

OUTPUT FILE NAME:   <boostxl_sensors_Madgwick_msp432.out>
ENTRY POINT SYMBOL: "_c_int00"  address: 000092dd


MEMORY CONFIGURATION

         name            origin    length      used     unused   attr    fill
----------------------  --------  ---------  --------  --------  ----  --------
  MAIN                  00000000   00040000  0000b3c4  00034c3c  R  X
  INFO                  00200000   00004000  00000000  00004000  R  X
  SRAM_CODE             01000000   00010000  0000205e  0000dfa2  RW X
  SRAM_DATA             20000000   00010000  0000205e  0000dfa2  RW  


SEGMENT ALLOCATION MAP

run origin  load origin   length   init length attrs members
----------  ----------- ---------- ----------- ----- -------
00000000    00000000    0000b3c8   0000b3c8    r-x
  00000000    00000000    000000e4   000000e4    r-- .intvecs
  000000e4    000000e4    0000a0f4   0000a0f4    r-x .text
  0000a1d8    0000a1d8    00001134   00001134    r-- .const
  0000b310    0000b310    000000b8   000000b8    r-- .cinit
20000000    20000000    00001e68   00000000    rw-
  20000000    20000000    00000cd1   00000000    rw- .bss
  20000cd4    20000cd4    0000098d   00000000    rw- .data
  20001668    20001668    00000800   00000000    rw- .sysmem
2000fe00    2000fe00    00000200   00000000    rw-
  2000fe00    2000fe00    00000200   00000000    rw- .stack


SECTION ALLOCATION MAP

 output                                  attributes/
section   page    origin      length       input sections
--------  ----  ----------  ----------   ----------------
.intvecs   0    00000000    000000e4     
                  00000000    000000e4     startup_msp432p401r_ccs.obj (.intvecs:retain)

.binit     0    00000000    00000000     

.text      0    000000e4    0000a0f4     
                  000000e4    0000113e     rtsv7M4_T_le_v4SPD16_eabi.lib : _printfi.obj (.text)
                  00001222    00000002     startup_msp432p401r_ccs.obj (.text:Default_Handler)
                  00001224    00000a58     bmi160_support.obj (.text:bmi160_config_running_mode)
                  00001c7c    000009d0     bmi160.obj (.text:bmi160_read_fifo_header_data)
                  0000264c    00000614     main.obj (.text:main)
                  00002c60    000004ac     bmi160.obj (.text:bmi160_read_bmm150_mag_trim)
                  0000310c    000003d0     rtsv7M4_T_le_v4SPD16_eabi.lib : memory.obj (.text)
                  000034dc    00000358     bmi160.obj (.text:bmi160_set_bmm150_mag_presetmode)
                  00003834    000002d8     bmi160.obj (.text:bmi160_set_intr_enable_0)
                  00003b0c    0000029c     bmi160.obj (.text:bmi160_bmm150_mag_interface_init)
                  00003da8    00000250     bmi160.obj (.text:bmi160_accel_foc_trigger_xyz)
                  00003ff8    00000200     rtsv7M4_T_le_v4SPD16_eabi.lib : s_exp2.obj (.text)
                  000041f8    000001f4                                   : ull_div_t2.obj (.text)
                  000043ec    000001c4                                   : fopen.obj (.text)
                  000045b0    000001b6                                   : fd_add_t2.obj (.text)
                  00004766    00000002                                   : mpu_init.obj (.text)
                  00004768    000001a0     bme280.obj (.text:bme280_get_calib_param)
                  00004908    00000198     bme280.obj (.text:bme280_set_oversamp_humidity)
                  00004aa0    0000018c     bmi160.obj (.text:bmi160_set_foc_gyro_enable)
                  00004c2c    00000178     bme280.obj (.text:bme280_set_power_mode)
                  00004da4    0000016c     bme280.obj (.text:bme280_set_oversamp_temperature)
                  00004f10    00000164     bme280.obj (.text:bme280_set_standby_durn)
                  00005074    00000160     bmi160.obj (.text:bmi160_bmm150_mag_set_power_mode)
                  000051d4    00000158     bme280.obj (.text:bme280_set_oversamp_pressure)
                  0000532c    00000158     bmi160.obj (.text:bmi160_set_intr_enable_2)
                  00005484    0000013c     i2c_driver.obj (.text:readBurstI2C)
                  000055c0    00000138     i2c_driver.obj (.text:readI2C)
                  000056f8    00000136     rtsv7M4_T_le_v4SPD16_eabi.lib : fd_div_t2.obj (.text)
                  0000582e    00000002                                   : startup.obj (.text)
                  00005830    00000134                                   : fputs.obj (.text)
                  00005964    00000130     bme280.obj (.text:bme280_compensate_pressure_int32)
                  00005a94    00000124     bmi160.obj (.text:bmi160_set_bmm150_mag_and_secondary_if_power_mode)
                  00005bb8    000000fc     rtsv7M4_T_le_v4SPD16_eabi.lib : fd_mul_t2.obj (.text)
                  00005cb4    000000fc                                   : s_scalbn.obj (.text)
                  00005db0    000000f8     bmi160.obj (.text:bmi160_set_intr_fifo_wm)
                  00005ea8    000000f8     bmi160.obj (.text:bmi160_set_intr_level)
                  00005fa0    000000f8     bmi160.obj (.text:bmi160_set_output_enable)
                  00006098    000000f0     bme280_support.obj (.text:bme280_data_readout_template)
                  00006188    000000ec     i2c_driver.obj (.text:EUSCIB1_IRQHandler)
                  00006274    000000e8     i2c_driver.obj (.text:writeI2C)
                  0000635c    000000dc     rtsv7M4_T_le_v4SPD16_eabi.lib : setvbuf.obj (.text)
                  00006438    000000d4     bmi160.obj (.text:bmi160_bmm150_mag_wakeup)
                  0000650c    000000d4     tmp007.obj (.text:sensorTmp007Read)
                  000065e0    000000d0     bmi160.obj (.text:bmi160_set_gyro_output_data_rate)
                  000066b0    000000c8     rtsv7M4_T_le_v4SPD16_eabi.lib : fflush.obj (.text)
                  00006778    000000c4     bmi160.obj (.text:bmi160_bmm150_mag_compensate_X)
                  0000683c    000000c4     bmi160.obj (.text:bmi160_bmm150_mag_compensate_Y)
                  00006900    000000c0     bmi160.obj (.text:bmi160_read_mag_xyzr)
                  000069c0    000000bc     bme280.obj (.text:bme280_compensate_humidity_int32)
                  00006a7c    000000bc     bmi160.obj (.text:bmi160_get_gyro_offset_compensation_yaxis)
                  00006b38    000000bc     bmi160.obj (.text:bmi160_get_gyro_offset_compensation_zaxis)
                  00006bf4    000000bc     rtsv7M4_T_le_v4SPD16_eabi.lib : open.obj (.text)
                  00006cb0    000000b8     msp432p4xx_driverlib.lib : cs_MSP432P4XX.obj (.text:CS_getDCOFrequency)
                  00006d68    000000b8     bmi160.obj (.text:bmi160_get_gyro_offset_compensation_xaxis)
                  00006e20    000000b4     main.obj (.text:setSystemClock)
                  00006ed4    000000ac     rtsv7M4_T_le_v4SPD16_eabi.lib : _io_perm.obj (.text)
                  00006f80    000000ac     uart_driver.obj (.text:uartReceive)
                  0000702c    000000a8     bmi160.obj (.text:bmi160_set_mag_output_data_rate)
                  000070d4    0000009c     msp432p4xx_driverlib.lib : cs_MSP432P4XX.obj (.text:CS_startHFXTWithTimeout)
                  00007170    0000009c                              : cs_MSP432P4XX.obj (.text:CS_startLFXTWithTimeout)
                  0000720c    0000009c                              : cs_MSP432P4XX.obj (.text:_CSComputeCLKFrequency)
                  000072a8    0000009c     rtsv7M4_T_le_v4SPD16_eabi.lib : memcpy_t2.obj (.text)
                  00007344    00000098     bme280.obj (.text:bme280_read_uncomp_pressure_temperature_humidity)
                  000073dc    00000098     bmi160.obj (.text:bmi160_set_accel_output_data_rate)
                  00007474    00000098     rtsv7M4_T_le_v4SPD16_eabi.lib : fclose.obj (.text)
                  0000750c    00000098                                   : fputc.obj (.text)
                  000075a4    00000094     bmi160.obj (.text:bmi160_bmm150_mag_compensate_Z)
                  00007638    00000094     rtsv7M4_T_le_v4SPD16_eabi.lib : snprintf.obj (.text)
                  000076cc    00000090     bmi160.obj (.text:bmi160_set_accel_bw)
                  0000775c    00000090     bmi160.obj (.text:bmi160_set_fifo_accel_enable)
                  000077ec    00000090     bmi160.obj (.text:bmi160_set_fifo_gyro_enable)
                  0000787c    00000090     bmi160.obj (.text:bmi160_set_fifo_header_enable)
                  0000790c    00000090     bmi160.obj (.text:bmi160_set_fifo_mag_enable)
                  0000799c    00000090     bmi160.obj (.text:bmi160_set_fifo_stop_on_full)
                  00007a2c    00000090     bmi160.obj (.text:bmi160_set_fifo_time_enable)
                  00007abc    00000090     bmi160.obj (.text:bmi160_set_gyro_bw)
                  00007b4c    00000090     bmi160.obj (.text:bmi160_set_gyro_range)
                  00007bdc    00000090     bmi160.obj (.text:bmi160_set_gyro_sleep_state)
                  00007c6c    00000090     bmi160.obj (.text:bmi160_set_gyro_sleep_trigger)
                  00007cfc    00000090     bmi160.obj (.text:bmi160_set_gyro_wakeup_intr)
                  00007d8c    00000090     bmi160.obj (.text:bmi160_set_gyro_wakeup_trigger)
                  00007e1c    00000090     bmi160.obj (.text:bmi160_set_if_mode)
                  00007eac    00000090     bmi160.obj (.text:bmi160_set_mag_manual_enable)
                  00007f3c    00000090     bmi160.obj (.text:bmi160_set_paging_enable)
                  00007fcc    00000090     bmi160.obj (.text:bmi160_set_pullup_configuration)
                  0000805c    00000090     bmi160.obj (.text:bmi160_set_target_page)
                  000080ec    00000086     rtsv7M4_T_le_v4SPD16_eabi.lib : fd_cmp_t2.obj (.text:__aeabi_cdcmple)
                  00008172    00000086                                   : fd_cmp_t2.obj (.text:__aeabi_cdrcmple)
                  000081f8    00000080     bmi160_support.obj (.text:bmi160_interrupt_configuration)
                  00008278    00000080     bmi160.obj (.text:bmi160_set_accel_offset_enable)
                  000082f8    00000080     bmi160.obj (.text:bmi160_set_gyro_offset_enable)
                  00008378    00000080     bmi160.obj (.text:bmi160_set_i2c_device_addr)
                  000083f8    0000007c     bme280.obj (.text:bme280_compensate_temperature_int32)
                  00008474    0000007a     rtsv7M4_T_le_v4SPD16_eabi.lib : memset_t2.obj (.text)
                  000084ee    00000002     --HOLE-- [fill = 0]
                  000084f0    00000078     system_msp432p401r.obj (.text:SystemInit)
                  00008568    00000078     bmi160.obj (.text:bmi160_read_accel_xyz)
                  000085e0    00000078     bmi160.obj (.text:bmi160_read_gyro_xyz)
                  00008658    00000070     msp432p4xx_driverlib.lib : cs_MSP432P4XX.obj (.text:_CSGetHFXTFrequency)
                  000086c8    00000070     rtsv7M4_T_le_v4SPD16_eabi.lib : autoinit.obj (.text)
                  00008738    00000070                                   : getdevice.obj (.text)
                  000087a8    00000070                                   : printf.obj (.text)
                  00008818    00000070     opt3001.obj (.text:sensorOpt3001Convert)
                  00008888    00000070     tmp007.obj (.text:sensorTmp007Enable)
                  000088f8    0000006e     rtsv7M4_T_le_v4SPD16_eabi.lib : fd_tos_t2.obj (.text)
                  00008966    00000068                                   : copy_decompress_lzss.obj (.text:decompress:lzss)
                  000089ce    00000002     --HOLE-- [fill = 0]
                  000089d0    00000068                                   : hostlseek.obj (.text)
                  00008a38    00000068                                   : hostrename.obj (.text)
                  00008aa0    00000068                                   : trgmsg.obj (.text)
                  00008b08    00000064     bme280.obj (.text:bme280_read_pressure_temperature_humidity)
                  00008b6c    00000064     bme280.obj (.text:bme280_read_uncomp_pressure)
                  00008bd0    00000064     bme280.obj (.text:bme280_read_uncomp_temperature)
                  00008c34    00000064     bmi160.obj (.text:bmi160_init)
                  00008c98    00000064     rtsv7M4_T_le_v4SPD16_eabi.lib : fseek.obj (.text)
                  00008cfc    00000064                                   : s_frexp.obj (.text)
                  00008d60    00000064     opt3001.obj (.text:sensorOpt3001Read)
                  00008dc4    00000060     rtsv7M4_T_le_v4SPD16_eabi.lib : hostopen.obj (.text)
                  00008e24    0000005c     bme280.obj (.text:bme280_init)
                  00008e80    0000005c     bme280.obj (.text:bme280_read_uncomp_humidity)
                  00008edc    0000005c     rtsv7M4_T_le_v4SPD16_eabi.lib : close.obj (.text)
                  00008f38    00000058                                   : hostread.obj (.text)
                  00008f90    00000058                                   : hostwrite.obj (.text)
                  00008fe8    00000054     msp432p4xx_driverlib.lib : sysctl_a_MSP432P4XX.obj (.text:SysCtl_A_getTLVInfo)
                  0000903c    00000054     bme280.obj (.text:bme280_get_power_mode)
                  00009090    00000054     bme280.obj (.text:bme280_get_standby_durn)
                  000090e4    00000054     bmi160.obj (.text:bmi160_get_foc_rdy)
                  00009138    00000054     bmi160.obj (.text:bmi160_get_if_mode)
                  0000918c    00000054     bmi160.obj (.text:bmi160_get_mag_manual_enable)
                  000091e0    00000054     bmi160.obj (.text:bmi160_get_paging_enable)
                  00009234    00000054     bmi160.obj (.text:bmi160_get_pullup_configuration)
                  00009288    00000054     bmi160.obj (.text:bmi160_get_target_page)
                  000092dc    00000054     rtsv7M4_T_le_v4SPD16_eabi.lib : boot.obj (.text)
                  00009330    00000054                                   : exit.obj (.text)
                  00009384    00000054                                   : ltoa.obj (.text)
                  000093d8    00000052     bmi160.obj (.text:bmi160_bmm150_mag_compensate_xyz)
                  0000942a    00000002     --HOLE-- [fill = 0]
                  0000942c    00000050     main.obj (.text:PORT1_IRQHandler)
                  0000947c    00000050     bmi160.obj (.text:bmi160_get_accel_offset_compensation_xaxis)
                  000094cc    00000050     bmi160.obj (.text:bmi160_get_accel_offset_compensation_yaxis)
                  0000951c    00000050     bmi160.obj (.text:bmi160_get_accel_offset_compensation_zaxis)
                  0000956c    00000050     bmi160.obj (.text:bmi160_get_accel_output_data_rate)
                  000095bc    00000050     bmi160.obj (.text:bmi160_get_mag_power_mode_stat)
                  0000960c    00000050     tmp007.obj (.text:sensorTmp007Convert)
                  0000965c    0000004c     msp432p4xx_driverlib.lib : gpio_MSP432P4XX.obj (.text:GPIO_setAsPeripheralModuleFunctionOutputPin)
                  000096a8    0000004c                              : cs_MSP432P4XX.obj (.text:_CSGetDOCFrequency)
                  000096f4    0000004c     bme280.obj (.text:bme280_read_register)
                  00009740    0000004c     bme280.obj (.text:bme280_write_register)
                  0000978c    0000004c     rtsv7M4_T_le_v4SPD16_eabi.lib : atoi.obj (.text)
                  000097d8    0000004c                                   : cpy_tbl.obj (.text)
                  00009824    00000048     msp432p4xx_driverlib.lib : cs_MSP432P4XX.obj (.text:_CSGetDividerValue)
                  0000986c    00000048     bmi160.obj (.text:bmi160_read_reg)
                  000098b4    00000048     bmi160.obj (.text:bmi160_write_reg)
                  000098fc    00000048     bmi160_support.obj (.text:i2c_routine)
                  00009944    00000048     rtsv7M4_T_le_v4SPD16_eabi.lib : fd_toi_t2.obj (.text)
                  0000998c    00000044     main.obj (.text:PORT5_IRQHandler)
                  000099d0    00000044     bme280.obj (.text:bme280_set_soft_rst)
                  00009a14    00000044     rtsv7M4_T_le_v4SPD16_eabi.lib : hostclose.obj (.text)
                  00009a58    00000044                                   : hostunlink.obj (.text)
                  00009a9c    00000040     msp432p4xx_driverlib.lib : i2c_MSP432P4XX.obj (.text:I2C_masterSendMultiByteStart)
                  00009adc    00000040     bmi160.obj (.text:bmi160_fifo_data)
                  00009b1c    00000040     bmi160.obj (.text:bmi160_set_command_register)
                  00009b5c    00000040     bmi160.obj (.text:bmi160_set_fifo_wm)
                  00009b9c    00000040     bmi160.obj (.text:bmi160_set_mag_read_addr)
                  00009bdc    00000040     bmi160.obj (.text:bmi160_set_mag_write_addr)
                  00009c1c    00000040     bmi160.obj (.text:bmi160_set_mag_write_data)
                  00009c5c    0000003c     bmi160_support.obj (.text:bmi160_initialize_sensor)
                  00009c98    00000038     bme280_support.obj (.text:I2C_routine)
                  00009cd0    00000038     rtsv7M4_T_le_v4SPD16_eabi.lib : fs_tod_t2.obj (.text)
                  00009d08    00000036                                   : strncpy.obj (.text)
                  00009d3e    0000002e     bmi160_support.obj (.text:bmi160_i2c_burst_read)
                  00009d6c    0000002e     rtsv7M4_T_le_v4SPD16_eabi.lib : i_tofd_t2.obj (.text)
                  00009d9a    0000002c     bme280_support.obj (.text:BME280_I2C_bus_read)
                  00009dc6    0000002c     bme280_support.obj (.text:BME280_I2C_bus_write)
                  00009df2    0000002c     bmi160_support.obj (.text:bmi160_i2c_bus_read)
                  00009e1e    0000002c     bmi160_support.obj (.text:bmi160_i2c_bus_write)
                  00009e4a    00000002     --HOLE-- [fill = 0]
                  00009e4c    0000002c     rtsv7M4_T_le_v4SPD16_eabi.lib : unlink.obj (.text)
                  00009e78    0000002c     opt3001.obj (.text:sensorOpt3001Enable)
                  00009ea4    00000028     rtsv7M4_T_le_v4SPD16_eabi.lib : lseek.obj (.text)
                  00009ecc    00000028                                   : write.obj (.text)
                  00009ef4    00000028     main.obj (.text:startCrystalOscillator)
                  00009f1c    00000026     demo_sysctl.obj (.text:DelayMs)
                  00009f42    00000002     --HOLE-- [fill = 0]
                  00009f44    00000024     msp432p4xx_driverlib.lib : cs_MSP432P4XX.obj (.text:CS_clearInterruptFlag)
                  00009f68    00000024     uart_driver.obj (.text:EUSCIA0_IRQHandler)
                  00009f8c    00000024     msp432p4xx_driverlib.lib : gpio_MSP432P4XX.obj (.text:GPIO_setAsOutputPin)
                  00009fb0    00000020     rtsv7M4_T_le_v4SPD16_eabi.lib : memchr.obj (.text)
                  00009fd0    00000020                                   : u_tofd_t2.obj (.text)
                  00009ff0    0000001c     i2c_driver.obj (.text:initI2C)
                  0000a00c    0000001c     rtsv7M4_T_le_v4SPD16_eabi.lib : memccpy.obj (.text)
                  0000a028    00000018     msp432p4xx_driverlib.lib : cs_MSP432P4XX.obj (.text:CS_getMCLK)
                  0000a040    00000018                              : cs_MSP432P4XX.obj (.text:CS_getSMCLK)
                  0000a058    00000018     main.obj (.text:TA0_0_IRQHandler)
                  0000a070    00000018     rtsv7M4_T_le_v4SPD16_eabi.lib : args_main.obj (.text)
                  0000a088    00000018                                   : strcmp.obj (.text)
                  0000a0a0    00000016                                   : strchr.obj (.text)
                  0000a0b6    00000002     --HOLE-- [fill = 0]
                  0000a0b8    00000014     msp432p4xx_driverlib.lib : cs_MSP432P4XX.obj (.text:CS_setExternalClockSourceFrequency)
                  0000a0cc    00000014                              : gpio_MSP432P4XX.obj (.text:GPIO_toggleOutputOnPin)
                  0000a0e0    00000014     rtsv7M4_T_le_v4SPD16_eabi.lib : _lock.obj (.text)
                  0000a0f4    00000014                                   : s_copysign.obj (.text)
                  0000a108    00000014                                   : strcpy.obj (.text)
                  0000a11c    00000014                                   : strlen.obj (.text)
                  0000a130    00000010     msp432p4xx_driverlib.lib : sysctl_a_MSP432P4XX.obj (.text:SysCtl_A_disableNMISource)
                  0000a140    00000010                              : sysctl_a_MSP432P4XX.obj (.text:SysCtl_A_enableNMISource)
                  0000a150    00000010                              : sysctl_a_MSP432P4XX.obj (.text:SysCtl_A_getNMISourceStatus)
                  0000a160    0000000e     rtsv7M4_T_le_v4SPD16_eabi.lib : copy_decompress_none.obj (.text:decompress:none)
                  0000a16e    0000000c     bme280_support.obj (.text:BME280_delay_msek)
                  0000a17a    0000000c     startup_msp432p401r_ccs.obj (.text:Reset_Handler)
                  0000a186    00000002     --HOLE-- [fill = 0]
                  0000a188    0000000c     main.obj (.text:WDT_A_IRQHandler)
                  0000a194    0000000c     bmi160_support.obj (.text:bmi160_delay_ms)
                  0000a1a0    0000000c     rtsv7M4_T_le_v4SPD16_eabi.lib : copy_zero_init.obj (.text:decompress:ZI)
                  0000a1ac    0000000c     opt3001.obj (.text:sensorOpt3001Init)
                  0000a1b8    0000000a     tmp007.obj (.text:sensorTmp007Init)
                  0000a1c2    00000006     msp432p4xx_driverlib.lib : cs_MSP432P4XX.obj (.text:CS_startHFXT)
                  0000a1c8    00000006                              : cs_MSP432P4XX.obj (.text:CS_startLFXT)
                  0000a1ce    00000006     demo_sysctl.obj (.text:SysCtlDelay)
                  0000a1d4    00000004     rtsv7M4_T_le_v4SPD16_eabi.lib : pre_init.obj (.text)

.const     0    0000a1d8    00001134     
                  0000a1d8    00001000     rtsv7M4_T_le_v4SPD16_eabi.lib : s_exp2.obj (.const:tbl)
                  0000b1d8    00000101                                   : ctype.obj (.const:.string:_ctypes_)
                  0000b2d9    00000003     --HOLE-- [fill = 0]
                  0000b2dc    00000030     msp432p4xx_driverlib.lib : gpio_MSP432P4XX.obj (.const:GPIO_PORT_TO_BASE)

.cinit     0    0000b310    000000b8     
                  0000b310    00000092     (.cinit..data.load) [load image, compression = lzss]
                  0000b3a2    00000002     --HOLE-- [fill = 0]
                  0000b3a4    0000000c     (__TI_handler_table)
                  0000b3b0    00000008     (.cinit..bss.load) [load image, compression = zero_init]
                  0000b3b8    00000010     (__TI_cinit_table)

.init_array 
*          0    00000000    00000000     UNINITIALIZED

.bss       0    20000000    00000cd1     UNINITIALIZED
                  20000000    0000036c     (.common:accel_fifo)
                  2000036c    0000036c     (.common:gyro_fifo)
                  200006d8    0000036c     (.common:mag_fifo)
                  20000a44    00000120     rtsv7M4_T_le_v4SPD16_eabi.lib : trgmsg.obj (.bss:_CIOBUF_)
                  20000b64    000000a0     (.common:__TI_tmpnams)
                  20000c04    0000003c     (.common:bme280)
                  20000c40    00000014     (.common:s_bmi160)
                  20000c54    00000010     bmi160.obj (.bss:mag_trim)
                  20000c64    0000000c     (.common:s_magcompXYZ)
                  20000c70    00000008     msp432p4xx_driverlib.lib : cs_MSP432P4XX.obj (.bss)
                  20000c78    00000008     (.common:parmbuf)
                  20000c80    00000006     (.common:accelxyz)
                  20000c86    00000006     (.common:gyroxyz)
                  20000c8c    00000006     (.common:s_accelXYZ)
                  20000c92    00000006     (.common:s_gyroXYZ)
                  20000c98    00000004     bme280.obj (.bss)
                  20000c9c    00000004     bmi160.obj (.bss)
                  20000ca0    00000004     tmp007.obj (.bss:buf)
                  20000ca4    00000004     (.common:convertedLux)
                  20000ca8    00000004     (.common:g_ui32ByteCount)
                  20000cac    00000004     (.common:pData)
                  20000cb0    00000004     (.common:returnRslt)
                  20000cb4    00000004     (.common:tObjAmb)
                  20000cb8    00000004     (.common:tObjTemp)
                  20000cbc    00000002     tmp007.obj (.bss)
                  20000cbe    00000002     (.common:gyro_off_x)
                  20000cc0    00000002     (.common:gyro_off_y)
                  20000cc2    00000002     (.common:gyro_off_z)
                  20000cc4    00000002     (.common:rawData)
                  20000cc6    00000002     (.common:rawObjTemp)
                  20000cc8    00000002     (.common:rawTemp)
                  20000cca    00000001     (.common:accel_off_x)
                  20000ccb    00000001     (.common:accel_off_y)
                  20000ccc    00000001     (.common:accel_off_z)
                  20000ccd    00000001     (.common:accel_rate)
                  20000cce    00000001     (.common:returnValue)
                  20000ccf    00000001     (.common:ui8DummyRead)
                  20000cd0    00000001     (.common:ui8Status)

.data      0    20000cd4    0000098d     UNINITIALIZED
                  20000cd4    00000400     bmi160.obj (.data:v_fifo_data_u8)
                  200010d4    0000021f     uart_driver.obj (.data:test)
                  200012f3    0000010f     uart_driver.obj (.data:pieceOfString$2)
                  20001402    00000002     uart_driver.obj (.data)
                  20001404    000000f0     rtsv7M4_T_le_v4SPD16_eabi.lib : defs.obj (.data:_ftable)
                  200014f4    00000078                                   : write.obj (.data:_device)
                  2000156c    00000050                                   : write.obj (.data:_stream)
                  200015bc    00000048     main.obj (.data)
                  20001604    00000014     i2c_driver.obj (.data:i2cConfig)
                  20001618    00000010     rtsv7M4_T_le_v4SPD16_eabi.lib : defs.obj (.data)
                  20001628    0000000c                                   : exit.obj (.data:$O1$$)
                  20001634    0000000c                                   : memory.obj (.data:$O1$$)
                  20001640    00000008                                   : _lock.obj (.data:$O1$$)
                  20001648    00000008     bmi160.obj (.data)
                  20001650    00000004     rtsv7M4_T_le_v4SPD16_eabi.lib : errno.obj (.data)
                  20001654    00000004                                   : fopen.obj (.data)
                  20001658    00000004                                   : open.obj (.data)
                  2000165c    00000004                                   : stkdepth_vars.obj (.data)
                  20001660    00000001     i2c_driver.obj (.data)

.sysmem    0    20001668    00000800     UNINITIALIZED
                  20001668    00000008     rtsv7M4_T_le_v4SPD16_eabi.lib : memory.obj (.sysmem)
                  20001670    000007f8     --HOLE--

.stack     0    2000fe00    00000200     UNINITIALIZED
                  2000fe00    00000200     --HOLE--

MODULE SUMMARY

       Module                        code    ro data   rw data
       ------                        ----    -------   -------
    .\
       system_msp432p401r.obj        120     0         0      
    +--+-----------------------------+-------+---------+---------+
       Total:                        120     0         0      
                                                              
    .\ccs\
       startup_msp432p401r_ccs.obj   14      228       0      
    +--+-----------------------------+-------+---------+---------+
       Total:                        14      228       0      
                                                              
    .\src\
       bmi160.obj                    15542   0         7360   
       bme280.obj                    3904    0         8      
       bmi160_support.obj            3054    0         64     
       main.obj                      1960    0         258    
       uart_driver.obj               208     0         1632   
       i2c_driver.obj                1124    0         62     
       bme280_support.obj            396     0         120    
       tmp007.obj                    414     0         12     
       opt3001.obj                   268     0         0      
       demo_sysctl.obj               44      0         0      
    +--+-----------------------------+-------+---------+---------+
       Total:                        26914   0         9516   
                                                              
    C:/ti/simplelink_msp432p4_sdk_1_50_00_12/source/ti/devices/msp432p4xx/driverlib/ccs/msp432p4xx_driverlib.lib
       cs_MSP432P4XX.obj             1028    0         16     
       gpio_MSP432P4XX.obj           132     48        0      
       sysctl_a_MSP432P4XX.obj       132     0         0      
       i2c_MSP432P4XX.obj            64      0         0      
    +--+-----------------------------+-------+---------+---------+
       Total:                        1356    48        16     
                                                              
    C:\ti\ccsv7\tools\compiler\ti-cgt-arm_16.9.6.LTS\lib\rtsv7M4_T_le_v4SPD16_eabi.lib
       s_exp2.obj                    512     4096      0      
       _printfi.obj                  4414    0         0      
       memory.obj                    976     0         24     
       defs.obj                      0       0         832    
       trgmsg.obj                    104     0         576    
       ull_div_t2.obj                500     0         0      
       fopen.obj                     452     0         8      
       write.obj                     40      0         400    
       fd_add_t2.obj                 438     0         0      
       fd_div_t2.obj                 310     0         0      
       fputs.obj                     308     0         0      
       fd_cmp_t2.obj                 268     0         0      
       ctype.obj                     0       257       0      
       fd_mul_t2.obj                 252     0         0      
       s_scalbn.obj                  252     0         0      
       setvbuf.obj                   220     0         0      
       fflush.obj                    200     0         0      
       open.obj                      188     0         8      
       _io_perm.obj                  172     0         0      
       memcpy_t2.obj                 156     0         0      
       fclose.obj                    152     0         0      
       fputc.obj                     152     0         0      
       snprintf.obj                  148     0         0      
       memset_t2.obj                 122     0         0      
       autoinit.obj                  112     0         0      
       getdevice.obj                 112     0         0      
       hostopen.obj                  96      0         16     
       printf.obj                    112     0         0      
       fd_tos_t2.obj                 110     0         0      
       exit.obj                      84      0         24     
       copy_decompress_lzss.obj      104     0         0      
       hostlseek.obj                 104     0         0      
       hostrename.obj                104     0         0      
       fseek.obj                     100     0         0      
       s_frexp.obj                   100     0         0      
       close.obj                     92      0         0      
       hostread.obj                  88      0         0      
       hostwrite.obj                 88      0         0      
       boot.obj                      84      0         0      
       ltoa.obj                      84      0         0      
       atoi.obj                      76      0         0      
       cpy_tbl.obj                   76      0         0      
       fd_toi_t2.obj                 72      0         0      
       hostclose.obj                 68      0         0      
       hostunlink.obj                68      0         0      
       fs_tod_t2.obj                 56      0         0      
       strncpy.obj                   54      0         0      
       i_tofd_t2.obj                 46      0         0      
       unlink.obj                    44      0         0      
       lseek.obj                     40      0         0      
       _lock.obj                     20      0         16     
       memchr.obj                    32      0         0      
       u_tofd_t2.obj                 32      0         0      
       memccpy.obj                   28      0         0      
       args_main.obj                 24      0         0      
       strcmp.obj                    24      0         0      
       strchr.obj                    22      0         0      
       s_copysign.obj                20      0         0      
       strcpy.obj                    20      0         0      
       strlen.obj                    20      0         0      
       copy_decompress_none.obj      14      0         0      
       copy_zero_init.obj            12      0         0      
       errno.obj                     0       0         8      
       stkdepth_vars.obj             0       0         8      
       pre_init.obj                  4       0         0      
       mpu_init.obj                  2       0         0      
       startup.obj                   2       0         0      
    +--+-----------------------------+-------+---------+---------+
       Total:                        12786   4353      1920   
                                                              
       Heap:                         0       0         4096   
       Stack:                        0       0         1024   
       Linker Generated:             0       182       0      
    +--+-----------------------------+-------+---------+---------+
       Grand Total:                  41190   4811      16572  


LINKER GENERATED COPY TABLES

__TI_cinit_table @ 0000b3b8 records: 2, size/record: 8, table size: 16
	.data: load addr=0000b310, load size=00000092 bytes, run addr=20000cd4, run size=0000098d bytes, compression=lzss
	.bss: load addr=0000b3b0, load size=00000008 bytes, run addr=20000000, run size=00000cd1 bytes, compression=zero_init


LINKER GENERATED HANDLER TABLE

__TI_handler_table @ 0000b3a4 records: 3, size/record: 4, table size: 12
	index: 0, handler: __TI_decompress_lzss
	index: 1, handler: __TI_decompress_none
	index: 2, handler: __TI_zero_init


GLOBAL SYMBOLS: SORTED ALPHABETICALLY BY Name 

address   name                                             
-------   ----                                             
00001223  ADC14_IRQHandler                                 
00001223  AES256_IRQHandler                                
00009d9b  BME280_I2C_bus_read                              
00009dc7  BME280_I2C_bus_write                             
0000a16f  BME280_delay_msek                                
20001600  BME_on                                           
20001601  BMI_on                                           
00001223  BusFault_Handler                                 
00009331  C$$EXIT                                          
00008acf  C$$IO$$                                          
00001223  COMP_E0_IRQHandler                               
00001223  COMP_E1_IRQHandler                               
00001223  CS_IRQHandler                                    
00009f45  CS_clearInterruptFlag                            
00006cb1  CS_getDCOFrequency                               
0000a029  CS_getMCLK                                       
0000a041  CS_getSMCLK                                      
0000a0b9  CS_setExternalClockSourceFrequency               
0000a1c3  CS_startHFXT                                     
000070d5  CS_startHFXTWithTimeout                          
0000a1c9  CS_startLFXT                                     
00007171  CS_startLFXTWithTimeout                          
00001223  DMA_ERR_IRQHandler                               
00001223  DMA_INT0_IRQHandler                              
00001223  DMA_INT1_IRQHandler                              
00001223  DMA_INT2_IRQHandler                              
00001223  DMA_INT3_IRQHandler                              
00001223  DebugMon_Handler                                 
00001223  Default_Handler                                  
00009f1d  DelayMs                                          
00009f69  EUSCIA0_IRQHandler                               
00009f69  EUSCIA0_IRQHandler                               
00001223  EUSCIA1_IRQHandler                               
00001223  EUSCIA2_IRQHandler                               
00001223  EUSCIA3_IRQHandler                               
00001223  EUSCIB0_IRQHandler                               
00006189  EUSCIB1_IRQHandler                               
00006189  EUSCIB1_IRQHandler                               
00001223  EUSCIB2_IRQHandler                               
00001223  EUSCIB3_IRQHandler                               
00001223  FLCTL_IRQHandler                                 
00001223  FPU_IRQHandler                                   
00009f8d  GPIO_setAsOutputPin                              
0000965d  GPIO_setAsPeripheralModuleFunctionOutputPin      
0000a0cd  GPIO_toggleOutputOnPin                           
00009a15  HOSTclose                                        
000089d1  HOSTlseek                                        
00008dc5  HOSTopen                                         
00008f39  HOSTread                                         
00008a39  HOSTrename                                       
00009a59  HOSTunlink                                       
00008f91  HOSTwrite                                        
00001223  HardFault_Handler                                
00009a9d  I2C_masterSendMultiByteStart                     
00009c99  I2C_routine                                      
00001223  MemManage_Handler                                
00001223  NMI_Handler                                      
20001603  OPT_on                                           
00001223  PCM_IRQHandler                                   
0000942d  PORT1_IRQHandler                                 
0000942d  PORT1_IRQHandler                                 
00001223  PORT2_IRQHandler                                 
00001223  PORT3_IRQHandler                                 
00001223  PORT4_IRQHandler                                 
0000998d  PORT5_IRQHandler                                 
0000998d  PORT5_IRQHandler                                 
00001223  PORT6_IRQHandler                                 
00001223  PSS_IRQHandler                                   
00001223  PendSV_Handler                                   
00001223  RTC_C_IRQHandler                                 
0000a17b  Reset_Handler                                    
UNDEFED   SHT$$INIT_ARRAY$$Base                            
UNDEFED   SHT$$INIT_ARRAY$$Limit                           
00001223  SVC_Handler                                      
0000a1cf  SysCtlDelay                                      
0000a131  SysCtl_A_disableNMISource                        
0000a141  SysCtl_A_enableNMISource                         
0000a151  SysCtl_A_getNMISourceStatus                      
00008fe9  SysCtl_A_getTLVInfo                              
00001223  SysTick_Handler                                  
000084f1  SystemInit                                       
00001223  T32_INT1_IRQHandler                              
00001223  T32_INT2_IRQHandler                              
00001223  T32_INTC_IRQHandler                              
0000a059  TA0_0_IRQHandler                                 
0000a059  TA0_0_IRQHandler                                 
00001223  TA0_N_IRQHandler                                 
00001223  TA1_0_IRQHandler                                 
00001223  TA1_N_IRQHandler                                 
00001223  TA2_0_IRQHandler                                 
00001223  TA2_N_IRQHandler                                 
00001223  TA3_0_IRQHandler                                 
00001223  TA3_N_IRQHandler                                 
20001602  TMP_on                                           
00001223  UsageFault_Handler                               
20001648  V_bmm150_maual_auto_condition_u8                 
2000164c  V_fifo_time_U32                                  
4000480c  WDTCTL_SYM                                       
0000a189  WDT_A_IRQHandler                                 
0000a189  WDT_A_IRQHandler                                 
200015be  WDTcount                                         
20000a44  __CIOBUF_                                        
20010000  __STACK_END                                      
00000200  __STACK_SIZE                                     
00000800  __SYSMEM_SIZE                                    
0000b3b8  __TI_CINIT_Base                                  
0000b3c8  __TI_CINIT_Limit                                 
0000b3a4  __TI_Handler_Table_Base                          
0000b3b0  __TI_Handler_Table_Limit                         
000086c9  __TI_auto_init                                   
000044b5  __TI_cleanup                                     
20001628  __TI_cleanup_ptr                                 
00007475  __TI_closefile                                   
00008967  __TI_decompress_lzss                             
0000a161  __TI_decompress_none                             
000066b1  __TI_doflush                                     
2000162c  __TI_dtors_ptr                                   
20001630  __TI_enable_exit_profile_output                  
20001618  __TI_ft_end                                      
ffffffff  __TI_pprof_out_hndl                              
00000929  __TI_printfi                                     
ffffffff  __TI_prof_data_size                              
ffffffff  __TI_prof_data_start                             
00006f37  __TI_rd_ok                                       
00008ad3  __TI_readmsg                                     
00000000  __TI_static_base__                               
20000b64  __TI_tmpnams                                     
00008aa1  __TI_writemsg                                    
00006ed5  __TI_wrt_ok                                      
0000a1a1  __TI_zero_init                                   
000080ed  __aeabi_cdcmpeq                                  
000080ed  __aeabi_cdcmple                                  
00008173  __aeabi_cdrcmple                                 
000088f9  __aeabi_d2f                                      
00009945  __aeabi_d2iz                                     
000045bb  __aeabi_dadd                                     
000056f9  __aeabi_ddiv                                     
00005bb9  __aeabi_dmul                                     
000045b1  __aeabi_dsub                                     
00009cd1  __aeabi_f2d                                      
00009d6d  __aeabi_i2d                                      
00008475  __aeabi_memclr                                   
00008475  __aeabi_memclr4                                  
00008475  __aeabi_memclr8                                  
000072a9  __aeabi_memcpy                                   
000072a9  __aeabi_memcpy4                                  
000072a9  __aeabi_memcpy8                                  
00008477  __aeabi_memset                                   
00008477  __aeabi_memset4                                  
00008477  __aeabi_memset8                                  
20001624  __aeabi_stderr                                   
2000161c  __aeabi_stdin                                    
20001620  __aeabi_stdout                                   
00009fd1  __aeabi_ui2d                                     
000041f9  __aeabi_uldivmod                                 
ffffffff  __binit__                                        
ffffffff  __c_args__                                       
00004767  __mpu_init                                       
2000fe00  __stack                                          
0000a071  _args_main                                       
000092dd  _c_int00                                         
0000b1d8  _ctypes_                                         
200014f4  _device                                          
20001404  _ftable                                          
20001640  _lock                                            
0000a0ef  _nop                                             
0000a0e7  _register_lock                                   
0000a0e1  _register_unlock                                 
2000156c  _stream                                          
20001668  _sys_memory                                      
0000582f  _system_post_cinit                               
0000a1d5  _system_pre_init                                 
20001644  _unlock                                          
200015e0  a_x                                              
200015e4  a_y                                              
200015e8  a_z                                              
00009335  abort                                            
20000000  accel_fifo                                       
20000cca  accel_off_x                                      
20000ccb  accel_off_y                                      
20000ccc  accel_off_z                                      
20000ccd  accel_rate                                       
20000c80  accelxyz                                         
0000978d  atoi                                             
ffffffff  binit                                            
20000c04  bme280                                           
000069c1  bme280_compensate_humidity_int32                 
00005965  bme280_compensate_pressure_int32                 
000083f9  bme280_compensate_temperature_int32              
00006099  bme280_data_readout_template                     
00004769  bme280_get_calib_param                           
0000903d  bme280_get_power_mode                            
00009091  bme280_get_standby_durn                          
00008e25  bme280_init                                      
00008b09  bme280_read_pressure_temperature_humidity        
000096f5  bme280_read_register                             
00008e81  bme280_read_uncomp_humidity                      
00008b6d  bme280_read_uncomp_pressure                      
00007345  bme280_read_uncomp_pressure_temperature_humidity 
00008bd1  bme280_read_uncomp_temperature                   
00004909  bme280_set_oversamp_humidity                     
000051d5  bme280_set_oversamp_pressure                     
00004da5  bme280_set_oversamp_temperature                  
00004c2d  bme280_set_power_mode                            
000099d1  bme280_set_soft_rst                              
00004f11  bme280_set_standby_durn                          
00009741  bme280_write_register                            
00003da9  bmi160_accel_foc_trigger_xyz                     
00006779  bmi160_bmm150_mag_compensate_X                   
0000683d  bmi160_bmm150_mag_compensate_Y                   
000075a5  bmi160_bmm150_mag_compensate_Z                   
000093d9  bmi160_bmm150_mag_compensate_xyz                 
00003b0d  bmi160_bmm150_mag_interface_init                 
00005075  bmi160_bmm150_mag_set_power_mode                 
00006439  bmi160_bmm150_mag_wakeup                         
00001225  bmi160_config_running_mode                       
0000a195  bmi160_delay_ms                                  
00009add  bmi160_fifo_data                                 
0000947d  bmi160_get_accel_offset_compensation_xaxis       
000094cd  bmi160_get_accel_offset_compensation_yaxis       
0000951d  bmi160_get_accel_offset_compensation_zaxis       
0000956d  bmi160_get_accel_output_data_rate                
000090e5  bmi160_get_foc_rdy                               
00006d69  bmi160_get_gyro_offset_compensation_xaxis        
00006a7d  bmi160_get_gyro_offset_compensation_yaxis        
00006b39  bmi160_get_gyro_offset_compensation_zaxis        
00009139  bmi160_get_if_mode                               
0000918d  bmi160_get_mag_manual_enable                     
000095bd  bmi160_get_mag_power_mode_stat                   
000091e1  bmi160_get_paging_enable                         
00009235  bmi160_get_pullup_configuration                  
00009289  bmi160_get_target_page                           
00009d3f  bmi160_i2c_burst_read                            
00009df3  bmi160_i2c_bus_read                              
00009e1f  bmi160_i2c_bus_write                             
00008c35  bmi160_init                                      
00009c5d  bmi160_initialize_sensor                         
000081f9  bmi160_interrupt_configuration                   
00008569  bmi160_read_accel_xyz                            
00002c61  bmi160_read_bmm150_mag_trim                      
00001c7d  bmi160_read_fifo_header_data                     
000085e1  bmi160_read_gyro_xyz                             
00006901  bmi160_read_mag_xyzr                             
0000986d  bmi160_read_reg                                  
000076cd  bmi160_set_accel_bw                              
00008279  bmi160_set_accel_offset_enable                   
000073dd  bmi160_set_accel_output_data_rate                
00005a95  bmi160_set_bmm150_mag_and_secondary_if_power_mode
000034dd  bmi160_set_bmm150_mag_presetmode                 
00009b1d  bmi160_set_command_register                      
0000775d  bmi160_set_fifo_accel_enable                     
000077ed  bmi160_set_fifo_gyro_enable                      
0000787d  bmi160_set_fifo_header_enable                    
0000790d  bmi160_set_fifo_mag_enable                       
0000799d  bmi160_set_fifo_stop_on_full                     
00007a2d  bmi160_set_fifo_time_enable                      
00009b5d  bmi160_set_fifo_wm                               
00004aa1  bmi160_set_foc_gyro_enable                       
00007abd  bmi160_set_gyro_bw                               
000082f9  bmi160_set_gyro_offset_enable                    
000065e1  bmi160_set_gyro_output_data_rate                 
00007b4d  bmi160_set_gyro_range                            
00007bdd  bmi160_set_gyro_sleep_state                      
00007c6d  bmi160_set_gyro_sleep_trigger                    
00007cfd  bmi160_set_gyro_wakeup_intr                      
00007d8d  bmi160_set_gyro_wakeup_trigger                   
00008379  bmi160_set_i2c_device_addr                       
00007e1d  bmi160_set_if_mode                               
00003835  bmi160_set_intr_enable_0                         
0000532d  bmi160_set_intr_enable_2                         
00005db1  bmi160_set_intr_fifo_wm                          
00005ea9  bmi160_set_intr_level                            
00007ead  bmi160_set_mag_manual_enable                     
0000702d  bmi160_set_mag_output_data_rate                  
00009b9d  bmi160_set_mag_read_addr                         
00009bdd  bmi160_set_mag_write_addr                        
00009c1d  bmi160_set_mag_write_data                        
00005fa1  bmi160_set_output_enable                         
00007f3d  bmi160_set_paging_enable                         
00007fcd  bmi160_set_pullup_configuration                  
0000805d  bmi160_set_target_page                           
000098b5  bmi160_write_reg                                 
20001660  burstMode                                        
000034ad  calloc                                           
00008edd  close                                            
20000ca4  convertedLux                                     
000097d9  copy_in                                          
0000a0f5  copysign                                         
0000a0f5  copysignl                                        
20001650  errno                                            
0000933d  exit                                             
00003ff9  exp2                                             
00003ff9  exp2l                                            
000074db  fclose                                           
000066fd  fflush                                           
00008739  finddevice                                       
0000450b  fopen                                            
0000750d  fputc                                            
00005831  fputs                                            
000031f7  free                                             
000044e1  freopen                                          
00008cfd  frexp                                            
00008cfd  frexpl                                           
00008c99  fseek                                            
20000ca8  g_ui32ByteCount                                  
00008763  getdevice                                        
2000036c  gyro_fifo                                        
20000cbe  gyro_off_x                                       
20000cc0  gyro_off_y                                       
20000cc2  gyro_off_z                                       
200015bd  gyro_range_set                                   
20000c86  gyroxyz                                          
20001604  i2cConfig                                        
000098fd  i2c_routine                                      
00009ff1  initI2C                                          
00000000  interruptVectors                                 
00005cb5  ldexp                                            
00005cb5  ldexpl                                           
00009ea5  lseek                                            
00009385  ltoa                                             
200015c4  m_x                                              
200015c8  m_y                                              
200015cc  m_z                                              
200006d8  mag_fifo                                         
0000264d  main                                             
2000165c  main_func_sp                                     
0000318d  malloc                                           
000033c1  memalign                                         
0000a00d  memccpy                                          
00009fb1  memchr                                           
000072a9  memcpy                                           
0000847d  memset                                           
0000310d  minit                                            
00006bf5  open                                             
20000cac  pData                                            
20000c78  parmbuf                                          
000087b1  printf                                           
0000750d  putc                                             
00007591  putchar                                          
0000593d  puts                                             
20000cc4  rawData                                          
20000cc6  rawObjTemp                                       
20000cc8  rawTemp                                          
00005485  readBurstI2C                                     
000055c1  readI2C                                          
000032b7  realloc                                          
200015ec  recipNorm                                        
00009e4d  remove                                           
20000cb0  returnRslt                                       
20000cce  returnValue                                      
20000c8c  s_accelXYZ                                       
20000c40  s_bmi160                                         
20000c92  s_gyroXYZ                                        
20000c64  s_magcompXYZ                                     
200015f0  sampleRate                                       
200015c2  sample_flag                                      
00005cb5  scalbn                                           
00005cb5  scalbnl                                          
200015c0  secondcount                                      
200015dc  sensitivity                                      
00008819  sensorOpt3001Convert                             
00009e79  sensorOpt3001Enable                              
0000a1ad  sensorOpt3001Init                                
00008d61  sensorOpt3001Read                                
0000960d  sensorTmp007Convert                              
00008889  sensorTmp007Enable                               
0000a1b9  sensorTmp007Init                                 
0000650d  sensorTmp007Read                                 
00006e21  setSystemClock                                   
0000635d  setvbuf                                          
00007639  snprintf                                         
00009ef5  startCrystalOscillator                           
0000a0a1  strchr                                           
0000a089  strcmp                                           
0000a109  strcpy                                           
0000a11d  strlen                                           
00009d09  strncpy                                          
20000cb4  tObjAmb                                          
20000cb8  tObjTemp                                         
200010d4  test                                             
200015f4  theta_x                                          
200015f8  theta_y                                          
200015fc  theta_z                                          
00006f81  uartReceive                                      
20000ccf  ui8DummyRead                                     
20000cd0  ui8Status                                        
00009e4d  unlink                                           
20000cd4  v_fifo_data_u8                                   
200015d0  w_x                                              
200015d4  w_y                                              
200015d8  w_z                                              
200015bc  wdtWakeUpPeriodIndex                             
00009ecd  write                                            
00006275  writeI2C                                         


GLOBAL SYMBOLS: SORTED BY Symbol Address 

address   name                                             
-------   ----                                             
00000000  __TI_static_base__                               
00000000  interruptVectors                                 
00000200  __STACK_SIZE                                     
00000800  __SYSMEM_SIZE                                    
00000929  __TI_printfi                                     
00001223  ADC14_IRQHandler                                 
00001223  AES256_IRQHandler                                
00001223  BusFault_Handler                                 
00001223  COMP_E0_IRQHandler                               
00001223  COMP_E1_IRQHandler                               
00001223  CS_IRQHandler                                    
00001223  DMA_ERR_IRQHandler                               
00001223  DMA_INT0_IRQHandler                              
00001223  DMA_INT1_IRQHandler                              
00001223  DMA_INT2_IRQHandler                              
00001223  DMA_INT3_IRQHandler                              
00001223  DebugMon_Handler                                 
00001223  Default_Handler                                  
00001223  EUSCIA1_IRQHandler                               
00001223  EUSCIA2_IRQHandler                               
00001223  EUSCIA3_IRQHandler                               
00001223  EUSCIB0_IRQHandler                               
00001223  EUSCIB2_IRQHandler                               
00001223  EUSCIB3_IRQHandler                               
00001223  FLCTL_IRQHandler                                 
00001223  FPU_IRQHandler                                   
00001223  HardFault_Handler                                
00001223  MemManage_Handler                                
00001223  NMI_Handler                                      
00001223  PCM_IRQHandler                                   
00001223  PORT2_IRQHandler                                 
00001223  PORT3_IRQHandler                                 
00001223  PORT4_IRQHandler                                 
00001223  PORT6_IRQHandler                                 
00001223  PSS_IRQHandler                                   
00001223  PendSV_Handler                                   
00001223  RTC_C_IRQHandler                                 
00001223  SVC_Handler                                      
00001223  SysTick_Handler                                  
00001223  T32_INT1_IRQHandler                              
00001223  T32_INT2_IRQHandler                              
00001223  T32_INTC_IRQHandler                              
00001223  TA0_N_IRQHandler                                 
00001223  TA1_0_IRQHandler                                 
00001223  TA1_N_IRQHandler                                 
00001223  TA2_0_IRQHandler                                 
00001223  TA2_N_IRQHandler                                 
00001223  TA3_0_IRQHandler                                 
00001223  TA3_N_IRQHandler                                 
00001223  UsageFault_Handler                               
00001225  bmi160_config_running_mode                       
00001c7d  bmi160_read_fifo_header_data                     
0000264d  main                                             
00002c61  bmi160_read_bmm150_mag_trim                      
0000310d  minit                                            
0000318d  malloc                                           
000031f7  free                                             
000032b7  realloc                                          
000033c1  memalign                                         
000034ad  calloc                                           
000034dd  bmi160_set_bmm150_mag_presetmode                 
00003835  bmi160_set_intr_enable_0                         
00003b0d  bmi160_bmm150_mag_interface_init                 
00003da9  bmi160_accel_foc_trigger_xyz                     
00003ff9  exp2                                             
00003ff9  exp2l                                            
000041f9  __aeabi_uldivmod                                 
000044b5  __TI_cleanup                                     
000044e1  freopen                                          
0000450b  fopen                                            
000045b1  __aeabi_dsub                                     
000045bb  __aeabi_dadd                                     
00004767  __mpu_init                                       
00004769  bme280_get_calib_param                           
00004909  bme280_set_oversamp_humidity                     
00004aa1  bmi160_set_foc_gyro_enable                       
00004c2d  bme280_set_power_mode                            
00004da5  bme280_set_oversamp_temperature                  
00004f11  bme280_set_standby_durn                          
00005075  bmi160_bmm150_mag_set_power_mode                 
000051d5  bme280_set_oversamp_pressure                     
0000532d  bmi160_set_intr_enable_2                         
00005485  readBurstI2C                                     
000055c1  readI2C                                          
000056f9  __aeabi_ddiv                                     
0000582f  _system_post_cinit                               
00005831  fputs                                            
0000593d  puts                                             
00005965  bme280_compensate_pressure_int32                 
00005a95  bmi160_set_bmm150_mag_and_secondary_if_power_mode
00005bb9  __aeabi_dmul                                     
00005cb5  ldexp                                            
00005cb5  ldexpl                                           
00005cb5  scalbn                                           
00005cb5  scalbnl                                          
00005db1  bmi160_set_intr_fifo_wm                          
00005ea9  bmi160_set_intr_level                            
00005fa1  bmi160_set_output_enable                         
00006099  bme280_data_readout_template                     
00006189  EUSCIB1_IRQHandler                               
00006189  EUSCIB1_IRQHandler                               
00006275  writeI2C                                         
0000635d  setvbuf                                          
00006439  bmi160_bmm150_mag_wakeup                         
0000650d  sensorTmp007Read                                 
000065e1  bmi160_set_gyro_output_data_rate                 
000066b1  __TI_doflush                                     
000066fd  fflush                                           
00006779  bmi160_bmm150_mag_compensate_X                   
0000683d  bmi160_bmm150_mag_compensate_Y                   
00006901  bmi160_read_mag_xyzr                             
000069c1  bme280_compensate_humidity_int32                 
00006a7d  bmi160_get_gyro_offset_compensation_yaxis        
00006b39  bmi160_get_gyro_offset_compensation_zaxis        
00006bf5  open                                             
00006cb1  CS_getDCOFrequency                               
00006d69  bmi160_get_gyro_offset_compensation_xaxis        
00006e21  setSystemClock                                   
00006ed5  __TI_wrt_ok                                      
00006f37  __TI_rd_ok                                       
00006f81  uartReceive                                      
0000702d  bmi160_set_mag_output_data_rate                  
000070d5  CS_startHFXTWithTimeout                          
00007171  CS_startLFXTWithTimeout                          
000072a9  __aeabi_memcpy                                   
000072a9  __aeabi_memcpy4                                  
000072a9  __aeabi_memcpy8                                  
000072a9  memcpy                                           
00007345  bme280_read_uncomp_pressure_temperature_humidity 
000073dd  bmi160_set_accel_output_data_rate                
00007475  __TI_closefile                                   
000074db  fclose                                           
0000750d  fputc                                            
0000750d  putc                                             
00007591  putchar                                          
000075a5  bmi160_bmm150_mag_compensate_Z                   
00007639  snprintf                                         
000076cd  bmi160_set_accel_bw                              
0000775d  bmi160_set_fifo_accel_enable                     
000077ed  bmi160_set_fifo_gyro_enable                      
0000787d  bmi160_set_fifo_header_enable                    
0000790d  bmi160_set_fifo_mag_enable                       
0000799d  bmi160_set_fifo_stop_on_full                     
00007a2d  bmi160_set_fifo_time_enable                      
00007abd  bmi160_set_gyro_bw                               
00007b4d  bmi160_set_gyro_range                            
00007bdd  bmi160_set_gyro_sleep_state                      
00007c6d  bmi160_set_gyro_sleep_trigger                    
00007cfd  bmi160_set_gyro_wakeup_intr                      
00007d8d  bmi160_set_gyro_wakeup_trigger                   
00007e1d  bmi160_set_if_mode                               
00007ead  bmi160_set_mag_manual_enable                     
00007f3d  bmi160_set_paging_enable                         
00007fcd  bmi160_set_pullup_configuration                  
0000805d  bmi160_set_target_page                           
000080ed  __aeabi_cdcmpeq                                  
000080ed  __aeabi_cdcmple                                  
00008173  __aeabi_cdrcmple                                 
000081f9  bmi160_interrupt_configuration                   
00008279  bmi160_set_accel_offset_enable                   
000082f9  bmi160_set_gyro_offset_enable                    
00008379  bmi160_set_i2c_device_addr                       
000083f9  bme280_compensate_temperature_int32              
00008475  __aeabi_memclr                                   
00008475  __aeabi_memclr4                                  
00008475  __aeabi_memclr8                                  
00008477  __aeabi_memset                                   
00008477  __aeabi_memset4                                  
00008477  __aeabi_memset8                                  
0000847d  memset                                           
000084f1  SystemInit                                       
00008569  bmi160_read_accel_xyz                            
000085e1  bmi160_read_gyro_xyz                             
000086c9  __TI_auto_init                                   
00008739  finddevice                                       
00008763  getdevice                                        
000087b1  printf                                           
00008819  sensorOpt3001Convert                             
00008889  sensorTmp007Enable                               
000088f9  __aeabi_d2f                                      
00008967  __TI_decompress_lzss                             
000089d1  HOSTlseek                                        
00008a39  HOSTrename                                       
00008aa1  __TI_writemsg                                    
00008acf  C$$IO$$                                          
00008ad3  __TI_readmsg                                     
00008b09  bme280_read_pressure_temperature_humidity        
00008b6d  bme280_read_uncomp_pressure                      
00008bd1  bme280_read_uncomp_temperature                   
00008c35  bmi160_init                                      
00008c99  fseek                                            
00008cfd  frexp                                            
00008cfd  frexpl                                           
00008d61  sensorOpt3001Read                                
00008dc5  HOSTopen                                         
00008e25  bme280_init                                      
00008e81  bme280_read_uncomp_humidity                      
00008edd  close                                            
00008f39  HOSTread                                         
00008f91  HOSTwrite                                        
00008fe9  SysCtl_A_getTLVInfo                              
0000903d  bme280_get_power_mode                            
00009091  bme280_get_standby_durn                          
000090e5  bmi160_get_foc_rdy                               
00009139  bmi160_get_if_mode                               
0000918d  bmi160_get_mag_manual_enable                     
000091e1  bmi160_get_paging_enable                         
00009235  bmi160_get_pullup_configuration                  
00009289  bmi160_get_target_page                           
000092dd  _c_int00                                         
00009331  C$$EXIT                                          
00009335  abort                                            
0000933d  exit                                             
00009385  ltoa                                             
000093d9  bmi160_bmm150_mag_compensate_xyz                 
0000942d  PORT1_IRQHandler                                 
0000942d  PORT1_IRQHandler                                 
0000947d  bmi160_get_accel_offset_compensation_xaxis       
000094cd  bmi160_get_accel_offset_compensation_yaxis       
0000951d  bmi160_get_accel_offset_compensation_zaxis       
0000956d  bmi160_get_accel_output_data_rate                
000095bd  bmi160_get_mag_power_mode_stat                   
0000960d  sensorTmp007Convert                              
0000965d  GPIO_setAsPeripheralModuleFunctionOutputPin      
000096f5  bme280_read_register                             
00009741  bme280_write_register                            
0000978d  atoi                                             
000097d9  copy_in                                          
0000986d  bmi160_read_reg                                  
000098b5  bmi160_write_reg                                 
000098fd  i2c_routine                                      
00009945  __aeabi_d2iz                                     
0000998d  PORT5_IRQHandler                                 
0000998d  PORT5_IRQHandler                                 
000099d1  bme280_set_soft_rst                              
00009a15  HOSTclose                                        
00009a59  HOSTunlink                                       
00009a9d  I2C_masterSendMultiByteStart                     
00009add  bmi160_fifo_data                                 
00009b1d  bmi160_set_command_register                      
00009b5d  bmi160_set_fifo_wm                               
00009b9d  bmi160_set_mag_read_addr                         
00009bdd  bmi160_set_mag_write_addr                        
00009c1d  bmi160_set_mag_write_data                        
00009c5d  bmi160_initialize_sensor                         
00009c99  I2C_routine                                      
00009cd1  __aeabi_f2d                                      
00009d09  strncpy                                          
00009d3f  bmi160_i2c_burst_read                            
00009d6d  __aeabi_i2d                                      
00009d9b  BME280_I2C_bus_read                              
00009dc7  BME280_I2C_bus_write                             
00009df3  bmi160_i2c_bus_read                              
00009e1f  bmi160_i2c_bus_write                             
00009e4d  remove                                           
00009e4d  unlink                                           
00009e79  sensorOpt3001Enable                              
00009ea5  lseek                                            
00009ecd  write                                            
00009ef5  startCrystalOscillator                           
00009f1d  DelayMs                                          
00009f45  CS_clearInterruptFlag                            
00009f69  EUSCIA0_IRQHandler                               
00009f69  EUSCIA0_IRQHandler                               
00009f8d  GPIO_setAsOutputPin                              
00009fb1  memchr                                           
00009fd1  __aeabi_ui2d                                     
00009ff1  initI2C                                          
0000a00d  memccpy                                          
0000a029  CS_getMCLK                                       
0000a041  CS_getSMCLK                                      
0000a059  TA0_0_IRQHandler                                 
0000a059  TA0_0_IRQHandler                                 
0000a071  _args_main                                       
0000a089  strcmp                                           
0000a0a1  strchr                                           
0000a0b9  CS_setExternalClockSourceFrequency               
0000a0cd  GPIO_toggleOutputOnPin                           
0000a0e1  _register_unlock                                 
0000a0e7  _register_lock                                   
0000a0ef  _nop                                             
0000a0f5  copysign                                         
0000a0f5  copysignl                                        
0000a109  strcpy                                           
0000a11d  strlen                                           
0000a131  SysCtl_A_disableNMISource                        
0000a141  SysCtl_A_enableNMISource                         
0000a151  SysCtl_A_getNMISourceStatus                      
0000a161  __TI_decompress_none                             
0000a16f  BME280_delay_msek                                
0000a17b  Reset_Handler                                    
0000a189  WDT_A_IRQHandler                                 
0000a189  WDT_A_IRQHandler                                 
0000a195  bmi160_delay_ms                                  
0000a1a1  __TI_zero_init                                   
0000a1ad  sensorOpt3001Init                                
0000a1b9  sensorTmp007Init                                 
0000a1c3  CS_startHFXT                                     
0000a1c9  CS_startLFXT                                     
0000a1cf  SysCtlDelay                                      
0000a1d5  _system_pre_init                                 
0000b1d8  _ctypes_                                         
0000b3a4  __TI_Handler_Table_Base                          
0000b3b0  __TI_Handler_Table_Limit                         
0000b3b8  __TI_CINIT_Base                                  
0000b3c8  __TI_CINIT_Limit                                 
20000000  accel_fifo                                       
2000036c  gyro_fifo                                        
200006d8  mag_fifo                                         
20000a44  __CIOBUF_                                        
20000b64  __TI_tmpnams                                     
20000c04  bme280                                           
20000c40  s_bmi160                                         
20000c64  s_magcompXYZ                                     
20000c78  parmbuf                                          
20000c80  accelxyz                                         
20000c86  gyroxyz                                          
20000c8c  s_accelXYZ                                       
20000c92  s_gyroXYZ                                        
20000ca4  convertedLux                                     
20000ca8  g_ui32ByteCount                                  
20000cac  pData                                            
20000cb0  returnRslt                                       
20000cb4  tObjAmb                                          
20000cb8  tObjTemp                                         
20000cbe  gyro_off_x                                       
20000cc0  gyro_off_y                                       
20000cc2  gyro_off_z                                       
20000cc4  rawData                                          
20000cc6  rawObjTemp                                       
20000cc8  rawTemp                                          
20000cca  accel_off_x                                      
20000ccb  accel_off_y                                      
20000ccc  accel_off_z                                      
20000ccd  accel_rate                                       
20000cce  returnValue                                      
20000ccf  ui8DummyRead                                     
20000cd0  ui8Status                                        
20000cd4  v_fifo_data_u8                                   
200010d4  test                                             
20001404  _ftable                                          
200014f4  _device                                          
2000156c  _stream                                          
200015bc  wdtWakeUpPeriodIndex                             
200015bd  gyro_range_set                                   
200015be  WDTcount                                         
200015c0  secondcount                                      
200015c2  sample_flag                                      
200015c4  m_x                                              
200015c8  m_y                                              
200015cc  m_z                                              
200015d0  w_x                                              
200015d4  w_y                                              
200015d8  w_z                                              
200015dc  sensitivity                                      
200015e0  a_x                                              
200015e4  a_y                                              
200015e8  a_z                                              
200015ec  recipNorm                                        
200015f0  sampleRate                                       
200015f4  theta_x                                          
200015f8  theta_y                                          
200015fc  theta_z                                          
20001600  BME_on                                           
20001601  BMI_on                                           
20001602  TMP_on                                           
20001603  OPT_on                                           
20001604  i2cConfig                                        
20001618  __TI_ft_end                                      
2000161c  __aeabi_stdin                                    
20001620  __aeabi_stdout                                   
20001624  __aeabi_stderr                                   
20001628  __TI_cleanup_ptr                                 
2000162c  __TI_dtors_ptr                                   
20001630  __TI_enable_exit_profile_output                  
20001640  _lock                                            
20001644  _unlock                                          
20001648  V_bmm150_maual_auto_condition_u8                 
2000164c  V_fifo_time_U32                                  
20001650  errno                                            
2000165c  main_func_sp                                     
20001660  burstMode                                        
20001668  _sys_memory                                      
2000fe00  __stack                                          
20010000  __STACK_END                                      
4000480c  WDTCTL_SYM                                       
ffffffff  __TI_pprof_out_hndl                              
ffffffff  __TI_prof_data_size                              
ffffffff  __TI_prof_data_start                             
ffffffff  __binit__                                        
ffffffff  __c_args__                                       
ffffffff  binit                                            
UNDEFED   SHT$$INIT_ARRAY$$Base                            
UNDEFED   SHT$$INIT_ARRAY$$Limit                           

[394 symbols]
