<?xml version="1.0"?>
<link_info>
   <banner>TI ARM Linker PC v16.9.6.LTS</banner>
   <copyright>Copyright (c) 1996-2017 Texas Instruments Incorporated</copyright>
   <link_time>0x5a2034c7</link_time>
   <link_errors>0x0</link_errors>
   <output_file>boostxl_sensors_Madgwick_msp432.out</output_file>
   <entry_point>
      <name>_c_int00</name>
      <address>0x92dd</address>
   </entry_point>
   <input_file_list>
      <input_file id="fl-2">
         <path>.\</path>
         <kind>object</kind>
         <file>system_msp432p401r.obj</file>
         <name>system_msp432p401r.obj</name>
      </input_file>
      <input_file id="fl-3">
         <path>.\ccs\</path>
         <kind>object</kind>
         <file>startup_msp432p401r_ccs.obj</file>
         <name>startup_msp432p401r_ccs.obj</name>
      </input_file>
      <input_file id="fl-4">
         <path>.\src\</path>
         <kind>object</kind>
         <file>bme280.obj</file>
         <name>bme280.obj</name>
      </input_file>
      <input_file id="fl-5">
         <path>.\src\</path>
         <kind>object</kind>
         <file>bme280_support.obj</file>
         <name>bme280_support.obj</name>
      </input_file>
      <input_file id="fl-6">
         <path>.\src\</path>
         <kind>object</kind>
         <file>bmi160.obj</file>
         <name>bmi160.obj</name>
      </input_file>
      <input_file id="fl-7">
         <path>.\src\</path>
         <kind>object</kind>
         <file>bmi160_support.obj</file>
         <name>bmi160_support.obj</name>
      </input_file>
      <input_file id="fl-8">
         <path>.\src\</path>
         <kind>object</kind>
         <file>demo_sysctl.obj</file>
         <name>demo_sysctl.obj</name>
      </input_file>
      <input_file id="fl-9">
         <path>.\src\</path>
         <kind>object</kind>
         <file>i2c_driver.obj</file>
         <name>i2c_driver.obj</name>
      </input_file>
      <input_file id="fl-a">
         <path>.\src\</path>
         <kind>object</kind>
         <file>main.obj</file>
         <name>main.obj</name>
      </input_file>
      <input_file id="fl-b">
         <path>.\src\</path>
         <kind>object</kind>
         <file>opt3001.obj</file>
         <name>opt3001.obj</name>
      </input_file>
      <input_file id="fl-c">
         <path>.\src\</path>
         <kind>object</kind>
         <file>tmp007.obj</file>
         <name>tmp007.obj</name>
      </input_file>
      <input_file id="fl-d">
         <path>.\src\</path>
         <kind>object</kind>
         <file>uart_driver.obj</file>
         <name>uart_driver.obj</name>
      </input_file>
      <input_file id="fl-15">
         <kind>object</kind>
         <file>&lt;internal&gt;</file>
         <name>&lt;internal&gt;</name>
      </input_file>
      <input_file id="fl-16">
         <path>C:\ti\simplelink_msp432p4_sdk_1_50_00_12\source\ti\devices\msp432p4xx\driverlib\ccs\</path>
         <kind>archive</kind>
         <file>msp432p4xx_driverlib.lib</file>
         <name>cs_MSP432P4XX.obj</name>
      </input_file>
      <input_file id="fl-17">
         <path>C:\ti\simplelink_msp432p4_sdk_1_50_00_12\source\ti\devices\msp432p4xx\driverlib\ccs\</path>
         <kind>archive</kind>
         <file>msp432p4xx_driverlib.lib</file>
         <name>gpio_MSP432P4XX.obj</name>
      </input_file>
      <input_file id="fl-18">
         <path>C:\ti\simplelink_msp432p4_sdk_1_50_00_12\source\ti\devices\msp432p4xx\driverlib\ccs\</path>
         <kind>archive</kind>
         <file>msp432p4xx_driverlib.lib</file>
         <name>i2c_MSP432P4XX.obj</name>
      </input_file>
      <input_file id="fl-19">
         <path>C:\ti\simplelink_msp432p4_sdk_1_50_00_12\source\ti\devices\msp432p4xx\driverlib\ccs\</path>
         <kind>archive</kind>
         <file>msp432p4xx_driverlib.lib</file>
         <name>interrupt_MSP432P4XX.obj</name>
      </input_file>
      <input_file id="fl-1a">
         <path>C:\ti\simplelink_msp432p4_sdk_1_50_00_12\source\ti\devices\msp432p4xx\driverlib\ccs\</path>
         <kind>archive</kind>
         <file>msp432p4xx_driverlib.lib</file>
         <name>sysctl_a_MSP432P4XX.obj</name>
      </input_file>
      <input_file id="fl-1b">
         <path>C:\ti\simplelink_msp432p4_sdk_1_50_00_12\source\ti\devices\msp432p4xx\driverlib\ccs\</path>
         <kind>archive</kind>
         <file>msp432p4xx_driverlib.lib</file>
         <name>uart_MSP432P4XX.obj</name>
      </input_file>
      <input_file id="fl-1c">
         <path>C:\ti\simplelink_msp432p4_sdk_1_50_00_12\source\ti\devices\msp432p4xx\driverlib\ccs\</path>
         <kind>archive</kind>
         <file>msp432p4xx_driverlib.lib</file>
         <name>cpu_MSP432P4XX.obj</name>
      </input_file>
      <input_file id="fl-d2">
         <path>C:\ti\ccsv7\tools\compiler\ti-cgt-arm_16.9.6.LTS\lib\</path>
         <kind>archive</kind>
         <file>rtsv7M4_T_le_v4SPD16_eabi.lib</file>
         <name>boot.obj</name>
      </input_file>
      <input_file id="fl-d3">
         <path>C:\ti\ccsv7\tools\compiler\ti-cgt-arm_16.9.6.LTS\lib\</path>
         <kind>archive</kind>
         <file>rtsv7M4_T_le_v4SPD16_eabi.lib</file>
         <name>copy_decompress_lzss.obj</name>
      </input_file>
      <input_file id="fl-d4">
         <path>C:\ti\ccsv7\tools\compiler\ti-cgt-arm_16.9.6.LTS\lib\</path>
         <kind>archive</kind>
         <file>rtsv7M4_T_le_v4SPD16_eabi.lib</file>
         <name>copy_decompress_none.obj</name>
      </input_file>
      <input_file id="fl-d5">
         <path>C:\ti\ccsv7\tools\compiler\ti-cgt-arm_16.9.6.LTS\lib\</path>
         <kind>archive</kind>
         <file>rtsv7M4_T_le_v4SPD16_eabi.lib</file>
         <name>copy_zero_init.obj</name>
      </input_file>
      <input_file id="fl-d6">
         <path>C:\ti\ccsv7\tools\compiler\ti-cgt-arm_16.9.6.LTS\lib\</path>
         <kind>archive</kind>
         <file>rtsv7M4_T_le_v4SPD16_eabi.lib</file>
         <name>exit.obj</name>
      </input_file>
      <input_file id="fl-d7">
         <path>C:\ti\ccsv7\tools\compiler\ti-cgt-arm_16.9.6.LTS\lib\</path>
         <kind>archive</kind>
         <file>rtsv7M4_T_le_v4SPD16_eabi.lib</file>
         <name>fd_add_t2.obj</name>
      </input_file>
      <input_file id="fl-d8">
         <path>C:\ti\ccsv7\tools\compiler\ti-cgt-arm_16.9.6.LTS\lib\</path>
         <kind>archive</kind>
         <file>rtsv7M4_T_le_v4SPD16_eabi.lib</file>
         <name>fd_cmp_t2.obj</name>
      </input_file>
      <input_file id="fl-d9">
         <path>C:\ti\ccsv7\tools\compiler\ti-cgt-arm_16.9.6.LTS\lib\</path>
         <kind>archive</kind>
         <file>rtsv7M4_T_le_v4SPD16_eabi.lib</file>
         <name>fd_div_t2.obj</name>
      </input_file>
      <input_file id="fl-da">
         <path>C:\ti\ccsv7\tools\compiler\ti-cgt-arm_16.9.6.LTS\lib\</path>
         <kind>archive</kind>
         <file>rtsv7M4_T_le_v4SPD16_eabi.lib</file>
         <name>fd_mul_t2.obj</name>
      </input_file>
      <input_file id="fl-db">
         <path>C:\ti\ccsv7\tools\compiler\ti-cgt-arm_16.9.6.LTS\lib\</path>
         <kind>archive</kind>
         <file>rtsv7M4_T_le_v4SPD16_eabi.lib</file>
         <name>fd_toi_t2.obj</name>
      </input_file>
      <input_file id="fl-dc">
         <path>C:\ti\ccsv7\tools\compiler\ti-cgt-arm_16.9.6.LTS\lib\</path>
         <kind>archive</kind>
         <file>rtsv7M4_T_le_v4SPD16_eabi.lib</file>
         <name>fd_tos_t2.obj</name>
      </input_file>
      <input_file id="fl-dd">
         <path>C:\ti\ccsv7\tools\compiler\ti-cgt-arm_16.9.6.LTS\lib\</path>
         <kind>archive</kind>
         <file>rtsv7M4_T_le_v4SPD16_eabi.lib</file>
         <name>fd_tou_t2.obj</name>
      </input_file>
      <input_file id="fl-de">
         <path>C:\ti\ccsv7\tools\compiler\ti-cgt-arm_16.9.6.LTS\lib\</path>
         <kind>archive</kind>
         <file>rtsv7M4_T_le_v4SPD16_eabi.lib</file>
         <name>fs_tod_t2.obj</name>
      </input_file>
      <input_file id="fl-df">
         <path>C:\ti\ccsv7\tools\compiler\ti-cgt-arm_16.9.6.LTS\lib\</path>
         <kind>archive</kind>
         <file>rtsv7M4_T_le_v4SPD16_eabi.lib</file>
         <name>i_tofd_t2.obj</name>
      </input_file>
      <input_file id="fl-e0">
         <path>C:\ti\ccsv7\tools\compiler\ti-cgt-arm_16.9.6.LTS\lib\</path>
         <kind>archive</kind>
         <file>rtsv7M4_T_le_v4SPD16_eabi.lib</file>
         <name>ll_div_t2.obj</name>
      </input_file>
      <input_file id="fl-e1">
         <path>C:\ti\ccsv7\tools\compiler\ti-cgt-arm_16.9.6.LTS\lib\</path>
         <kind>archive</kind>
         <file>rtsv7M4_T_le_v4SPD16_eabi.lib</file>
         <name>ll_mul_t2.obj</name>
      </input_file>
      <input_file id="fl-e2">
         <path>C:\ti\ccsv7\tools\compiler\ti-cgt-arm_16.9.6.LTS\lib\</path>
         <kind>archive</kind>
         <file>rtsv7M4_T_le_v4SPD16_eabi.lib</file>
         <name>memcpy_t2.obj</name>
      </input_file>
      <input_file id="fl-e3">
         <path>C:\ti\ccsv7\tools\compiler\ti-cgt-arm_16.9.6.LTS\lib\</path>
         <kind>archive</kind>
         <file>rtsv7M4_T_le_v4SPD16_eabi.lib</file>
         <name>memset_t2.obj</name>
      </input_file>
      <input_file id="fl-e4">
         <path>C:\ti\ccsv7\tools\compiler\ti-cgt-arm_16.9.6.LTS\lib\</path>
         <kind>archive</kind>
         <file>rtsv7M4_T_le_v4SPD16_eabi.lib</file>
         <name>mpu_init.obj</name>
      </input_file>
      <input_file id="fl-e5">
         <path>C:\ti\ccsv7\tools\compiler\ti-cgt-arm_16.9.6.LTS\lib\</path>
         <kind>archive</kind>
         <file>rtsv7M4_T_le_v4SPD16_eabi.lib</file>
         <name>pre_init.obj</name>
      </input_file>
      <input_file id="fl-e6">
         <path>C:\ti\ccsv7\tools\compiler\ti-cgt-arm_16.9.6.LTS\lib\</path>
         <kind>archive</kind>
         <file>rtsv7M4_T_le_v4SPD16_eabi.lib</file>
         <name>printf.obj</name>
      </input_file>
      <input_file id="fl-e7">
         <path>C:\ti\ccsv7\tools\compiler\ti-cgt-arm_16.9.6.LTS\lib\</path>
         <kind>archive</kind>
         <file>rtsv7M4_T_le_v4SPD16_eabi.lib</file>
         <name>s_exp2.obj</name>
      </input_file>
      <input_file id="fl-e8">
         <path>C:\ti\ccsv7\tools\compiler\ti-cgt-arm_16.9.6.LTS\lib\</path>
         <kind>archive</kind>
         <file>rtsv7M4_T_le_v4SPD16_eabi.lib</file>
         <name>snprintf.obj</name>
      </input_file>
      <input_file id="fl-e9">
         <path>C:\ti\ccsv7\tools\compiler\ti-cgt-arm_16.9.6.LTS\lib\</path>
         <kind>archive</kind>
         <file>rtsv7M4_T_le_v4SPD16_eabi.lib</file>
         <name>stkdepth_vars.obj</name>
      </input_file>
      <input_file id="fl-ea">
         <path>C:\ti\ccsv7\tools\compiler\ti-cgt-arm_16.9.6.LTS\lib\</path>
         <kind>archive</kind>
         <file>rtsv7M4_T_le_v4SPD16_eabi.lib</file>
         <name>strncpy.obj</name>
      </input_file>
      <input_file id="fl-eb">
         <path>C:\ti\ccsv7\tools\compiler\ti-cgt-arm_16.9.6.LTS\lib\</path>
         <kind>archive</kind>
         <file>rtsv7M4_T_le_v4SPD16_eabi.lib</file>
         <name>u_tofd_t2.obj</name>
      </input_file>
      <input_file id="fl-ec">
         <path>C:\ti\ccsv7\tools\compiler\ti-cgt-arm_16.9.6.LTS\lib\</path>
         <kind>archive</kind>
         <file>rtsv7M4_T_le_v4SPD16_eabi.lib</file>
         <name>_lock.obj</name>
      </input_file>
      <input_file id="fl-ed">
         <path>C:\ti\ccsv7\tools\compiler\ti-cgt-arm_16.9.6.LTS\lib\</path>
         <kind>archive</kind>
         <file>rtsv7M4_T_le_v4SPD16_eabi.lib</file>
         <name>_printfi.obj</name>
      </input_file>
      <input_file id="fl-ee">
         <path>C:\ti\ccsv7\tools\compiler\ti-cgt-arm_16.9.6.LTS\lib\</path>
         <kind>archive</kind>
         <file>rtsv7M4_T_le_v4SPD16_eabi.lib</file>
         <name>args_main.obj</name>
      </input_file>
      <input_file id="fl-ef">
         <path>C:\ti\ccsv7\tools\compiler\ti-cgt-arm_16.9.6.LTS\lib\</path>
         <kind>archive</kind>
         <file>rtsv7M4_T_le_v4SPD16_eabi.lib</file>
         <name>atoi.obj</name>
      </input_file>
      <input_file id="fl-f0">
         <path>C:\ti\ccsv7\tools\compiler\ti-cgt-arm_16.9.6.LTS\lib\</path>
         <kind>archive</kind>
         <file>rtsv7M4_T_le_v4SPD16_eabi.lib</file>
         <name>autoinit.obj</name>
      </input_file>
      <input_file id="fl-f1">
         <path>C:\ti\ccsv7\tools\compiler\ti-cgt-arm_16.9.6.LTS\lib\</path>
         <kind>archive</kind>
         <file>rtsv7M4_T_le_v4SPD16_eabi.lib</file>
         <name>cpy_tbl.obj</name>
      </input_file>
      <input_file id="fl-f2">
         <path>C:\ti\ccsv7\tools\compiler\ti-cgt-arm_16.9.6.LTS\lib\</path>
         <kind>archive</kind>
         <file>rtsv7M4_T_le_v4SPD16_eabi.lib</file>
         <name>ctype.obj</name>
      </input_file>
      <input_file id="fl-f3">
         <path>C:\ti\ccsv7\tools\compiler\ti-cgt-arm_16.9.6.LTS\lib\</path>
         <kind>archive</kind>
         <file>rtsv7M4_T_le_v4SPD16_eabi.lib</file>
         <name>defs.obj</name>
      </input_file>
      <input_file id="fl-f4">
         <path>C:\ti\ccsv7\tools\compiler\ti-cgt-arm_16.9.6.LTS\lib\</path>
         <kind>archive</kind>
         <file>rtsv7M4_T_le_v4SPD16_eabi.lib</file>
         <name>errno.obj</name>
      </input_file>
      <input_file id="fl-f5">
         <path>C:\ti\ccsv7\tools\compiler\ti-cgt-arm_16.9.6.LTS\lib\</path>
         <kind>archive</kind>
         <file>rtsv7M4_T_le_v4SPD16_eabi.lib</file>
         <name>fputc.obj</name>
      </input_file>
      <input_file id="fl-f6">
         <path>C:\ti\ccsv7\tools\compiler\ti-cgt-arm_16.9.6.LTS\lib\</path>
         <kind>archive</kind>
         <file>rtsv7M4_T_le_v4SPD16_eabi.lib</file>
         <name>fputs.obj</name>
      </input_file>
      <input_file id="fl-f7">
         <path>C:\ti\ccsv7\tools\compiler\ti-cgt-arm_16.9.6.LTS\lib\</path>
         <kind>archive</kind>
         <file>rtsv7M4_T_le_v4SPD16_eabi.lib</file>
         <name>l_div0.obj</name>
      </input_file>
      <input_file id="fl-f8">
         <path>C:\ti\ccsv7\tools\compiler\ti-cgt-arm_16.9.6.LTS\lib\</path>
         <kind>archive</kind>
         <file>rtsv7M4_T_le_v4SPD16_eabi.lib</file>
         <name>ltoa.obj</name>
      </input_file>
      <input_file id="fl-f9">
         <path>C:\ti\ccsv7\tools\compiler\ti-cgt-arm_16.9.6.LTS\lib\</path>
         <kind>archive</kind>
         <file>rtsv7M4_T_le_v4SPD16_eabi.lib</file>
         <name>memccpy.obj</name>
      </input_file>
      <input_file id="fl-fa">
         <path>C:\ti\ccsv7\tools\compiler\ti-cgt-arm_16.9.6.LTS\lib\</path>
         <kind>archive</kind>
         <file>rtsv7M4_T_le_v4SPD16_eabi.lib</file>
         <name>memchr.obj</name>
      </input_file>
      <input_file id="fl-fb">
         <path>C:\ti\ccsv7\tools\compiler\ti-cgt-arm_16.9.6.LTS\lib\</path>
         <kind>archive</kind>
         <file>rtsv7M4_T_le_v4SPD16_eabi.lib</file>
         <name>s_frexp.obj</name>
      </input_file>
      <input_file id="fl-fc">
         <path>C:\ti\ccsv7\tools\compiler\ti-cgt-arm_16.9.6.LTS\lib\</path>
         <kind>archive</kind>
         <file>rtsv7M4_T_le_v4SPD16_eabi.lib</file>
         <name>s_scalbn.obj</name>
      </input_file>
      <input_file id="fl-fd">
         <path>C:\ti\ccsv7\tools\compiler\ti-cgt-arm_16.9.6.LTS\lib\</path>
         <kind>archive</kind>
         <file>rtsv7M4_T_le_v4SPD16_eabi.lib</file>
         <name>startup.obj</name>
      </input_file>
      <input_file id="fl-fe">
         <path>C:\ti\ccsv7\tools\compiler\ti-cgt-arm_16.9.6.LTS\lib\</path>
         <kind>archive</kind>
         <file>rtsv7M4_T_le_v4SPD16_eabi.lib</file>
         <name>strchr.obj</name>
      </input_file>
      <input_file id="fl-ff">
         <path>C:\ti\ccsv7\tools\compiler\ti-cgt-arm_16.9.6.LTS\lib\</path>
         <kind>archive</kind>
         <file>rtsv7M4_T_le_v4SPD16_eabi.lib</file>
         <name>strlen.obj</name>
      </input_file>
      <input_file id="fl-100">
         <path>C:\ti\ccsv7\tools\compiler\ti-cgt-arm_16.9.6.LTS\lib\</path>
         <kind>archive</kind>
         <file>rtsv7M4_T_le_v4SPD16_eabi.lib</file>
         <name>ull_div_t2.obj</name>
      </input_file>
      <input_file id="fl-101">
         <path>C:\ti\ccsv7\tools\compiler\ti-cgt-arm_16.9.6.LTS\lib\</path>
         <kind>archive</kind>
         <file>rtsv7M4_T_le_v4SPD16_eabi.lib</file>
         <name>write.obj</name>
      </input_file>
      <input_file id="fl-102">
         <path>C:\ti\ccsv7\tools\compiler\ti-cgt-arm_16.9.6.LTS\lib\</path>
         <kind>archive</kind>
         <file>rtsv7M4_T_le_v4SPD16_eabi.lib</file>
         <name>_io_perm.obj</name>
      </input_file>
      <input_file id="fl-103">
         <path>C:\ti\ccsv7\tools\compiler\ti-cgt-arm_16.9.6.LTS\lib\</path>
         <kind>archive</kind>
         <file>rtsv7M4_T_le_v4SPD16_eabi.lib</file>
         <name>fflush.obj</name>
      </input_file>
      <input_file id="fl-104">
         <path>C:\ti\ccsv7\tools\compiler\ti-cgt-arm_16.9.6.LTS\lib\</path>
         <kind>archive</kind>
         <file>rtsv7M4_T_le_v4SPD16_eabi.lib</file>
         <name>fseek.obj</name>
      </input_file>
      <input_file id="fl-105">
         <path>C:\ti\ccsv7\tools\compiler\ti-cgt-arm_16.9.6.LTS\lib\</path>
         <kind>archive</kind>
         <file>rtsv7M4_T_le_v4SPD16_eabi.lib</file>
         <name>hostclose.obj</name>
      </input_file>
      <input_file id="fl-106">
         <path>C:\ti\ccsv7\tools\compiler\ti-cgt-arm_16.9.6.LTS\lib\</path>
         <kind>archive</kind>
         <file>rtsv7M4_T_le_v4SPD16_eabi.lib</file>
         <name>hostlseek.obj</name>
      </input_file>
      <input_file id="fl-107">
         <path>C:\ti\ccsv7\tools\compiler\ti-cgt-arm_16.9.6.LTS\lib\</path>
         <kind>archive</kind>
         <file>rtsv7M4_T_le_v4SPD16_eabi.lib</file>
         <name>hostopen.obj</name>
      </input_file>
      <input_file id="fl-108">
         <path>C:\ti\ccsv7\tools\compiler\ti-cgt-arm_16.9.6.LTS\lib\</path>
         <kind>archive</kind>
         <file>rtsv7M4_T_le_v4SPD16_eabi.lib</file>
         <name>hostread.obj</name>
      </input_file>
      <input_file id="fl-109">
         <path>C:\ti\ccsv7\tools\compiler\ti-cgt-arm_16.9.6.LTS\lib\</path>
         <kind>archive</kind>
         <file>rtsv7M4_T_le_v4SPD16_eabi.lib</file>
         <name>hostrename.obj</name>
      </input_file>
      <input_file id="fl-10a">
         <path>C:\ti\ccsv7\tools\compiler\ti-cgt-arm_16.9.6.LTS\lib\</path>
         <kind>archive</kind>
         <file>rtsv7M4_T_le_v4SPD16_eabi.lib</file>
         <name>hostunlink.obj</name>
      </input_file>
      <input_file id="fl-10b">
         <path>C:\ti\ccsv7\tools\compiler\ti-cgt-arm_16.9.6.LTS\lib\</path>
         <kind>archive</kind>
         <file>rtsv7M4_T_le_v4SPD16_eabi.lib</file>
         <name>hostwrite.obj</name>
      </input_file>
      <input_file id="fl-10c">
         <path>C:\ti\ccsv7\tools\compiler\ti-cgt-arm_16.9.6.LTS\lib\</path>
         <kind>archive</kind>
         <file>rtsv7M4_T_le_v4SPD16_eabi.lib</file>
         <name>lseek.obj</name>
      </input_file>
      <input_file id="fl-10d">
         <path>C:\ti\ccsv7\tools\compiler\ti-cgt-arm_16.9.6.LTS\lib\</path>
         <kind>archive</kind>
         <file>rtsv7M4_T_le_v4SPD16_eabi.lib</file>
         <name>s_copysign.obj</name>
      </input_file>
      <input_file id="fl-10e">
         <path>C:\ti\ccsv7\tools\compiler\ti-cgt-arm_16.9.6.LTS\lib\</path>
         <kind>archive</kind>
         <file>rtsv7M4_T_le_v4SPD16_eabi.lib</file>
         <name>setvbuf.obj</name>
      </input_file>
      <input_file id="fl-10f">
         <path>C:\ti\ccsv7\tools\compiler\ti-cgt-arm_16.9.6.LTS\lib\</path>
         <kind>archive</kind>
         <file>rtsv7M4_T_le_v4SPD16_eabi.lib</file>
         <name>strcpy.obj</name>
      </input_file>
      <input_file id="fl-110">
         <path>C:\ti\ccsv7\tools\compiler\ti-cgt-arm_16.9.6.LTS\lib\</path>
         <kind>archive</kind>
         <file>rtsv7M4_T_le_v4SPD16_eabi.lib</file>
         <name>trgmsg.obj</name>
      </input_file>
      <input_file id="fl-111">
         <path>C:\ti\ccsv7\tools\compiler\ti-cgt-arm_16.9.6.LTS\lib\</path>
         <kind>archive</kind>
         <file>rtsv7M4_T_le_v4SPD16_eabi.lib</file>
         <name>fopen.obj</name>
      </input_file>
      <input_file id="fl-112">
         <path>C:\ti\ccsv7\tools\compiler\ti-cgt-arm_16.9.6.LTS\lib\</path>
         <kind>archive</kind>
         <file>rtsv7M4_T_le_v4SPD16_eabi.lib</file>
         <name>memory.obj</name>
      </input_file>
      <input_file id="fl-113">
         <path>C:\ti\ccsv7\tools\compiler\ti-cgt-arm_16.9.6.LTS\lib\</path>
         <kind>archive</kind>
         <file>rtsv7M4_T_le_v4SPD16_eabi.lib</file>
         <name>open.obj</name>
      </input_file>
      <input_file id="fl-114">
         <path>C:\ti\ccsv7\tools\compiler\ti-cgt-arm_16.9.6.LTS\lib\</path>
         <kind>archive</kind>
         <file>rtsv7M4_T_le_v4SPD16_eabi.lib</file>
         <name>fclose.obj</name>
      </input_file>
      <input_file id="fl-115">
         <path>C:\ti\ccsv7\tools\compiler\ti-cgt-arm_16.9.6.LTS\lib\</path>
         <kind>archive</kind>
         <file>rtsv7M4_T_le_v4SPD16_eabi.lib</file>
         <name>getdevice.obj</name>
      </input_file>
      <input_file id="fl-116">
         <path>C:\ti\ccsv7\tools\compiler\ti-cgt-arm_16.9.6.LTS\lib\</path>
         <kind>archive</kind>
         <file>rtsv7M4_T_le_v4SPD16_eabi.lib</file>
         <name>remove.obj</name>
      </input_file>
      <input_file id="fl-117">
         <path>C:\ti\ccsv7\tools\compiler\ti-cgt-arm_16.9.6.LTS\lib\</path>
         <kind>archive</kind>
         <file>rtsv7M4_T_le_v4SPD16_eabi.lib</file>
         <name>strcmp.obj</name>
      </input_file>
      <input_file id="fl-118">
         <path>C:\ti\ccsv7\tools\compiler\ti-cgt-arm_16.9.6.LTS\lib\</path>
         <kind>archive</kind>
         <file>rtsv7M4_T_le_v4SPD16_eabi.lib</file>
         <name>unlink.obj</name>
      </input_file>
      <input_file id="fl-119">
         <path>C:\ti\ccsv7\tools\compiler\ti-cgt-arm_16.9.6.LTS\lib\</path>
         <kind>archive</kind>
         <file>rtsv7M4_T_le_v4SPD16_eabi.lib</file>
         <name>close.obj</name>
      </input_file>
   </input_file_list>
   <object_component_list>
      <object_component id="oc-2c">
         <name>.intvecs:retain</name>
         <load_address>0x0</load_address>
         <run_address>0x0</run_address>
         <size>0xe4</size>
         <input_file_ref idref="fl-3"/>
      </object_component>
      <object_component id="oc-261">
         <name>.text</name>
         <load_address>0xe4</load_address>
         <run_address>0xe4</run_address>
         <size>0x113e</size>
         <input_file_ref idref="fl-ed"/>
      </object_component>
      <object_component id="oc-7e">
         <name>.text:Default_Handler</name>
         <load_address>0x1222</load_address>
         <run_address>0x1222</run_address>
         <size>0x2</size>
         <input_file_ref idref="fl-3"/>
      </object_component>
      <object_component id="oc-158">
         <name>.text:bmi160_config_running_mode</name>
         <load_address>0x1224</load_address>
         <run_address>0x1224</run_address>
         <size>0xa58</size>
         <input_file_ref idref="fl-7"/>
      </object_component>
      <object_component id="oc-2fd">
         <name>.text:bmi160_read_fifo_header_data</name>
         <load_address>0x1c7c</load_address>
         <run_address>0x1c7c</run_address>
         <size>0x9d0</size>
         <input_file_ref idref="fl-6"/>
      </object_component>
      <object_component id="oc-d5">
         <name>.text:main</name>
         <load_address>0x264c</load_address>
         <run_address>0x264c</run_address>
         <size>0x614</size>
         <input_file_ref idref="fl-a"/>
      </object_component>
      <object_component id="oc-584">
         <name>.text:bmi160_read_bmm150_mag_trim</name>
         <load_address>0x2c60</load_address>
         <run_address>0x2c60</run_address>
         <size>0x4ac</size>
         <input_file_ref idref="fl-6"/>
      </object_component>
      <object_component id="oc-708">
         <name>.text</name>
         <load_address>0x310c</load_address>
         <run_address>0x310c</run_address>
         <size>0x3d0</size>
         <input_file_ref idref="fl-112"/>
      </object_component>
      <object_component id="oc-58a">
         <name>.text:bmi160_set_bmm150_mag_presetmode</name>
         <load_address>0x34dc</load_address>
         <run_address>0x34dc</run_address>
         <size>0x358</size>
         <input_file_ref idref="fl-6"/>
      </object_component>
      <object_component id="oc-303">
         <name>.text:bmi160_set_intr_enable_0</name>
         <load_address>0x3834</load_address>
         <run_address>0x3834</run_address>
         <size>0x2d8</size>
         <input_file_ref idref="fl-6"/>
      </object_component>
      <object_component id="oc-2a3">
         <name>.text:bmi160_bmm150_mag_interface_init</name>
         <load_address>0x3b0c</load_address>
         <run_address>0x3b0c</run_address>
         <size>0x29c</size>
         <input_file_ref idref="fl-6"/>
      </object_component>
      <object_component id="oc-164">
         <name>.text:bmi160_accel_foc_trigger_xyz</name>
         <load_address>0x3da8</load_address>
         <run_address>0x3da8</run_address>
         <size>0x250</size>
         <input_file_ref idref="fl-6"/>
      </object_component>
      <object_component id="oc-42a">
         <name>.text</name>
         <load_address>0x3ff8</load_address>
         <run_address>0x3ff8</run_address>
         <size>0x200</size>
         <input_file_ref idref="fl-e7"/>
      </object_component>
      <object_component id="oc-49f">
         <name>.text</name>
         <load_address>0x41f8</load_address>
         <run_address>0x41f8</run_address>
         <size>0x1f4</size>
         <input_file_ref idref="fl-100"/>
      </object_component>
      <object_component id="oc-70e">
         <name>.text</name>
         <load_address>0x43ec</load_address>
         <run_address>0x43ec</run_address>
         <size>0x1c4</size>
         <input_file_ref idref="fl-111"/>
      </object_component>
      <object_component id="oc-4c3">
         <name>.text</name>
         <load_address>0x45b0</load_address>
         <run_address>0x45b0</run_address>
         <size>0x1b6</size>
         <input_file_ref idref="fl-d7"/>
      </object_component>
      <object_component id="oc-56">
         <name>.text</name>
         <load_address>0x4766</load_address>
         <run_address>0x4766</run_address>
         <size>0x2</size>
         <input_file_ref idref="fl-e4"/>
      </object_component>
      <object_component id="oc-5ed">
         <name>.text:bme280_get_calib_param</name>
         <load_address>0x4768</load_address>
         <run_address>0x4768</run_address>
         <size>0x1a0</size>
         <input_file_ref idref="fl-4"/>
      </object_component>
      <object_component id="oc-37e">
         <name>.text:bme280_set_oversamp_humidity</name>
         <load_address>0x4908</load_address>
         <run_address>0x4908</run_address>
         <size>0x198</size>
         <input_file_ref idref="fl-4"/>
      </object_component>
      <object_component id="oc-16a">
         <name>.text:bmi160_set_foc_gyro_enable</name>
         <load_address>0x4aa0</load_address>
         <run_address>0x4aa0</run_address>
         <size>0x18c</size>
         <input_file_ref idref="fl-6"/>
      </object_component>
      <object_component id="oc-176">
         <name>.text:bme280_set_power_mode</name>
         <load_address>0x4c2c</load_address>
         <run_address>0x4c2c</run_address>
         <size>0x178</size>
         <input_file_ref idref="fl-4"/>
      </object_component>
      <object_component id="oc-38a">
         <name>.text:bme280_set_oversamp_temperature</name>
         <load_address>0x4da4</load_address>
         <run_address>0x4da4</run_address>
         <size>0x16c</size>
         <input_file_ref idref="fl-4"/>
      </object_component>
      <object_component id="oc-390">
         <name>.text:bme280_set_standby_durn</name>
         <load_address>0x4f10</load_address>
         <run_address>0x4f10</run_address>
         <size>0x164</size>
         <input_file_ref idref="fl-4"/>
      </object_component>
      <object_component id="oc-534">
         <name>.text:bmi160_bmm150_mag_set_power_mode</name>
         <load_address>0x5074</load_address>
         <run_address>0x5074</run_address>
         <size>0x160</size>
         <input_file_ref idref="fl-6"/>
      </object_component>
      <object_component id="oc-384">
         <name>.text:bme280_set_oversamp_pressure</name>
         <load_address>0x51d4</load_address>
         <run_address>0x51d4</run_address>
         <size>0x158</size>
         <input_file_ref idref="fl-4"/>
      </object_component>
      <object_component id="oc-309">
         <name>.text:bmi160_set_intr_enable_2</name>
         <load_address>0x532c</load_address>
         <run_address>0x532c</run_address>
         <size>0x158</size>
         <input_file_ref idref="fl-6"/>
      </object_component>
      <object_component id="oc-6bf">
         <name>.text:readBurstI2C</name>
         <load_address>0x5484</load_address>
         <run_address>0x5484</run_address>
         <size>0x13c</size>
         <input_file_ref idref="fl-9"/>
      </object_component>
      <object_component id="oc-417">
         <name>.text:readI2C</name>
         <load_address>0x55c0</load_address>
         <run_address>0x55c0</run_address>
         <size>0x138</size>
         <input_file_ref idref="fl-9"/>
      </object_component>
      <object_component id="oc-4a9">
         <name>.text</name>
         <load_address>0x56f8</load_address>
         <run_address>0x56f8</run_address>
         <size>0x136</size>
         <input_file_ref idref="fl-d9"/>
      </object_component>
      <object_component id="oc-cd">
         <name>.text</name>
         <load_address>0x582e</load_address>
         <run_address>0x582e</run_address>
         <size>0x2</size>
         <input_file_ref idref="fl-fd"/>
      </object_component>
      <object_component id="oc-25b">
         <name>.text</name>
         <load_address>0x5830</load_address>
         <run_address>0x5830</run_address>
         <size>0x134</size>
         <input_file_ref idref="fl-f6"/>
      </object_component>
      <object_component id="oc-3ba">
         <name>.text:bme280_compensate_pressure_int32</name>
         <load_address>0x5964</load_address>
         <run_address>0x5964</run_address>
         <size>0x130</size>
         <input_file_ref idref="fl-4"/>
      </object_component>
      <object_component id="oc-297">
         <name>.text:bmi160_set_bmm150_mag_and_secondary_if_power_mode</name>
         <load_address>0x5a94</load_address>
         <run_address>0x5a94</run_address>
         <size>0x124</size>
         <input_file_ref idref="fl-6"/>
      </object_component>
      <object_component id="oc-430">
         <name>.text</name>
         <load_address>0x5bb8</load_address>
         <run_address>0x5bb8</run_address>
         <size>0xfc</size>
         <input_file_ref idref="fl-da"/>
      </object_component>
      <object_component id="oc-4ce">
         <name>.text</name>
         <load_address>0x5cb4</load_address>
         <run_address>0x5cb4</run_address>
         <size>0xfc</size>
         <input_file_ref idref="fl-fc"/>
      </object_component>
      <object_component id="oc-2f1">
         <name>.text:bmi160_set_intr_fifo_wm</name>
         <load_address>0x5db0</load_address>
         <run_address>0x5db0</run_address>
         <size>0xf8</size>
         <input_file_ref idref="fl-6"/>
      </object_component>
      <object_component id="oc-5ab">
         <name>.text:bmi160_set_intr_level</name>
         <load_address>0x5ea8</load_address>
         <run_address>0x5ea8</run_address>
         <size>0xf8</size>
         <input_file_ref idref="fl-6"/>
      </object_component>
      <object_component id="oc-5a5">
         <name>.text:bmi160_set_output_enable</name>
         <load_address>0x5fa0</load_address>
         <run_address>0x5fa0</run_address>
         <size>0xf8</size>
         <input_file_ref idref="fl-6"/>
      </object_component>
      <object_component id="oc-170">
         <name>.text:bme280_data_readout_template</name>
         <load_address>0x6098</load_address>
         <run_address>0x6098</run_address>
         <size>0xf0</size>
         <input_file_ref idref="fl-5"/>
      </object_component>
      <object_component id="oc-96">
         <name>.text:EUSCIB1_IRQHandler</name>
         <load_address>0x6188</load_address>
         <run_address>0x6188</run_address>
         <size>0xec</size>
         <input_file_ref idref="fl-9"/>
      </object_component>
      <object_component id="oc-3ef">
         <name>.text:writeI2C</name>
         <load_address>0x6274</load_address>
         <run_address>0x6274</run_address>
         <size>0xe8</size>
         <input_file_ref idref="fl-9"/>
      </object_component>
      <object_component id="oc-666">
         <name>.text</name>
         <load_address>0x635c</load_address>
         <run_address>0x635c</run_address>
         <size>0xdc</size>
         <input_file_ref idref="fl-10e"/>
      </object_component>
      <object_component id="oc-572">
         <name>.text:bmi160_bmm150_mag_wakeup</name>
         <load_address>0x6438</load_address>
         <run_address>0x6438</run_address>
         <size>0xd4</size>
         <input_file_ref idref="fl-6"/>
      </object_component>
      <object_component id="oc-1b2">
         <name>.text:sensorTmp007Read</name>
         <load_address>0x650c</load_address>
         <run_address>0x650c</run_address>
         <size>0xd4</size>
         <input_file_ref idref="fl-c"/>
      </object_component>
      <object_component id="oc-2bb">
         <name>.text:bmi160_set_gyro_output_data_rate</name>
         <load_address>0x65e0</load_address>
         <run_address>0x65e0</run_address>
         <size>0xd0</size>
         <input_file_ref idref="fl-6"/>
      </object_component>
      <object_component id="oc-483">
         <name>.text</name>
         <load_address>0x66b0</load_address>
         <run_address>0x66b0</run_address>
         <size>0xc8</size>
         <input_file_ref idref="fl-103"/>
      </object_component>
      <object_component id="oc-402">
         <name>.text:bmi160_bmm150_mag_compensate_X</name>
         <load_address>0x6778</load_address>
         <run_address>0x6778</run_address>
         <size>0xc4</size>
         <input_file_ref idref="fl-6"/>
      </object_component>
      <object_component id="oc-408">
         <name>.text:bmi160_bmm150_mag_compensate_Y</name>
         <load_address>0x683c</load_address>
         <run_address>0x683c</run_address>
         <size>0xc4</size>
         <input_file_ref idref="fl-6"/>
      </object_component>
      <object_component id="oc-3fc">
         <name>.text:bmi160_read_mag_xyzr</name>
         <load_address>0x6900</load_address>
         <run_address>0x6900</run_address>
         <size>0xc0</size>
         <input_file_ref idref="fl-6"/>
      </object_component>
      <object_component id="oc-3c0">
         <name>.text:bme280_compensate_humidity_int32</name>
         <load_address>0x69c0</load_address>
         <run_address>0x69c0</run_address>
         <size>0xbc</size>
         <input_file_ref idref="fl-4"/>
      </object_component>
      <object_component id="oc-365">
         <name>.text:bmi160_get_gyro_offset_compensation_yaxis</name>
         <load_address>0x6a7c</load_address>
         <run_address>0x6a7c</run_address>
         <size>0xbc</size>
         <input_file_ref idref="fl-6"/>
      </object_component>
      <object_component id="oc-36b">
         <name>.text:bmi160_get_gyro_offset_compensation_zaxis</name>
         <load_address>0x6b38</load_address>
         <run_address>0x6b38</run_address>
         <size>0xbc</size>
         <input_file_ref idref="fl-6"/>
      </object_component>
      <object_component id="oc-76b">
         <name>.text</name>
         <load_address>0x6bf4</load_address>
         <run_address>0x6bf4</run_address>
         <size>0xbc</size>
         <input_file_ref idref="fl-113"/>
      </object_component>
      <object_component id="oc-6b0">
         <name>.text:CS_getDCOFrequency</name>
         <load_address>0x6cb0</load_address>
         <run_address>0x6cb0</run_address>
         <size>0xb8</size>
         <input_file_ref idref="fl-16"/>
      </object_component>
      <object_component id="oc-35f">
         <name>.text:bmi160_get_gyro_offset_compensation_xaxis</name>
         <load_address>0x6d68</load_address>
         <run_address>0x6d68</run_address>
         <size>0xb8</size>
         <input_file_ref idref="fl-6"/>
      </object_component>
      <object_component id="oc-140">
         <name>.text:setSystemClock</name>
         <load_address>0x6e20</load_address>
         <run_address>0x6e20</run_address>
         <size>0xb4</size>
         <input_file_ref idref="fl-a"/>
      </object_component>
      <object_component id="oc-47d">
         <name>.text</name>
         <load_address>0x6ed4</load_address>
         <run_address>0x6ed4</run_address>
         <size>0xac</size>
         <input_file_ref idref="fl-102"/>
      </object_component>
      <object_component id="oc-f5">
         <name>.text:uartReceive</name>
         <load_address>0x6f80</load_address>
         <run_address>0x6f80</run_address>
         <size>0xac</size>
         <input_file_ref idref="fl-d"/>
      </object_component>
      <object_component id="oc-590">
         <name>.text:bmi160_set_mag_output_data_rate</name>
         <load_address>0x702c</load_address>
         <run_address>0x702c</run_address>
         <size>0xa8</size>
         <input_file_ref idref="fl-6"/>
      </object_component>
      <object_component id="oc-46f">
         <name>.text:CS_startHFXTWithTimeout</name>
         <load_address>0x70d4</load_address>
         <run_address>0x70d4</run_address>
         <size>0x9c</size>
         <input_file_ref idref="fl-16"/>
      </object_component>
      <object_component id="oc-476">
         <name>.text:CS_startLFXTWithTimeout</name>
         <load_address>0x7170</load_address>
         <run_address>0x7170</run_address>
         <size>0x9c</size>
         <input_file_ref idref="fl-16"/>
      </object_component>
      <object_component id="oc-4fd">
         <name>.text:_CSComputeCLKFrequency</name>
         <load_address>0x720c</load_address>
         <run_address>0x720c</run_address>
         <size>0x9c</size>
         <input_file_ref idref="fl-16"/>
      </object_component>
      <object_component id="oc-3e">
         <name>.text</name>
         <load_address>0x72a8</load_address>
         <run_address>0x72a8</run_address>
         <size>0x9c</size>
         <input_file_ref idref="fl-e2"/>
      </object_component>
      <object_component id="oc-3ae">
         <name>.text:bme280_read_uncomp_pressure_temperature_humidity</name>
         <load_address>0x7344</load_address>
         <run_address>0x7344</run_address>
         <size>0x98</size>
         <input_file_ref idref="fl-4"/>
      </object_component>
      <object_component id="oc-2c1">
         <name>.text:bmi160_set_accel_output_data_rate</name>
         <load_address>0x73dc</load_address>
         <run_address>0x73dc</run_address>
         <size>0x98</size>
         <input_file_ref idref="fl-6"/>
      </object_component>
      <object_component id="oc-771">
         <name>.text</name>
         <load_address>0x7474</load_address>
         <run_address>0x7474</run_address>
         <size>0x98</size>
         <input_file_ref idref="fl-114"/>
      </object_component>
      <object_component id="oc-255">
         <name>.text</name>
         <load_address>0x750c</load_address>
         <run_address>0x750c</run_address>
         <size>0x98</size>
         <input_file_ref idref="fl-f5"/>
      </object_component>
      <object_component id="oc-40e">
         <name>.text:bmi160_bmm150_mag_compensate_Z</name>
         <load_address>0x75a4</load_address>
         <run_address>0x75a4</run_address>
         <size>0x94</size>
         <input_file_ref idref="fl-6"/>
      </object_component>
      <object_component id="oc-1db">
         <name>.text</name>
         <load_address>0x7638</load_address>
         <run_address>0x7638</run_address>
         <size>0x94</size>
         <input_file_ref idref="fl-e8"/>
      </object_component>
      <object_component id="oc-2af">
         <name>.text:bmi160_set_accel_bw</name>
         <load_address>0x76cc</load_address>
         <run_address>0x76cc</run_address>
         <size>0x90</size>
         <input_file_ref idref="fl-6"/>
      </object_component>
      <object_component id="oc-2d9">
         <name>.text:bmi160_set_fifo_accel_enable</name>
         <load_address>0x775c</load_address>
         <run_address>0x775c</run_address>
         <size>0x90</size>
         <input_file_ref idref="fl-6"/>
      </object_component>
      <object_component id="oc-2df">
         <name>.text:bmi160_set_fifo_gyro_enable</name>
         <load_address>0x77ec</load_address>
         <run_address>0x77ec</run_address>
         <size>0x90</size>
         <input_file_ref idref="fl-6"/>
      </object_component>
      <object_component id="oc-2cd">
         <name>.text:bmi160_set_fifo_header_enable</name>
         <load_address>0x787c</load_address>
         <run_address>0x787c</run_address>
         <size>0x90</size>
         <input_file_ref idref="fl-6"/>
      </object_component>
      <object_component id="oc-2d3">
         <name>.text:bmi160_set_fifo_mag_enable</name>
         <load_address>0x790c</load_address>
         <run_address>0x790c</run_address>
         <size>0x90</size>
         <input_file_ref idref="fl-6"/>
      </object_component>
      <object_component id="oc-2eb">
         <name>.text:bmi160_set_fifo_stop_on_full</name>
         <load_address>0x799c</load_address>
         <run_address>0x799c</run_address>
         <size>0x90</size>
         <input_file_ref idref="fl-6"/>
      </object_component>
      <object_component id="oc-2e5">
         <name>.text:bmi160_set_fifo_time_enable</name>
         <load_address>0x7a2c</load_address>
         <run_address>0x7a2c</run_address>
         <size>0x90</size>
         <input_file_ref idref="fl-6"/>
      </object_component>
      <object_component id="oc-2b5">
         <name>.text:bmi160_set_gyro_bw</name>
         <load_address>0x7abc</load_address>
         <run_address>0x7abc</run_address>
         <size>0x90</size>
         <input_file_ref idref="fl-6"/>
      </object_component>
      <object_component id="oc-15e">
         <name>.text:bmi160_set_gyro_range</name>
         <load_address>0x7b4c</load_address>
         <run_address>0x7b4c</run_address>
         <size>0x90</size>
         <input_file_ref idref="fl-6"/>
      </object_component>
      <object_component id="oc-31b">
         <name>.text:bmi160_set_gyro_sleep_state</name>
         <load_address>0x7bdc</load_address>
         <run_address>0x7bdc</run_address>
         <size>0x90</size>
         <input_file_ref idref="fl-6"/>
      </object_component>
      <object_component id="oc-30f">
         <name>.text:bmi160_set_gyro_sleep_trigger</name>
         <load_address>0x7c6c</load_address>
         <run_address>0x7c6c</run_address>
         <size>0x90</size>
         <input_file_ref idref="fl-6"/>
      </object_component>
      <object_component id="oc-321">
         <name>.text:bmi160_set_gyro_wakeup_intr</name>
         <load_address>0x7cfc</load_address>
         <run_address>0x7cfc</run_address>
         <size>0x90</size>
         <input_file_ref idref="fl-6"/>
      </object_component>
      <object_component id="oc-315">
         <name>.text:bmi160_set_gyro_wakeup_trigger</name>
         <load_address>0x7d8c</load_address>
         <run_address>0x7d8c</run_address>
         <size>0x90</size>
         <input_file_ref idref="fl-6"/>
      </object_component>
      <object_component id="oc-29d">
         <name>.text:bmi160_set_if_mode</name>
         <load_address>0x7e1c</load_address>
         <run_address>0x7e1c</run_address>
         <size>0x90</size>
         <input_file_ref idref="fl-6"/>
      </object_component>
      <object_component id="oc-52e">
         <name>.text:bmi160_set_mag_manual_enable</name>
         <load_address>0x7eac</load_address>
         <run_address>0x7eac</run_address>
         <size>0x90</size>
         <input_file_ref idref="fl-6"/>
      </object_component>
      <object_component id="oc-54e">
         <name>.text:bmi160_set_paging_enable</name>
         <load_address>0x7f3c</load_address>
         <run_address>0x7f3c</run_address>
         <size>0x90</size>
         <input_file_ref idref="fl-6"/>
      </object_component>
      <object_component id="oc-560">
         <name>.text:bmi160_set_pullup_configuration</name>
         <load_address>0x7fcc</load_address>
         <run_address>0x7fcc</run_address>
         <size>0x90</size>
         <input_file_ref idref="fl-6"/>
      </object_component>
      <object_component id="oc-542">
         <name>.text:bmi160_set_target_page</name>
         <load_address>0x805c</load_address>
         <run_address>0x805c</run_address>
         <size>0x90</size>
         <input_file_ref idref="fl-6"/>
      </object_component>
      <object_component id="oc-4a4">
         <name>.text:__aeabi_cdcmple</name>
         <load_address>0x80ec</load_address>
         <run_address>0x80ec</run_address>
         <size>0x86</size>
         <input_file_ref idref="fl-d8"/>
      </object_component>
      <object_component id="oc-4ae">
         <name>.text:__aeabi_cdrcmple</name>
         <load_address>0x8172</load_address>
         <run_address>0x8172</run_address>
         <size>0x86</size>
         <input_file_ref idref="fl-d8"/>
      </object_component>
      <object_component id="oc-2c7">
         <name>.text:bmi160_interrupt_configuration</name>
         <load_address>0x81f8</load_address>
         <run_address>0x81f8</run_address>
         <size>0x80</size>
         <input_file_ref idref="fl-7"/>
      </object_component>
      <object_component id="oc-338">
         <name>.text:bmi160_set_accel_offset_enable</name>
         <load_address>0x8278</load_address>
         <run_address>0x8278</run_address>
         <size>0x80</size>
         <input_file_ref idref="fl-6"/>
      </object_component>
      <object_component id="oc-359">
         <name>.text:bmi160_set_gyro_offset_enable</name>
         <load_address>0x82f8</load_address>
         <run_address>0x82f8</run_address>
         <size>0x80</size>
         <input_file_ref idref="fl-6"/>
      </object_component>
      <object_component id="oc-566">
         <name>.text:bmi160_set_i2c_device_addr</name>
         <load_address>0x8378</load_address>
         <run_address>0x8378</run_address>
         <size>0x80</size>
         <input_file_ref idref="fl-6"/>
      </object_component>
      <object_component id="oc-3b4">
         <name>.text:bme280_compensate_temperature_int32</name>
         <load_address>0x83f8</load_address>
         <run_address>0x83f8</run_address>
         <size>0x7c</size>
         <input_file_ref idref="fl-4"/>
      </object_component>
      <object_component id="oc-4a">
         <name>.text</name>
         <load_address>0x8474</load_address>
         <run_address>0x8474</run_address>
         <size>0x7a</size>
         <input_file_ref idref="fl-e3"/>
      </object_component>
      <object_component id="oc-e8">
         <name>.text:SystemInit</name>
         <load_address>0x84f0</load_address>
         <run_address>0x84f0</run_address>
         <size>0x78</size>
         <input_file_ref idref="fl-2"/>
      </object_component>
      <object_component id="oc-1a6">
         <name>.text:bmi160_read_accel_xyz</name>
         <load_address>0x8568</load_address>
         <run_address>0x8568</run_address>
         <size>0x78</size>
         <input_file_ref idref="fl-6"/>
      </object_component>
      <object_component id="oc-1ac">
         <name>.text:bmi160_read_gyro_xyz</name>
         <load_address>0x85e0</load_address>
         <run_address>0x85e0</run_address>
         <size>0x78</size>
         <input_file_ref idref="fl-6"/>
      </object_component>
      <object_component id="oc-652">
         <name>.text:_CSGetHFXTFrequency</name>
         <load_address>0x8658</load_address>
         <run_address>0x8658</run_address>
         <size>0x70</size>
         <input_file_ref idref="fl-16"/>
      </object_component>
      <object_component id="oc-62">
         <name>.text</name>
         <load_address>0x86c8</load_address>
         <run_address>0x86c8</run_address>
         <size>0x70</size>
         <input_file_ref idref="fl-f0"/>
      </object_component>
      <object_component id="oc-7b1">
         <name>.text</name>
         <load_address>0x8738</load_address>
         <run_address>0x8738</run_address>
         <size>0x70</size>
         <input_file_ref idref="fl-115"/>
      </object_component>
      <object_component id="oc-146">
         <name>.text</name>
         <load_address>0x87a8</load_address>
         <run_address>0x87a8</run_address>
         <size>0x70</size>
         <input_file_ref idref="fl-e6"/>
      </object_component>
      <object_component id="oc-1c4">
         <name>.text:sensorOpt3001Convert</name>
         <load_address>0x8818</load_address>
         <run_address>0x8818</run_address>
         <size>0x70</size>
         <input_file_ref idref="fl-b"/>
      </object_component>
      <object_component id="oc-188">
         <name>.text:sensorTmp007Enable</name>
         <load_address>0x8888</load_address>
         <run_address>0x8888</run_address>
         <size>0x70</size>
         <input_file_ref idref="fl-c"/>
      </object_component>
      <object_component id="oc-435">
         <name>.text</name>
         <load_address>0x88f8</load_address>
         <run_address>0x88f8</run_address>
         <size>0x6e</size>
         <input_file_ref idref="fl-dc"/>
      </object_component>
      <object_component id="oc-14">
         <name>.text:decompress:lzss</name>
         <load_address>0x8966</load_address>
         <run_address>0x8966</run_address>
         <size>0x68</size>
         <input_file_ref idref="fl-d3"/>
      </object_component>
      <object_component id="oc-794">
         <name>.text</name>
         <load_address>0x89d0</load_address>
         <run_address>0x89d0</run_address>
         <size>0x68</size>
         <input_file_ref idref="fl-106"/>
      </object_component>
      <object_component id="oc-7a0">
         <name>.text</name>
         <load_address>0x8a38</load_address>
         <run_address>0x8a38</run_address>
         <size>0x68</size>
         <input_file_ref idref="fl-109"/>
      </object_component>
      <object_component id="oc-7cb">
         <name>.text</name>
         <load_address>0x8aa0</load_address>
         <run_address>0x8aa0</run_address>
         <size>0x68</size>
         <input_file_ref idref="fl-110"/>
      </object_component>
      <object_component id="oc-3c6">
         <name>.text:bme280_read_pressure_temperature_humidity</name>
         <load_address>0x8b08</load_address>
         <run_address>0x8b08</run_address>
         <size>0x64</size>
         <input_file_ref idref="fl-4"/>
      </object_component>
      <object_component id="oc-3a2">
         <name>.text:bme280_read_uncomp_pressure</name>
         <load_address>0x8b6c</load_address>
         <run_address>0x8b6c</run_address>
         <size>0x64</size>
         <input_file_ref idref="fl-4"/>
      </object_component>
      <object_component id="oc-39c">
         <name>.text:bme280_read_uncomp_temperature</name>
         <load_address>0x8bd0</load_address>
         <run_address>0x8bd0</run_address>
         <size>0x64</size>
         <input_file_ref idref="fl-4"/>
      </object_component>
      <object_component id="oc-287">
         <name>.text:bmi160_init</name>
         <load_address>0x8c34</load_address>
         <run_address>0x8c34</run_address>
         <size>0x64</size>
         <input_file_ref idref="fl-6"/>
      </object_component>
      <object_component id="oc-660">
         <name>.text</name>
         <load_address>0x8c98</load_address>
         <run_address>0x8c98</run_address>
         <size>0x64</size>
         <input_file_ref idref="fl-104"/>
      </object_component>
      <object_component id="oc-4c8">
         <name>.text</name>
         <load_address>0x8cfc</load_address>
         <run_address>0x8cfc</run_address>
         <size>0x64</size>
         <input_file_ref idref="fl-fb"/>
      </object_component>
      <object_component id="oc-1be">
         <name>.text:sensorOpt3001Read</name>
         <load_address>0x8d60</load_address>
         <run_address>0x8d60</run_address>
         <size>0x64</size>
         <input_file_ref idref="fl-b"/>
      </object_component>
      <object_component id="oc-77c">
         <name>.text</name>
         <load_address>0x8dc4</load_address>
         <run_address>0x8dc4</run_address>
         <size>0x60</size>
         <input_file_ref idref="fl-107"/>
      </object_component>
      <object_component id="oc-378">
         <name>.text:bme280_init</name>
         <load_address>0x8e24</load_address>
         <run_address>0x8e24</run_address>
         <size>0x5c</size>
         <input_file_ref idref="fl-4"/>
      </object_component>
      <object_component id="oc-3a8">
         <name>.text:bme280_read_uncomp_humidity</name>
         <load_address>0x8e80</load_address>
         <run_address>0x8e80</run_address>
         <size>0x5c</size>
         <input_file_ref idref="fl-4"/>
      </object_component>
      <object_component id="oc-7ba">
         <name>.text</name>
         <load_address>0x8edc</load_address>
         <run_address>0x8edc</run_address>
         <size>0x5c</size>
         <input_file_ref idref="fl-119"/>
      </object_component>
      <object_component id="oc-788">
         <name>.text</name>
         <load_address>0x8f38</load_address>
         <run_address>0x8f38</run_address>
         <size>0x58</size>
         <input_file_ref idref="fl-108"/>
      </object_component>
      <object_component id="oc-78e">
         <name>.text</name>
         <load_address>0x8f90</load_address>
         <run_address>0x8f90</run_address>
         <size>0x58</size>
         <input_file_ref idref="fl-10b"/>
      </object_component>
      <object_component id="oc-747">
         <name>.text:SysCtl_A_getTLVInfo</name>
         <load_address>0x8fe8</load_address>
         <run_address>0x8fe8</run_address>
         <size>0x54</size>
         <input_file_ref idref="fl-1a"/>
      </object_component>
      <object_component id="oc-3d0">
         <name>.text:bme280_get_power_mode</name>
         <load_address>0x903c</load_address>
         <run_address>0x903c</run_address>
         <size>0x54</size>
         <input_file_ref idref="fl-4"/>
      </object_component>
      <object_component id="oc-396">
         <name>.text:bme280_get_standby_durn</name>
         <load_address>0x9090</load_address>
         <run_address>0x9090</run_address>
         <size>0x54</size>
         <input_file_ref idref="fl-4"/>
      </object_component>
      <object_component id="oc-33e">
         <name>.text:bmi160_get_foc_rdy</name>
         <load_address>0x90e4</load_address>
         <run_address>0x90e4</run_address>
         <size>0x54</size>
         <input_file_ref idref="fl-6"/>
      </object_component>
      <object_component id="oc-291">
         <name>.text:bmi160_get_if_mode</name>
         <load_address>0x9138</load_address>
         <run_address>0x9138</run_address>
         <size>0x54</size>
         <input_file_ref idref="fl-6"/>
      </object_component>
      <object_component id="oc-56c">
         <name>.text:bmi160_get_mag_manual_enable</name>
         <load_address>0x918c</load_address>
         <run_address>0x918c</run_address>
         <size>0x54</size>
         <input_file_ref idref="fl-6"/>
      </object_component>
      <object_component id="oc-554">
         <name>.text:bmi160_get_paging_enable</name>
         <load_address>0x91e0</load_address>
         <run_address>0x91e0</run_address>
         <size>0x54</size>
         <input_file_ref idref="fl-6"/>
      </object_component>
      <object_component id="oc-55a">
         <name>.text:bmi160_get_pullup_configuration</name>
         <load_address>0x9234</load_address>
         <run_address>0x9234</run_address>
         <size>0x54</size>
         <input_file_ref idref="fl-6"/>
      </object_component>
      <object_component id="oc-548">
         <name>.text:bmi160_get_target_page</name>
         <load_address>0x9288</load_address>
         <run_address>0x9288</run_address>
         <size>0x54</size>
         <input_file_ref idref="fl-6"/>
      </object_component>
      <object_component id="oc-26">
         <name>.text</name>
         <load_address>0x92dc</load_address>
         <run_address>0x92dc</run_address>
         <size>0x54</size>
         <input_file_ref idref="fl-d2"/>
      </object_component>
      <object_component id="oc-6e">
         <name>.text</name>
         <load_address>0x9330</load_address>
         <run_address>0x9330</run_address>
         <size>0x54</size>
         <input_file_ref idref="fl-d6"/>
      </object_component>
      <object_component id="oc-4b8">
         <name>.text</name>
         <load_address>0x9384</load_address>
         <run_address>0x9384</run_address>
         <size>0x54</size>
         <input_file_ref idref="fl-f8"/>
      </object_component>
      <object_component id="oc-1a0">
         <name>.text:bmi160_bmm150_mag_compensate_xyz</name>
         <load_address>0x93d8</load_address>
         <run_address>0x93d8</run_address>
         <size>0x52</size>
         <input_file_ref idref="fl-6"/>
      </object_component>
      <object_component id="oc-9c">
         <name>.text:PORT1_IRQHandler</name>
         <load_address>0x942c</load_address>
         <run_address>0x942c</run_address>
         <size>0x50</size>
         <input_file_ref idref="fl-a"/>
      </object_component>
      <object_component id="oc-344">
         <name>.text:bmi160_get_accel_offset_compensation_xaxis</name>
         <load_address>0x947c</load_address>
         <run_address>0x947c</run_address>
         <size>0x50</size>
         <input_file_ref idref="fl-6"/>
      </object_component>
      <object_component id="oc-34a">
         <name>.text:bmi160_get_accel_offset_compensation_yaxis</name>
         <load_address>0x94cc</load_address>
         <run_address>0x94cc</run_address>
         <size>0x50</size>
         <input_file_ref idref="fl-6"/>
      </object_component>
      <object_component id="oc-350">
         <name>.text:bmi160_get_accel_offset_compensation_zaxis</name>
         <load_address>0x951c</load_address>
         <run_address>0x951c</run_address>
         <size>0x50</size>
         <input_file_ref idref="fl-6"/>
      </object_component>
      <object_component id="oc-194">
         <name>.text:bmi160_get_accel_output_data_rate</name>
         <load_address>0x956c</load_address>
         <run_address>0x956c</run_address>
         <size>0x50</size>
         <input_file_ref idref="fl-6"/>
      </object_component>
      <object_component id="oc-53c">
         <name>.text:bmi160_get_mag_power_mode_stat</name>
         <load_address>0x95bc</load_address>
         <run_address>0x95bc</run_address>
         <size>0x50</size>
         <input_file_ref idref="fl-6"/>
      </object_component>
      <object_component id="oc-1b8">
         <name>.text:sensorTmp007Convert</name>
         <load_address>0x960c</load_address>
         <run_address>0x960c</run_address>
         <size>0x50</size>
         <input_file_ref idref="fl-c"/>
      </object_component>
      <object_component id="oc-277">
         <name>.text:GPIO_setAsPeripheralModuleFunctionOutputPin</name>
         <load_address>0x965c</load_address>
         <run_address>0x965c</run_address>
         <size>0x4c</size>
         <input_file_ref idref="fl-17"/>
      </object_component>
      <object_component id="oc-74d">
         <name>.text:_CSGetDOCFrequency</name>
         <load_address>0x96a8</load_address>
         <run_address>0x96a8</run_address>
         <size>0x4c</size>
         <input_file_ref idref="fl-16"/>
      </object_component>
      <object_component id="oc-3e2">
         <name>.text:bme280_read_register</name>
         <load_address>0x96f4</load_address>
         <run_address>0x96f4</run_address>
         <size>0x4c</size>
         <input_file_ref idref="fl-4"/>
      </object_component>
      <object_component id="oc-3dc">
         <name>.text:bme280_write_register</name>
         <load_address>0x9740</load_address>
         <run_address>0x9740</run_address>
         <size>0x4c</size>
         <input_file_ref idref="fl-4"/>
      </object_component>
      <object_component id="oc-4da">
         <name>.text</name>
         <load_address>0x978c</load_address>
         <run_address>0x978c</run_address>
         <size>0x4c</size>
         <input_file_ref idref="fl-ef"/>
      </object_component>
      <object_component id="oc-c7">
         <name>.text</name>
         <load_address>0x97d8</load_address>
         <run_address>0x97d8</run_address>
         <size>0x4c</size>
         <input_file_ref idref="fl-f1"/>
      </object_component>
      <object_component id="oc-6aa">
         <name>.text:_CSGetDividerValue</name>
         <load_address>0x9824</load_address>
         <run_address>0x9824</run_address>
         <size>0x48</size>
         <input_file_ref idref="fl-16"/>
      </object_component>
      <object_component id="oc-6d9">
         <name>.text:bmi160_read_reg</name>
         <load_address>0x986c</load_address>
         <run_address>0x986c</run_address>
         <size>0x48</size>
         <input_file_ref idref="fl-6"/>
      </object_component>
      <object_component id="oc-520">
         <name>.text:bmi160_write_reg</name>
         <load_address>0x98b4</load_address>
         <run_address>0x98b4</run_address>
         <size>0x48</size>
         <input_file_ref idref="fl-6"/>
      </object_component>
      <object_component id="oc-281">
         <name>.text:i2c_routine</name>
         <load_address>0x98fc</load_address>
         <run_address>0x98fc</run_address>
         <size>0x48</size>
         <input_file_ref idref="fl-7"/>
      </object_component>
      <object_component id="oc-4b3">
         <name>.text</name>
         <load_address>0x9944</load_address>
         <run_address>0x9944</run_address>
         <size>0x48</size>
         <input_file_ref idref="fl-db"/>
      </object_component>
      <object_component id="oc-a2">
         <name>.text:PORT5_IRQHandler</name>
         <load_address>0x998c</load_address>
         <run_address>0x998c</run_address>
         <size>0x44</size>
         <input_file_ref idref="fl-a"/>
      </object_component>
      <object_component id="oc-3d6">
         <name>.text:bme280_set_soft_rst</name>
         <load_address>0x99d0</load_address>
         <run_address>0x99d0</run_address>
         <size>0x44</size>
         <input_file_ref idref="fl-4"/>
      </object_component>
      <object_component id="oc-782">
         <name>.text</name>
         <load_address>0x9a14</load_address>
         <run_address>0x9a14</run_address>
         <size>0x44</size>
         <input_file_ref idref="fl-105"/>
      </object_component>
      <object_component id="oc-79a">
         <name>.text</name>
         <load_address>0x9a58</load_address>
         <run_address>0x9a58</run_address>
         <size>0x44</size>
         <input_file_ref idref="fl-10a"/>
      </object_component>
      <object_component id="oc-610">
         <name>.text:I2C_masterSendMultiByteStart</name>
         <load_address>0x9a9c</load_address>
         <run_address>0x9a9c</run_address>
         <size>0x40</size>
         <input_file_ref idref="fl-18"/>
      </object_component>
      <object_component id="oc-5ba">
         <name>.text:bmi160_fifo_data</name>
         <load_address>0x9adc</load_address>
         <run_address>0x9adc</run_address>
         <size>0x40</size>
         <input_file_ref idref="fl-6"/>
      </object_component>
      <object_component id="oc-2a9">
         <name>.text:bmi160_set_command_register</name>
         <load_address>0x9b1c</load_address>
         <run_address>0x9b1c</run_address>
         <size>0x40</size>
         <input_file_ref idref="fl-6"/>
      </object_component>
      <object_component id="oc-2f7">
         <name>.text:bmi160_set_fifo_wm</name>
         <load_address>0x9b5c</load_address>
         <run_address>0x9b5c</run_address>
         <size>0x40</size>
         <input_file_ref idref="fl-6"/>
      </object_component>
      <object_component id="oc-596">
         <name>.text:bmi160_set_mag_read_addr</name>
         <load_address>0x9b9c</load_address>
         <run_address>0x9b9c</run_address>
         <size>0x40</size>
         <input_file_ref idref="fl-6"/>
      </object_component>
      <object_component id="oc-57e">
         <name>.text:bmi160_set_mag_write_addr</name>
         <load_address>0x9bdc</load_address>
         <run_address>0x9bdc</run_address>
         <size>0x40</size>
         <input_file_ref idref="fl-6"/>
      </object_component>
      <object_component id="oc-578">
         <name>.text:bmi160_set_mag_write_data</name>
         <load_address>0x9c1c</load_address>
         <run_address>0x9c1c</run_address>
         <size>0x40</size>
         <input_file_ref idref="fl-6"/>
      </object_component>
      <object_component id="oc-152">
         <name>.text:bmi160_initialize_sensor</name>
         <load_address>0x9c5c</load_address>
         <run_address>0x9c5c</run_address>
         <size>0x3c</size>
         <input_file_ref idref="fl-7"/>
      </object_component>
      <object_component id="oc-372">
         <name>.text:I2C_routine</name>
         <load_address>0x9c98</load_address>
         <run_address>0x9c98</run_address>
         <size>0x38</size>
         <input_file_ref idref="fl-5"/>
      </object_component>
      <object_component id="oc-1d6">
         <name>.text</name>
         <load_address>0x9cd0</load_address>
         <run_address>0x9cd0</run_address>
         <size>0x38</size>
         <input_file_ref idref="fl-de"/>
      </object_component>
      <object_component id="oc-207">
         <name>.text</name>
         <load_address>0x9d08</load_address>
         <run_address>0x9d08</run_address>
         <size>0x36</size>
         <input_file_ref idref="fl-ea"/>
      </object_component>
      <object_component id="oc-513">
         <name>.text:bmi160_i2c_burst_read</name>
         <load_address>0x9d3e</load_address>
         <run_address>0x9d3e</run_address>
         <size>0x2e</size>
         <input_file_ref idref="fl-7"/>
      </object_component>
      <object_component id="oc-4be">
         <name>.text</name>
         <load_address>0x9d6c</load_address>
         <run_address>0x9d6c</run_address>
         <size>0x2e</size>
         <input_file_ref idref="fl-df"/>
      </object_component>
      <object_component id="oc-5e0">
         <name>.text:BME280_I2C_bus_read</name>
         <load_address>0x9d9a</load_address>
         <run_address>0x9d9a</run_address>
         <size>0x2c</size>
         <input_file_ref idref="fl-5"/>
      </object_component>
      <object_component id="oc-5da">
         <name>.text:BME280_I2C_bus_write</name>
         <load_address>0x9dc6</load_address>
         <run_address>0x9dc6</run_address>
         <size>0x2c</size>
         <input_file_ref idref="fl-5"/>
      </object_component>
      <object_component id="oc-50d">
         <name>.text:bmi160_i2c_bus_read</name>
         <load_address>0x9df2</load_address>
         <run_address>0x9df2</run_address>
         <size>0x2c</size>
         <input_file_ref idref="fl-7"/>
      </object_component>
      <object_component id="oc-507">
         <name>.text:bmi160_i2c_bus_write</name>
         <load_address>0x9e1e</load_address>
         <run_address>0x9e1e</run_address>
         <size>0x2c</size>
         <input_file_ref idref="fl-7"/>
      </object_component>
      <object_component id="oc-7c0">
         <name>.text</name>
         <load_address>0x9e4c</load_address>
         <run_address>0x9e4c</run_address>
         <size>0x2c</size>
         <input_file_ref idref="fl-118"/>
      </object_component>
      <object_component id="oc-18e">
         <name>.text:sensorOpt3001Enable</name>
         <load_address>0x9e78</load_address>
         <run_address>0x9e78</run_address>
         <size>0x2c</size>
         <input_file_ref idref="fl-b"/>
      </object_component>
      <object_component id="oc-700">
         <name>.text</name>
         <load_address>0x9ea4</load_address>
         <run_address>0x9ea4</run_address>
         <size>0x28</size>
         <input_file_ref idref="fl-10c"/>
      </object_component>
      <object_component id="oc-489">
         <name>.text</name>
         <load_address>0x9ecc</load_address>
         <run_address>0x9ecc</run_address>
         <size>0x28</size>
         <input_file_ref idref="fl-101"/>
      </object_component>
      <object_component id="oc-13a">
         <name>.text:startCrystalOscillator</name>
         <load_address>0x9ef4</load_address>
         <run_address>0x9ef4</run_address>
         <size>0x28</size>
         <input_file_ref idref="fl-a"/>
      </object_component>
      <object_component id="oc-6c6">
         <name>.text:DelayMs</name>
         <load_address>0x9f1c</load_address>
         <run_address>0x9f1c</run_address>
         <size>0x26</size>
         <input_file_ref idref="fl-8"/>
      </object_component>
      <object_component id="oc-6b6">
         <name>.text:CS_clearInterruptFlag</name>
         <load_address>0x9f44</load_address>
         <run_address>0x9f44</run_address>
         <size>0x24</size>
         <input_file_ref idref="fl-16"/>
      </object_component>
      <object_component id="oc-90">
         <name>.text:EUSCIA0_IRQHandler</name>
         <load_address>0x9f68</load_address>
         <run_address>0x9f68</run_address>
         <size>0x24</size>
         <input_file_ref idref="fl-d"/>
      </object_component>
      <object_component id="oc-134">
         <name>.text:GPIO_setAsOutputPin</name>
         <load_address>0x9f8c</load_address>
         <run_address>0x9f8c</run_address>
         <size>0x24</size>
         <input_file_ref idref="fl-17"/>
      </object_component>
      <object_component id="oc-497">
         <name>.text</name>
         <load_address>0x9fb0</load_address>
         <run_address>0x9fb0</run_address>
         <size>0x20</size>
         <input_file_ref idref="fl-fa"/>
      </object_component>
      <object_component id="oc-425">
         <name>.text</name>
         <load_address>0x9fd0</load_address>
         <run_address>0x9fd0</run_address>
         <size>0x20</size>
         <input_file_ref idref="fl-eb"/>
      </object_component>
      <object_component id="oc-14c">
         <name>.text:initI2C</name>
         <load_address>0x9ff0</load_address>
         <run_address>0x9ff0</run_address>
         <size>0x1c</size>
         <input_file_ref idref="fl-9"/>
      </object_component>
      <object_component id="oc-4e0">
         <name>.text</name>
         <load_address>0xa00c</load_address>
         <run_address>0xa00c</run_address>
         <size>0x1c</size>
         <input_file_ref idref="fl-f9"/>
      </object_component>
      <object_component id="oc-756">
         <name>.text:CS_getMCLK</name>
         <load_address>0xa028</load_address>
         <run_address>0xa028</run_address>
         <size>0x18</size>
         <input_file_ref idref="fl-16"/>
      </object_component>
      <object_component id="oc-271">
         <name>.text:CS_getSMCLK</name>
         <load_address>0xa040</load_address>
         <run_address>0xa040</run_address>
         <size>0x18</size>
         <input_file_ref idref="fl-16"/>
      </object_component>
      <object_component id="oc-8a">
         <name>.text:TA0_0_IRQHandler</name>
         <load_address>0xa058</load_address>
         <run_address>0xa058</run_address>
         <size>0x18</size>
         <input_file_ref idref="fl-a"/>
      </object_component>
      <object_component id="oc-68">
         <name>.text</name>
         <load_address>0xa070</load_address>
         <run_address>0xa070</run_address>
         <size>0x18</size>
         <input_file_ref idref="fl-ee"/>
      </object_component>
      <object_component id="oc-7e7">
         <name>.text</name>
         <load_address>0xa088</load_address>
         <run_address>0xa088</run_address>
         <size>0x18</size>
         <input_file_ref idref="fl-117"/>
      </object_component>
      <object_component id="oc-4d4">
         <name>.text</name>
         <load_address>0xa0a0</load_address>
         <run_address>0xa0a0</run_address>
         <size>0x16</size>
         <input_file_ref idref="fl-fe"/>
      </object_component>
      <object_component id="oc-242">
         <name>.text:CS_setExternalClockSourceFrequency</name>
         <load_address>0xa0b8</load_address>
         <run_address>0xa0b8</run_address>
         <size>0x14</size>
         <input_file_ref idref="fl-16"/>
      </object_component>
      <object_component id="oc-19a">
         <name>.text:GPIO_toggleOutputOnPin</name>
         <load_address>0xa0cc</load_address>
         <run_address>0xa0cc</run_address>
         <size>0x14</size>
         <input_file_ref idref="fl-17"/>
      </object_component>
      <object_component id="oc-1f3">
         <name>.text</name>
         <load_address>0xa0e0</load_address>
         <run_address>0xa0e0</run_address>
         <size>0x14</size>
         <input_file_ref idref="fl-ec"/>
      </object_component>
      <object_component id="oc-690">
         <name>.text</name>
         <load_address>0xa0f4</load_address>
         <run_address>0xa0f4</run_address>
         <size>0x14</size>
         <input_file_ref idref="fl-10d"/>
      </object_component>
      <object_component id="oc-7df">
         <name>.text</name>
         <load_address>0xa108</load_address>
         <run_address>0xa108</run_address>
         <size>0x14</size>
         <input_file_ref idref="fl-10f"/>
      </object_component>
      <object_component id="oc-491">
         <name>.text</name>
         <load_address>0xa11c</load_address>
         <run_address>0xa11c</run_address>
         <size>0x14</size>
         <input_file_ref idref="fl-ff"/>
      </object_component>
      <object_component id="oc-64c">
         <name>.text:SysCtl_A_disableNMISource</name>
         <load_address>0xa130</load_address>
         <run_address>0xa130</run_address>
         <size>0x10</size>
         <input_file_ref idref="fl-1a"/>
      </object_component>
      <object_component id="oc-658">
         <name>.text:SysCtl_A_enableNMISource</name>
         <load_address>0xa140</load_address>
         <run_address>0xa140</run_address>
         <size>0x10</size>
         <input_file_ref idref="fl-1a"/>
      </object_component>
      <object_component id="oc-646">
         <name>.text:SysCtl_A_getNMISourceStatus</name>
         <load_address>0xa150</load_address>
         <run_address>0xa150</run_address>
         <size>0x10</size>
         <input_file_ref idref="fl-1a"/>
      </object_component>
      <object_component id="oc-1a">
         <name>.text:decompress:none</name>
         <load_address>0xa160</load_address>
         <run_address>0xa160</run_address>
         <size>0xe</size>
         <input_file_ref idref="fl-d4"/>
      </object_component>
      <object_component id="oc-5e6">
         <name>.text:BME280_delay_msek</name>
         <load_address>0xa16e</load_address>
         <run_address>0xa16e</run_address>
         <size>0xc</size>
         <input_file_ref idref="fl-5"/>
      </object_component>
      <object_component id="oc-78">
         <name>.text:Reset_Handler</name>
         <load_address>0xa17a</load_address>
         <run_address>0xa17a</run_address>
         <size>0xc</size>
         <input_file_ref idref="fl-3"/>
      </object_component>
      <object_component id="oc-84">
         <name>.text:WDT_A_IRQHandler</name>
         <load_address>0xa188</load_address>
         <run_address>0xa188</run_address>
         <size>0xc</size>
         <input_file_ref idref="fl-a"/>
      </object_component>
      <object_component id="oc-519">
         <name>.text:bmi160_delay_ms</name>
         <load_address>0xa194</load_address>
         <run_address>0xa194</run_address>
         <size>0xc</size>
         <input_file_ref idref="fl-7"/>
      </object_component>
      <object_component id="oc-20">
         <name>.text:decompress:ZI</name>
         <load_address>0xa1a0</load_address>
         <run_address>0xa1a0</run_address>
         <size>0xc</size>
         <input_file_ref idref="fl-d5"/>
      </object_component>
      <object_component id="oc-17c">
         <name>.text:sensorOpt3001Init</name>
         <load_address>0xa1ac</load_address>
         <run_address>0xa1ac</run_address>
         <size>0xc</size>
         <input_file_ref idref="fl-b"/>
      </object_component>
      <object_component id="oc-182">
         <name>.text:sensorTmp007Init</name>
         <load_address>0xa1b8</load_address>
         <run_address>0xa1b8</run_address>
         <size>0xa</size>
         <input_file_ref idref="fl-c"/>
      </object_component>
      <object_component id="oc-248">
         <name>.text:CS_startHFXT</name>
         <load_address>0xa1c2</load_address>
         <run_address>0xa1c2</run_address>
         <size>0x6</size>
         <input_file_ref idref="fl-16"/>
      </object_component>
[...]
         <value>0x87b1</value>
         <object_component_ref idref="oc-146"/>
      </symbol>
      <symbol id="sm-c1b">
         <name>exp2l</name>
         <value>0x3ff9</value>
         <object_component_ref idref="oc-42a"/>
      </symbol>
      <symbol id="sm-c1c">
         <name>exp2</name>
         <value>0x3ff9</value>
         <object_component_ref idref="oc-42a"/>
      </symbol>
      <symbol id="sm-c3d">
         <name>snprintf</name>
         <value>0x7639</value>
         <object_component_ref idref="oc-1db"/>
      </symbol>
      <symbol id="sm-c45">
         <name>main_func_sp</name>
         <value>0x2000165c</value>
         <object_component_ref idref="oc-74"/>
      </symbol>
      <symbol id="sm-c55">
         <name>strncpy</name>
         <value>0x9d09</value>
         <object_component_ref idref="oc-207"/>
      </symbol>
      <symbol id="sm-c5f">
         <name>__aeabi_ui2d</name>
         <value>0x9fd1</value>
         <object_component_ref idref="oc-425"/>
      </symbol>
      <symbol id="sm-c78">
         <name>_nop</name>
         <value>0xa0ef</value>
         <object_component_ref idref="oc-1f3"/>
      </symbol>
      <symbol id="sm-c79">
         <name>_lock</name>
         <value>0x20001640</value>
         <object_component_ref idref="oc-e0"/>
      </symbol>
      <symbol id="sm-c7a">
         <name>_unlock</name>
         <value>0x20001644</value>
         <object_component_ref idref="oc-e0"/>
      </symbol>
      <symbol id="sm-c7b">
         <name>_register_lock</name>
         <value>0xa0e7</value>
         <object_component_ref idref="oc-1f3"/>
      </symbol>
      <symbol id="sm-c7c">
         <name>_register_unlock</name>
         <value>0xa0e1</value>
         <object_component_ref idref="oc-1f3"/>
      </symbol>
      <symbol id="sm-d7d">
         <name>__TI_printfi</name>
         <value>0x929</value>
         <object_component_ref idref="oc-261"/>
      </symbol>
      <symbol id="sm-d91">
         <name>_args_main</name>
         <value>0xa071</value>
         <object_component_ref idref="oc-68"/>
      </symbol>
      <symbol id="sm-da7">
         <name>atoi</name>
         <value>0x978d</value>
         <object_component_ref idref="oc-4da"/>
      </symbol>
      <symbol id="sm-dd1">
         <name>__TI_auto_init</name>
         <value>0x86c9</value>
         <object_component_ref idref="oc-62"/>
      </symbol>
      <symbol id="sm-deb">
         <name>copy_in</name>
         <value>0x97d9</value>
         <object_component_ref idref="oc-c7"/>
      </symbol>
      <symbol id="sm-df6">
         <name>_ctypes_</name>
         <value>0xb1d8</value>
         <object_component_ref idref="oc-69a"/>
      </symbol>
      <symbol id="sm-e0b">
         <name>__TI_tmpnams</name>
         <value>0x20000b64</value>
      </symbol>
      <symbol id="sm-e0c">
         <name>__aeabi_stdout</name>
         <value>0x20001620</value>
         <object_component_ref idref="oc-66e"/>
      </symbol>
      <symbol id="sm-e0d">
         <name>__aeabi_stderr</name>
         <value>0x20001624</value>
         <object_component_ref idref="oc-66e"/>
      </symbol>
      <symbol id="sm-e0e">
         <name>__aeabi_stdin</name>
         <value>0x2000161c</value>
         <object_component_ref idref="oc-66e"/>
      </symbol>
      <symbol id="sm-e0f">
         <name>_ftable</name>
         <value>0x20001404</value>
         <object_component_ref idref="oc-267"/>
      </symbol>
      <symbol id="sm-e10">
         <name>__TI_ft_end</name>
         <value>0x20001618</value>
         <object_component_ref idref="oc-66e"/>
      </symbol>
      <symbol id="sm-e18">
         <name>errno</name>
         <value>0x20001650</value>
         <object_component_ref idref="oc-628"/>
      </symbol>
      <symbol id="sm-e2f">
         <name>putc</name>
         <value>0x750d</value>
         <object_component_ref idref="oc-255"/>
      </symbol>
      <symbol id="sm-e30">
         <name>fputc</name>
         <value>0x750d</value>
         <object_component_ref idref="oc-255"/>
      </symbol>
      <symbol id="sm-e31">
         <name>putchar</name>
         <value>0x7591</value>
         <object_component_ref idref="oc-255"/>
      </symbol>
      <symbol id="sm-e53">
         <name>puts</name>
         <value>0x593d</value>
         <object_component_ref idref="oc-25b"/>
      </symbol>
      <symbol id="sm-e54">
         <name>fputs</name>
         <value>0x5831</value>
         <object_component_ref idref="oc-25b"/>
      </symbol>
      <symbol id="sm-e64">
         <name>ltoa</name>
         <value>0x9385</value>
         <object_component_ref idref="oc-4b8"/>
      </symbol>
      <symbol id="sm-e74">
         <name>memccpy</name>
         <value>0xa00d</value>
         <object_component_ref idref="oc-4e0"/>
      </symbol>
      <symbol id="sm-e84">
         <name>memchr</name>
         <value>0x9fb1</value>
         <object_component_ref idref="oc-497"/>
      </symbol>
      <symbol id="sm-e9f">
         <name>frexpl</name>
         <value>0x8cfd</value>
         <object_component_ref idref="oc-4c8"/>
      </symbol>
      <symbol id="sm-ea0">
         <name>frexp</name>
         <value>0x8cfd</value>
         <object_component_ref idref="oc-4c8"/>
      </symbol>
      <symbol id="sm-ebd">
         <name>scalbn</name>
         <value>0x5cb5</value>
         <object_component_ref idref="oc-4ce"/>
      </symbol>
      <symbol id="sm-ebe">
         <name>scalbnl</name>
         <value>0x5cb5</value>
         <object_component_ref idref="oc-4ce"/>
      </symbol>
      <symbol id="sm-ebf">
         <name>ldexpl</name>
         <value>0x5cb5</value>
         <object_component_ref idref="oc-4ce"/>
      </symbol>
      <symbol id="sm-ec0">
         <name>ldexp</name>
         <value>0x5cb5</value>
         <object_component_ref idref="oc-4ce"/>
      </symbol>
      <symbol id="sm-eca">
         <name>_system_post_cinit</name>
         <value>0x582f</value>
         <object_component_ref idref="oc-cd"/>
      </symbol>
      <symbol id="sm-eda">
         <name>strchr</name>
         <value>0xa0a1</value>
         <object_component_ref idref="oc-4d4"/>
      </symbol>
      <symbol id="sm-ee8">
         <name>strlen</name>
         <value>0xa11d</value>
         <object_component_ref idref="oc-491"/>
      </symbol>
      <symbol id="sm-f04">
         <name>__aeabi_uldivmod</name>
         <value>0x41f9</value>
         <object_component_ref idref="oc-49f"/>
      </symbol>
      <symbol id="sm-f2a">
         <name>_stream</name>
         <value>0x2000156c</value>
         <object_component_ref idref="oc-673"/>
      </symbol>
      <symbol id="sm-f2b">
         <name>_device</name>
         <value>0x200014f4</value>
         <object_component_ref idref="oc-721"/>
      </symbol>
      <symbol id="sm-f2c">
         <name>write</name>
         <value>0x9ecd</value>
         <object_component_ref idref="oc-489"/>
      </symbol>
      <symbol id="sm-f4a">
         <name>__TI_wrt_ok</name>
         <value>0x6ed5</value>
         <object_component_ref idref="oc-47d"/>
      </symbol>
      <symbol id="sm-f4b">
         <name>__TI_rd_ok</name>
         <value>0x6f37</value>
         <object_component_ref idref="oc-47d"/>
      </symbol>
      <symbol id="sm-f65">
         <name>__TI_doflush</name>
         <value>0x66b1</value>
         <object_component_ref idref="oc-483"/>
      </symbol>
      <symbol id="sm-f66">
         <name>fflush</name>
         <value>0x66fd</value>
         <object_component_ref idref="oc-483"/>
      </symbol>
      <symbol id="sm-f78">
         <name>fseek</name>
         <value>0x8c99</value>
         <object_component_ref idref="oc-660"/>
      </symbol>
      <symbol id="sm-f89">
         <name>HOSTclose</name>
         <value>0x9a15</value>
         <object_component_ref idref="oc-782"/>
      </symbol>
      <symbol id="sm-f9a">
         <name>HOSTlseek</name>
         <value>0x89d1</value>
         <object_component_ref idref="oc-794"/>
      </symbol>
      <symbol id="sm-fac">
         <name>parmbuf</name>
         <value>0x20000c78</value>
      </symbol>
      <symbol id="sm-fad">
         <name>HOSTopen</name>
         <value>0x8dc5</value>
         <object_component_ref idref="oc-77c"/>
      </symbol>
      <symbol id="sm-fbe">
         <name>HOSTread</name>
         <value>0x8f39</value>
         <object_component_ref idref="oc-788"/>
      </symbol>
      <symbol id="sm-fcf">
         <name>HOSTrename</name>
         <value>0x8a39</value>
         <object_component_ref idref="oc-7a0"/>
      </symbol>
      <symbol id="sm-fe0">
         <name>HOSTunlink</name>
         <value>0x9a59</value>
         <object_component_ref idref="oc-79a"/>
      </symbol>
      <symbol id="sm-ff1">
         <name>HOSTwrite</name>
         <value>0x8f91</value>
         <object_component_ref idref="oc-78e"/>
      </symbol>
      <symbol id="sm-1001">
         <name>lseek</name>
         <value>0x9ea5</value>
         <object_component_ref idref="oc-700"/>
      </symbol>
      <symbol id="sm-100b">
         <name>copysign</name>
         <value>0xa0f5</value>
         <object_component_ref idref="oc-690"/>
      </symbol>
      <symbol id="sm-100c">
         <name>copysignl</name>
         <value>0xa0f5</value>
         <object_component_ref idref="oc-690"/>
      </symbol>
      <symbol id="sm-1028">
         <name>setvbuf</name>
         <value>0x635d</value>
         <object_component_ref idref="oc-666"/>
      </symbol>
      <symbol id="sm-1036">
         <name>strcpy</name>
         <value>0xa109</value>
         <object_component_ref idref="oc-7df"/>
      </symbol>
      <symbol id="sm-1051">
         <name>__TI_readmsg</name>
         <value>0x8ad3</value>
         <object_component_ref idref="oc-7cb"/>
      </symbol>
      <symbol id="sm-1052">
         <name>C$$IO$$</name>
         <value>0x8acf</value>
         <object_component_ref idref="oc-7cb"/>
      </symbol>
      <symbol id="sm-1053">
         <name>__CIOBUF_</name>
         <value>0x20000a44</value>
         <object_component_ref idref="oc-7f7"/>
      </symbol>
      <symbol id="sm-1054">
         <name>__TI_writemsg</name>
         <value>0x8aa1</value>
         <object_component_ref idref="oc-7cb"/>
      </symbol>
      <symbol id="sm-108b">
         <name>__TI_cleanup</name>
         <value>0x44b5</value>
         <object_component_ref idref="oc-70e"/>
      </symbol>
      <symbol id="sm-108c">
         <name>freopen</name>
         <value>0x44e1</value>
         <object_component_ref idref="oc-70e"/>
      </symbol>
      <symbol id="sm-108d">
         <name>fopen</name>
         <value>0x450b</value>
         <object_component_ref idref="oc-70e"/>
      </symbol>
      <symbol id="sm-10ff">
         <name>_sys_memory</name>
         <value>0x20001668</value>
         <object_component_ref idref="oc-30"/>
      </symbol>
      <symbol id="sm-1100">
         <name>free</name>
         <value>0x31f7</value>
         <object_component_ref idref="oc-708"/>
      </symbol>
      <symbol id="sm-1101">
         <name>realloc</name>
         <value>0x32b7</value>
         <object_component_ref idref="oc-708"/>
      </symbol>
      <symbol id="sm-1102">
         <name>memalign</name>
         <value>0x33c1</value>
         <object_component_ref idref="oc-708"/>
      </symbol>
      <symbol id="sm-1103">
         <name>calloc</name>
         <value>0x34ad</value>
         <object_component_ref idref="oc-708"/>
      </symbol>
      <symbol id="sm-1104">
         <name>malloc</name>
         <value>0x318d</value>
         <object_component_ref idref="oc-708"/>
      </symbol>
      <symbol id="sm-1105">
         <name>minit</name>
         <value>0x310d</value>
         <object_component_ref idref="oc-708"/>
      </symbol>
      <symbol id="sm-1122">
         <name>open</name>
         <value>0x6bf5</value>
         <object_component_ref idref="oc-76b"/>
      </symbol>
      <symbol id="sm-1138">
         <name>__TI_closefile</name>
         <value>0x7475</value>
         <object_component_ref idref="oc-771"/>
      </symbol>
      <symbol id="sm-1139">
         <name>fclose</name>
         <value>0x74db</value>
         <object_component_ref idref="oc-771"/>
      </symbol>
      <symbol id="sm-1153">
         <name>finddevice</name>
         <value>0x8739</value>
         <object_component_ref idref="oc-7b1"/>
      </symbol>
      <symbol id="sm-1154">
         <name>getdevice</name>
         <value>0x8763</value>
         <object_component_ref idref="oc-7b1"/>
      </symbol>
      <symbol id="sm-1164">
         <name>strcmp</name>
         <value>0xa089</value>
         <object_component_ref idref="oc-7e7"/>
      </symbol>
      <symbol id="sm-1174">
         <name>unlink</name>
         <value>0x9e4d</value>
         <object_component_ref idref="oc-7c0"/>
      </symbol>
      <symbol id="sm-1188">
         <name>close</name>
         <value>0x8edd</value>
         <object_component_ref idref="oc-7ba"/>
      </symbol>
      <symbol id="sm-1189">
         <name>__TI_static_base__</name>
         <value>0x0</value>
      </symbol>
      <symbol id="sm-118c">
         <name>SHT$$INIT_ARRAY$$Limit</name>
         <value>0x0</value>
      </symbol>
      <symbol id="sm-118d">
         <name>SHT$$INIT_ARRAY$$Base</name>
         <value>0x0</value>
      </symbol>
      <symbol id="sm-118e">
         <name>NMI_Handler</name>
         <value>0x1223</value>
      </symbol>
      <symbol id="sm-118f">
         <name>HardFault_Handler</name>
         <value>0x1223</value>
      </symbol>
      <symbol id="sm-1190">
         <name>MemManage_Handler</name>
         <value>0x1223</value>
      </symbol>
      <symbol id="sm-1191">
         <name>BusFault_Handler</name>
         <value>0x1223</value>
      </symbol>
      <symbol id="sm-1192">
         <name>UsageFault_Handler</name>
         <value>0x1223</value>
      </symbol>
      <symbol id="sm-1193">
         <name>SVC_Handler</name>
         <value>0x1223</value>
      </symbol>
      <symbol id="sm-1194">
         <name>DebugMon_Handler</name>
         <value>0x1223</value>
      </symbol>
      <symbol id="sm-1195">
         <name>PendSV_Handler</name>
         <value>0x1223</value>
      </symbol>
      <symbol id="sm-1196">
         <name>SysTick_Handler</name>
         <value>0x1223</value>
      </symbol>
      <symbol id="sm-1197">
         <name>PSS_IRQHandler</name>
         <value>0x1223</value>
      </symbol>
      <symbol id="sm-1198">
         <name>CS_IRQHandler</name>
         <value>0x1223</value>
      </symbol>
      <symbol id="sm-1199">
         <name>PCM_IRQHandler</name>
         <value>0x1223</value>
      </symbol>
      <symbol id="sm-119a">
         <name>WDT_A_IRQHandler</name>
         <value>0xa189</value>
      </symbol>
      <symbol id="sm-119b">
         <name>FPU_IRQHandler</name>
         <value>0x1223</value>
      </symbol>
      <symbol id="sm-119c">
         <name>FLCTL_IRQHandler</name>
         <value>0x1223</value>
      </symbol>
      <symbol id="sm-119d">
         <name>COMP_E0_IRQHandler</name>
         <value>0x1223</value>
      </symbol>
      <symbol id="sm-119e">
         <name>COMP_E1_IRQHandler</name>
         <value>0x1223</value>
      </symbol>
      <symbol id="sm-119f">
         <name>TA0_0_IRQHandler</name>
         <value>0xa059</value>
      </symbol>
      <symbol id="sm-11a0">
         <name>TA0_N_IRQHandler</name>
         <value>0x1223</value>
      </symbol>
      <symbol id="sm-11a1">
         <name>TA1_0_IRQHandler</name>
         <value>0x1223</value>
      </symbol>
      <symbol id="sm-11a2">
         <name>TA1_N_IRQHandler</name>
         <value>0x1223</value>
      </symbol>
      <symbol id="sm-11a3">
         <name>TA2_0_IRQHandler</name>
         <value>0x1223</value>
      </symbol>
      <symbol id="sm-11a4">
         <name>TA2_N_IRQHandler</name>
         <value>0x1223</value>
      </symbol>
      <symbol id="sm-11a5">
         <name>TA3_0_IRQHandler</name>
         <value>0x1223</value>
      </symbol>
      <symbol id="sm-11a6">
         <name>TA3_N_IRQHandler</name>
         <value>0x1223</value>
      </symbol>
      <symbol id="sm-11a7">
         <name>EUSCIA0_IRQHandler</name>
         <value>0x9f69</value>
      </symbol>
      <symbol id="sm-11a8">
         <name>EUSCIA1_IRQHandler</name>
         <value>0x1223</value>
      </symbol>
      <symbol id="sm-11a9">
         <name>EUSCIA2_IRQHandler</name>
         <value>0x1223</value>
      </symbol>
      <symbol id="sm-11aa">
         <name>EUSCIA3_IRQHandler</name>
         <value>0x1223</value>
      </symbol>
      <symbol id="sm-11ab">
         <name>EUSCIB0_IRQHandler</name>
         <value>0x1223</value>
      </symbol>
      <symbol id="sm-11ac">
         <name>EUSCIB1_IRQHandler</name>
         <value>0x6189</value>
      </symbol>
      <symbol id="sm-11ad">
         <name>EUSCIB2_IRQHandler</name>
         <value>0x1223</value>
      </symbol>
      <symbol id="sm-11ae">
         <name>EUSCIB3_IRQHandler</name>
         <value>0x1223</value>
      </symbol>
      <symbol id="sm-11af">
         <name>ADC14_IRQHandler</name>
         <value>0x1223</value>
      </symbol>
      <symbol id="sm-11b0">
         <name>T32_INT1_IRQHandler</name>
         <value>0x1223</value>
      </symbol>
      <symbol id="sm-11b1">
         <name>T32_INT2_IRQHandler</name>
         <value>0x1223</value>
      </symbol>
      <symbol id="sm-11b2">
         <name>T32_INTC_IRQHandler</name>
         <value>0x1223</value>
      </symbol>
      <symbol id="sm-11b3">
         <name>AES256_IRQHandler</name>
         <value>0x1223</value>
      </symbol>
      <symbol id="sm-11b4">
         <name>RTC_C_IRQHandler</name>
         <value>0x1223</value>
      </symbol>
      <symbol id="sm-11b5">
         <name>DMA_ERR_IRQHandler</name>
         <value>0x1223</value>
      </symbol>
      <symbol id="sm-11b6">
         <name>DMA_INT3_IRQHandler</name>
         <value>0x1223</value>
      </symbol>
      <symbol id="sm-11b7">
         <name>DMA_INT2_IRQHandler</name>
         <value>0x1223</value>
      </symbol>
      <symbol id="sm-11b8">
         <name>DMA_INT1_IRQHandler</name>
         <value>0x1223</value>
      </symbol>
      <symbol id="sm-11b9">
         <name>DMA_INT0_IRQHandler</name>
         <value>0x1223</value>
      </symbol>
      <symbol id="sm-11ba">
         <name>PORT1_IRQHandler</name>
         <value>0x942d</value>
      </symbol>
      <symbol id="sm-11bb">
         <name>PORT2_IRQHandler</name>
         <value>0x1223</value>
      </symbol>
      <symbol id="sm-11bc">
         <name>PORT3_IRQHandler</name>
         <value>0x1223</value>
      </symbol>
      <symbol id="sm-11bd">
         <name>PORT4_IRQHandler</name>
         <value>0x1223</value>
      </symbol>
      <symbol id="sm-11be">
         <name>PORT5_IRQHandler</name>
         <value>0x998d</value>
      </symbol>
      <symbol id="sm-11bf">
         <name>PORT6_IRQHandler</name>
         <value>0x1223</value>
      </symbol>
      <symbol id="sm-11c0">
         <name>remove</name>
         <value>0x9e4d</value>
      </symbol>
   </symbol_table>
   <title>Link successful</title>
</link_info>
