******************************************************************************
                  TI ARM Linker PC v16.9.6                     
******************************************************************************
>> Linked Mon Nov 27 16:35:30 2017

OUTPUT FILE NAME:   <boostxl_sensors_Quat_msp432nortos_ccs.out>
ENTRY POINT SYMBOL: "_c_int00"  address: 00008f01


MEMORY CONFIGURATION

         name            origin    length      used     unused   attr    fill
----------------------  --------  ---------  --------  --------  ----  --------
  MAIN                  00000000   00040000  00009efa  00036106  R  X
  INFO                  00200000   00004000  00000000  00004000  R  X
  SRAM_CODE             01000000   00010000  0000205f  0000dfa1  RW X
  SRAM_DATA             20000000   00010000  0000205f  0000dfa1  RW  


SEGMENT ALLOCATION MAP

run origin  load origin   length   init length attrs members
----------  ----------- ---------- ----------- ----- -------
00000000    00000000    00009f00   00009f00    r-x
  00000000    00000000    000000e4   000000e4    r-- .intvecs
  000000e4    000000e4    00009c22   00009c22    r-x .text
  00009d08    00009d08    00000134   00000134    r-- .const
  00009e40    00009e40    000000c0   000000c0    r-- .cinit
20000000    20000000    00001e68   00000000    rw-
  20000000    20000000    00000cba   00000000    rw- .bss
  20000cbc    20000cbc    000009a5   00000000    rw- .data
  20001668    20001668    00000800   00000000    rw- .sysmem
2000fe00    2000fe00    00000200   00000000    rw-
  2000fe00    2000fe00    00000200   00000000    rw- .stack


SECTION ALLOCATION MAP

 output                                  attributes/
section   page    origin      length       input sections
--------  ----  ----------  ----------   ----------------
.intvecs   0    00000000    000000e4     
                  00000000    000000e4     startup_msp432p401r_ccs.obj (.intvecs:retain)

.binit     0    00000000    00000000     

.text      0    000000e4    00009c22     
                  000000e4    0000113e     rtsv7M4_T_le_v4SPD16_eabi.lib : _printfi.obj (.text)
                  00001222    00000002     startup_msp432p401r_ccs.obj (.text:Default_Handler)
                  00001224    00000a58     bmi160_support.obj (.text:bmi160_config_running_mode)
                  00001c7c    000009d0     bmi160.obj (.text:bmi160_read_fifo_header_data)
                  0000264c    0000054c     main.obj (.text:main)
                  00002b98    000004ac     bmi160.obj (.text:bmi160_read_bmm150_mag_trim)
                  00003044    000003d0     rtsv7M4_T_le_v4SPD16_eabi.lib : memory.obj (.text)
                  00003414    00000358     bmi160.obj (.text:bmi160_set_bmm150_mag_presetmode)
                  0000376c    000002d8     bmi160.obj (.text:bmi160_set_intr_enable_0)
                  00003a44    0000029c     bmi160.obj (.text:bmi160_bmm150_mag_interface_init)
                  00003ce0    00000250     bmi160.obj (.text:bmi160_accel_foc_trigger_xyz)
                  00003f30    000001f4     rtsv7M4_T_le_v4SPD16_eabi.lib : ull_div_t2.obj (.text)
                  00004124    000001c4                                   : fopen.obj (.text)
                  000042e8    000001b6                                   : fd_add_t2.obj (.text)
                  0000449e    00000002     main.obj (.text:WDT_A_IRQHandler)
                  000044a0    000001a0     bme280.obj (.text:bme280_get_calib_param)
                  00004640    00000198     bme280.obj (.text:bme280_set_oversamp_humidity)
                  000047d8    0000018c     bmi160.obj (.text:bmi160_set_foc_gyro_enable)
                  00004964    00000178     bme280.obj (.text:bme280_set_power_mode)
                  00004adc    0000016c     bme280.obj (.text:bme280_set_oversamp_temperature)
                  00004c48    00000164     bme280.obj (.text:bme280_set_standby_durn)
                  00004dac    00000160     bmi160.obj (.text:bmi160_bmm150_mag_set_power_mode)
                  00004f0c    00000158     bme280.obj (.text:bme280_set_oversamp_pressure)
                  00005064    00000158     bmi160.obj (.text:bmi160_set_intr_enable_2)
                  000051bc    0000013c     i2c_driver.obj (.text:readBurstI2C)
                  000052f8    00000138     i2c_driver.obj (.text:readI2C)
                  00005430    00000136     rtsv7M4_T_le_v4SPD16_eabi.lib : fd_div_t2.obj (.text)
                  00005566    00000002                                   : mpu_init.obj (.text)
                  00005568    00000134                                   : fputs.obj (.text)
                  0000569c    00000130     bme280.obj (.text:bme280_compensate_pressure_int32)
                  000057cc    00000126     main.obj (.text:QuaternionProduct)
                  000058f2    00000002     rtsv7M4_T_le_v4SPD16_eabi.lib : startup.obj (.text)
                  000058f4    00000124     bmi160.obj (.text:bmi160_set_bmm150_mag_and_secondary_if_power_mode)
                  00005a18    000000fc     rtsv7M4_T_le_v4SPD16_eabi.lib : fd_mul_t2.obj (.text)
                  00005b14    000000fc                                   : s_scalbn.obj (.text)
                  00005c10    000000f8     bmi160.obj (.text:bmi160_set_intr_fifo_wm)
                  00005d08    000000f8     bmi160.obj (.text:bmi160_set_intr_level)
                  00005e00    000000f8     bmi160.obj (.text:bmi160_set_output_enable)
                  00005ef8    000000f0     bme280_support.obj (.text:bme280_data_readout_template)
                  00005fe8    000000ec     i2c_driver.obj (.text:EUSCIB1_IRQHandler)
                  000060d4    000000e8     i2c_driver.obj (.text:writeI2C)
                  000061bc    000000dc     rtsv7M4_T_le_v4SPD16_eabi.lib : setvbuf.obj (.text)
                  00006298    000000d4     bmi160.obj (.text:bmi160_bmm150_mag_wakeup)
                  0000636c    000000d0     bmi160.obj (.text:bmi160_set_gyro_output_data_rate)
                  0000643c    000000c8     rtsv7M4_T_le_v4SPD16_eabi.lib : fflush.obj (.text)
                  00006504    000000c4     bmi160.obj (.text:bmi160_bmm150_mag_compensate_X)
                  000065c8    000000c4     bmi160.obj (.text:bmi160_bmm150_mag_compensate_Y)
                  0000668c    000000c0     bmi160.obj (.text:bmi160_read_mag_xyzr)
                  0000674c    000000bc     bme280.obj (.text:bme280_compensate_humidity_int32)
                  00006808    000000bc     bmi160.obj (.text:bmi160_get_gyro_offset_compensation_yaxis)
                  000068c4    000000bc     bmi160.obj (.text:bmi160_get_gyro_offset_compensation_zaxis)
                  00006980    000000bc     rtsv7M4_T_le_v4SPD16_eabi.lib : open.obj (.text)
                  00006a3c    000000b8     msp432p4xx_driverlib.lib : cs_MSP432P4XX.obj (.text:CS_getDCOFrequency)
                  00006af4    000000b8     bmi160.obj (.text:bmi160_get_gyro_offset_compensation_xaxis)
                  00006bac    000000b4     main.obj (.text:setSystemClock)
                  00006c60    000000ac     rtsv7M4_T_le_v4SPD16_eabi.lib : _io_perm.obj (.text)
                  00006d0c    000000ac     uart_driver.obj (.text:uartReceive)
                  00006db8    000000a8     bmi160.obj (.text:bmi160_set_mag_output_data_rate)
                  00006e60    0000009c     msp432p4xx_driverlib.lib : cs_MSP432P4XX.obj (.text:CS_startHFXTWithTimeout)
                  00006efc    0000009c                              : cs_MSP432P4XX.obj (.text:CS_startLFXTWithTimeout)
                  00006f98    0000009c                              : cs_MSP432P4XX.obj (.text:_CSComputeCLKFrequency)
                  00007034    0000009c     rtsv7M4_T_le_v4SPD16_eabi.lib : memcpy_t2.obj (.text)
                  000070d0    00000098     bme280.obj (.text:bme280_read_uncomp_pressure_temperature_humidity)
                  00007168    00000098     bmi160.obj (.text:bmi160_set_accel_output_data_rate)
                  00007200    00000098     rtsv7M4_T_le_v4SPD16_eabi.lib : fclose.obj (.text)
                  00007298    00000098                                   : fputc.obj (.text)
                  00007330    00000094     bmi160.obj (.text:bmi160_bmm150_mag_compensate_Z)
                  000073c4    00000090     bmi160.obj (.text:bmi160_set_accel_bw)
                  00007454    00000090     bmi160.obj (.text:bmi160_set_fifo_accel_enable)
                  000074e4    00000090     bmi160.obj (.text:bmi160_set_fifo_gyro_enable)
                  00007574    00000090     bmi160.obj (.text:bmi160_set_fifo_header_enable)
                  00007604    00000090     bmi160.obj (.text:bmi160_set_fifo_mag_enable)
                  00007694    00000090     bmi160.obj (.text:bmi160_set_fifo_stop_on_full)
                  00007724    00000090     bmi160.obj (.text:bmi160_set_fifo_time_enable)
                  000077b4    00000090     bmi160.obj (.text:bmi160_set_gyro_bw)
                  00007844    00000090     bmi160.obj (.text:bmi160_set_gyro_range)
                  000078d4    00000090     bmi160.obj (.text:bmi160_set_gyro_sleep_state)
                  00007964    00000090     bmi160.obj (.text:bmi160_set_gyro_sleep_trigger)
                  000079f4    00000090     bmi160.obj (.text:bmi160_set_gyro_wakeup_intr)
                  00007a84    00000090     bmi160.obj (.text:bmi160_set_gyro_wakeup_trigger)
                  00007b14    00000090     bmi160.obj (.text:bmi160_set_if_mode)
                  00007ba4    00000090     bmi160.obj (.text:bmi160_set_mag_manual_enable)
                  00007c34    00000090     bmi160.obj (.text:bmi160_set_paging_enable)
                  00007cc4    00000090     bmi160.obj (.text:bmi160_set_pullup_configuration)
                  00007d54    00000090     bmi160.obj (.text:bmi160_set_target_page)
                  00007de4    00000086     rtsv7M4_T_le_v4SPD16_eabi.lib : fd_cmp_t2.obj (.text:__aeabi_cdcmple)
                  00007e6a    00000086                                   : fd_cmp_t2.obj (.text:__aeabi_cdrcmple)
                  00007ef0    00000080     bmi160_support.obj (.text:bmi160_interrupt_configuration)
                  00007f70    00000080     bmi160.obj (.text:bmi160_set_accel_offset_enable)
                  00007ff0    00000080     bmi160.obj (.text:bmi160_set_gyro_offset_enable)
                  00008070    00000080     bmi160.obj (.text:bmi160_set_i2c_device_addr)
                  000080f0    0000007c     bme280.obj (.text:bme280_compensate_temperature_int32)
                  0000816c    0000007a     rtsv7M4_T_le_v4SPD16_eabi.lib : memset_t2.obj (.text)
                  000081e6    00000002     --HOLE-- [fill = 0]
                  000081e8    00000078     system_msp432p401r.obj (.text:SystemInit)
                  00008260    00000078     bmi160.obj (.text:bmi160_read_accel_xyz)
                  000082d8    00000078     bmi160.obj (.text:bmi160_read_gyro_xyz)
                  00008350    00000070     msp432p4xx_driverlib.lib : cs_MSP432P4XX.obj (.text:_CSGetHFXTFrequency)
                  000083c0    00000070     rtsv7M4_T_le_v4SPD16_eabi.lib : autoinit.obj (.text)
                  00008430    00000070                                   : getdevice.obj (.text)
                  000084a0    00000070                                   : printf.obj (.text)
                  00008510    00000070     tmp007.obj (.text:sensorTmp007Enable)
                  00008580    0000006e     rtsv7M4_T_le_v4SPD16_eabi.lib : fd_tos_t2.obj (.text)
                  000085ee    00000068                                   : copy_decompress_lzss.obj (.text:decompress:lzss)
                  00008656    00000002     --HOLE-- [fill = 0]
                  00008658    00000068                                   : hostlseek.obj (.text)
                  000086c0    00000068                                   : hostrename.obj (.text)
                  00008728    00000068                                   : trgmsg.obj (.text)
                  00008790    00000064     bme280.obj (.text:bme280_read_pressure_temperature_humidity)
                  000087f4    00000064     bme280.obj (.text:bme280_read_uncomp_pressure)
                  00008858    00000064     bme280.obj (.text:bme280_read_uncomp_temperature)
                  000088bc    00000064     bmi160.obj (.text:bmi160_init)
                  00008920    00000064     rtsv7M4_T_le_v4SPD16_eabi.lib : fseek.obj (.text)
                  00008984    00000064                                   : s_frexp.obj (.text)
                  000089e8    00000060                                   : hostopen.obj (.text)
                  00008a48    0000005c     bme280.obj (.text:bme280_init)
                  00008aa4    0000005c     bme280.obj (.text:bme280_read_uncomp_humidity)
                  00008b00    0000005c     rtsv7M4_T_le_v4SPD16_eabi.lib : close.obj (.text)
                  00008b5c    00000058                                   : hostread.obj (.text)
                  00008bb4    00000058                                   : hostwrite.obj (.text)
                  00008c0c    00000054     msp432p4xx_driverlib.lib : sysctl_a_MSP432P4XX.obj (.text:SysCtl_A_getTLVInfo)
                  00008c60    00000054     bme280.obj (.text:bme280_get_power_mode)
                  00008cb4    00000054     bme280.obj (.text:bme280_get_standby_durn)
                  00008d08    00000054     bmi160.obj (.text:bmi160_get_foc_rdy)
                  00008d5c    00000054     bmi160.obj (.text:bmi160_get_if_mode)
                  00008db0    00000054     bmi160.obj (.text:bmi160_get_mag_manual_enable)
                  00008e04    00000054     bmi160.obj (.text:bmi160_get_paging_enable)
                  00008e58    00000054     bmi160.obj (.text:bmi160_get_pullup_configuration)
                  00008eac    00000054     bmi160.obj (.text:bmi160_get_target_page)
                  00008f00    00000054     rtsv7M4_T_le_v4SPD16_eabi.lib : boot.obj (.text)
                  00008f54    00000054                                   : exit.obj (.text)
                  00008fa8    00000054                                   : ltoa.obj (.text)
                  00008ffc    00000052     bmi160.obj (.text:bmi160_bmm150_mag_compensate_xyz)
                  0000904e    00000002     --HOLE-- [fill = 0]
                  00009050    00000050     main.obj (.text:PORT1_IRQHandler)
                  000090a0    00000050     bmi160.obj (.text:bmi160_get_accel_offset_compensation_xaxis)
                  000090f0    00000050     bmi160.obj (.text:bmi160_get_accel_offset_compensation_yaxis)
                  00009140    00000050     bmi160.obj (.text:bmi160_get_accel_offset_compensation_zaxis)
                  00009190    00000050     bmi160.obj (.text:bmi160_get_mag_power_mode_stat)
                  000091e0    0000004c     msp432p4xx_driverlib.lib : gpio_MSP432P4XX.obj (.text:GPIO_setAsPeripheralModuleFunctionOutputPin)
                  0000922c    0000004c                              : cs_MSP432P4XX.obj (.text:_CSGetDOCFrequency)
                  00009278    0000004c     bme280.obj (.text:bme280_read_register)
                  000092c4    0000004c     bme280.obj (.text:bme280_write_register)
                  00009310    0000004c     rtsv7M4_T_le_v4SPD16_eabi.lib : atoi.obj (.text)
                  0000935c    0000004c                                   : cpy_tbl.obj (.text)
                  000093a8    00000048     msp432p4xx_driverlib.lib : cs_MSP432P4XX.obj (.text:_CSGetDividerValue)
                  000093f0    00000048     bmi160.obj (.text:bmi160_read_reg)
                  00009438    00000048     bmi160.obj (.text:bmi160_write_reg)
                  00009480    00000048     bmi160_support.obj (.text:i2c_routine)
                  000094c8    00000048     rtsv7M4_T_le_v4SPD16_eabi.lib : fd_toi_t2.obj (.text)
                  00009510    00000044     main.obj (.text:PORT5_IRQHandler)
                  00009554    00000044     bme280.obj (.text:bme280_set_soft_rst)
                  00009598    00000044     rtsv7M4_T_le_v4SPD16_eabi.lib : hostclose.obj (.text)
                  000095dc    00000044                                   : hostunlink.obj (.text)
                  00009620    00000040     msp432p4xx_driverlib.lib : i2c_MSP432P4XX.obj (.text:I2C_masterSendMultiByteStart)
                  00009660    00000040     bmi160.obj (.text:bmi160_fifo_data)
                  000096a0    00000040     bmi160.obj (.text:bmi160_set_command_register)
                  000096e0    00000040     bmi160.obj (.text:bmi160_set_fifo_wm)
                  00009720    00000040     bmi160.obj (.text:bmi160_set_mag_read_addr)
                  00009760    00000040     bmi160.obj (.text:bmi160_set_mag_write_addr)
                  000097a0    00000040     bmi160.obj (.text:bmi160_set_mag_write_data)
                  000097e0    0000003c     bmi160_support.obj (.text:bmi160_initialize_sensor)
                  0000981c    00000038     bme280_support.obj (.text:I2C_routine)
                  00009854    00000038     rtsv7M4_T_le_v4SPD16_eabi.lib : fs_tod_t2.obj (.text)
                  0000988c    00000036                                   : strncpy.obj (.text)
                  000098c2    0000002e     bmi160_support.obj (.text:bmi160_i2c_burst_read)
                  000098f0    0000002e     rtsv7M4_T_le_v4SPD16_eabi.lib : i_tofd_t2.obj (.text)
                  0000991e    0000002c     bme280_support.obj (.text:BME280_I2C_bus_read)
                  0000994a    0000002c     bme280_support.obj (.text:BME280_I2C_bus_write)
                  00009976    0000002c     bmi160_support.obj (.text:bmi160_i2c_bus_read)
                  000099a2    0000002c     bmi160_support.obj (.text:bmi160_i2c_bus_write)
                  000099ce    00000002     --HOLE-- [fill = 0]
                  000099d0    0000002c     rtsv7M4_T_le_v4SPD16_eabi.lib : unlink.obj (.text)
                  000099fc    0000002c     opt3001.obj (.text:sensorOpt3001Enable)
                  00009a28    00000028     rtsv7M4_T_le_v4SPD16_eabi.lib : lseek.obj (.text)
                  00009a50    00000028                                   : write.obj (.text)
                  00009a78    00000028     main.obj (.text:startCrystalOscillator)
                  00009aa0    00000026     demo_sysctl.obj (.text:DelayMs)
                  00009ac6    00000002     --HOLE-- [fill = 0]
                  00009ac8    00000024     msp432p4xx_driverlib.lib : cs_MSP432P4XX.obj (.text:CS_clearInterruptFlag)
                  00009aec    00000024     uart_driver.obj (.text:EUSCIA0_IRQHandler)
                  00009b10    00000020     rtsv7M4_T_le_v4SPD16_eabi.lib : memchr.obj (.text)
                  00009b30    0000001c     i2c_driver.obj (.text:initI2C)
                  00009b4c    0000001c     rtsv7M4_T_le_v4SPD16_eabi.lib : memccpy.obj (.text)
                  00009b68    00000018     msp432p4xx_driverlib.lib : cs_MSP432P4XX.obj (.text:CS_getMCLK)
                  00009b80    00000018                              : cs_MSP432P4XX.obj (.text:CS_getSMCLK)
                  00009b98    00000018     main.obj (.text:TA0_0_IRQHandler)
                  00009bb0    00000018     rtsv7M4_T_le_v4SPD16_eabi.lib : args_main.obj (.text)
                  00009bc8    00000018                                   : strcmp.obj (.text)
                  00009be0    00000016                                   : strchr.obj (.text)
                  00009bf6    00000002     --HOLE-- [fill = 0]
                  00009bf8    00000014     msp432p4xx_driverlib.lib : cs_MSP432P4XX.obj (.text:CS_setExternalClockSourceFrequency)
                  00009c0c    00000014     main.obj (.text:_system_pre_init)
                  00009c20    00000014     rtsv7M4_T_le_v4SPD16_eabi.lib : _lock.obj (.text)
                  00009c34    00000014                                   : s_copysign.obj (.text)
                  00009c48    00000014                                   : strcpy.obj (.text)
                  00009c5c    00000014                                   : strlen.obj (.text)
                  00009c70    00000010     msp432p4xx_driverlib.lib : sysctl_a_MSP432P4XX.obj (.text:SysCtl_A_disableNMISource)
                  00009c80    00000010                              : sysctl_a_MSP432P4XX.obj (.text:SysCtl_A_enableNMISource)
                  00009c90    00000010                              : sysctl_a_MSP432P4XX.obj (.text:SysCtl_A_getNMISourceStatus)
                  00009ca0    0000000e     rtsv7M4_T_le_v4SPD16_eabi.lib : copy_decompress_none.obj (.text:decompress:none)
                  00009cae    0000000c     bme280_support.obj (.text:BME280_delay_msek)
                  00009cba    0000000c     startup_msp432p401r_ccs.obj (.text:Reset_Handler)
                  00009cc6    0000000c     bmi160_support.obj (.text:bmi160_delay_ms)
                  00009cd2    0000000c     rtsv7M4_T_le_v4SPD16_eabi.lib : copy_zero_init.obj (.text:decompress:ZI)
                  00009cde    0000000c     opt3001.obj (.text:sensorOpt3001Init)
                  00009cea    0000000a     tmp007.obj (.text:sensorTmp007Init)
                  00009cf4    00000006     msp432p4xx_driverlib.lib : cs_MSP432P4XX.obj (.text:CS_startHFXT)
                  00009cfa    00000006                              : cs_MSP432P4XX.obj (.text:CS_startLFXT)
                  00009d00    00000006     demo_sysctl.obj (.text:SysCtlDelay)

.const     0    00009d08    00000134     
                  00009d08    00000101     rtsv7M4_T_le_v4SPD16_eabi.lib : ctype.obj (.const:.string:_ctypes_)
                  00009e09    00000003     --HOLE-- [fill = 0]
                  00009e0c    00000030     msp432p4xx_driverlib.lib : gpio_MSP432P4XX.obj (.const:GPIO_PORT_TO_BASE)

.cinit     0    00009e40    000000c0     
                  00009e40    00000095     (.cinit..data.load) [load image, compression = lzss]
                  00009ed5    00000003     --HOLE-- [fill = 0]
                  00009ed8    0000000c     (__TI_handler_table)
                  00009ee4    00000004     --HOLE-- [fill = 0]
                  00009ee8    00000008     (.cinit..bss.load) [load image, compression = zero_init]
                  00009ef0    00000010     (__TI_cinit_table)

.init_array 
*          0    00000000    00000000     UNINITIALIZED

.bss       0    20000000    00000cba     UNINITIALIZED
                  20000000    0000036c     (.common:accel_fifo)
                  2000036c    0000036c     (.common:gyro_fifo)
                  200006d8    0000036c     (.common:mag_fifo)
                  20000a44    00000120     rtsv7M4_T_le_v4SPD16_eabi.lib : trgmsg.obj (.bss:_CIOBUF_)
                  20000b64    000000a0     (.common:__TI_tmpnams)
                  20000c04    0000003c     (.common:bme280)
                  20000c40    00000014     (.common:s_bmi160)
                  20000c54    00000010     bmi160.obj (.bss:mag_trim)
                  20000c64    0000000c     (.common:s_magcompXYZ)
                  20000c70    00000008     msp432p4xx_driverlib.lib : cs_MSP432P4XX.obj (.bss)
                  20000c78    00000008     (.common:parmbuf)
                  20000c80    00000006     (.common:accelxyz)
                  20000c86    00000006     (.common:gyroxyz)
                  20000c8c    00000006     (.common:s_accelXYZ)
                  20000c92    00000006     (.common:s_gyroXYZ)
                  20000c98    00000004     bme280.obj (.bss)
                  20000c9c    00000004     bmi160.obj (.bss)
                  20000ca0    00000004     (.common:g_ui32ByteCount)
                  20000ca4    00000004     (.common:pData)
                  20000ca8    00000004     (.common:returnRslt)
                  20000cac    00000002     tmp007.obj (.bss)
                  20000cae    00000002     (.common:gyro_off_x)
                  20000cb0    00000002     (.common:gyro_off_y)
                  20000cb2    00000002     (.common:gyro_off_z)
                  20000cb4    00000001     (.common:accel_off_x)
                  20000cb5    00000001     (.common:accel_off_y)
                  20000cb6    00000001     (.common:accel_off_z)
                  20000cb7    00000001     (.common:returnValue)
                  20000cb8    00000001     (.common:ui8DummyRead)
                  20000cb9    00000001     (.common:ui8Status)

.data      0    20000cbc    000009a5     UNINITIALIZED
                  20000cbc    00000400     bmi160.obj (.data:v_fifo_data_u8)
                  200010bc    0000021f     uart_driver.obj (.data:test)
                  200012db    0000010f     uart_driver.obj (.data:pieceOfString$2)
                  200013ea    00000002     uart_driver.obj (.data)
                  200013ec    000000f0     rtsv7M4_T_le_v4SPD16_eabi.lib : defs.obj (.data:_ftable)
                  200014dc    00000078                                   : write.obj (.data:_device)
                  20001554    00000060     main.obj (.data)
                  200015b4    00000050     rtsv7M4_T_le_v4SPD16_eabi.lib : write.obj (.data:_stream)
                  20001604    00000014     i2c_driver.obj (.data:i2cConfig)
                  20001618    00000010     rtsv7M4_T_le_v4SPD16_eabi.lib : defs.obj (.data)
                  20001628    0000000c                                   : exit.obj (.data:$O1$$)
                  20001634    0000000c                                   : memory.obj (.data:$O1$$)
                  20001640    00000008                                   : _lock.obj (.data:$O1$$)
                  20001648    00000008     bmi160.obj (.data)
                  20001650    00000004     rtsv7M4_T_le_v4SPD16_eabi.lib : errno.obj (.data)
                  20001654    00000004                                   : fopen.obj (.data)
                  20001658    00000004                                   : open.obj (.data)
                  2000165c    00000004                                   : stkdepth_vars.obj (.data)
                  20001660    00000001     i2c_driver.obj (.data)

.sysmem    0    20001668    00000800     UNINITIALIZED
                  20001668    00000008     rtsv7M4_T_le_v4SPD16_eabi.lib : memory.obj (.sysmem)
                  20001670    000007f8     --HOLE--

.stack     0    2000fe00    00000200     UNINITIALIZED
                  2000fe00    00000200     --HOLE--

MODULE SUMMARY

       Module                        code    ro data   rw data
       ------                        ----    -------   -------
    .\
       system_msp432p401r.obj        120     0         0      
    +--+-----------------------------+-------+---------+---------+
       Total:                        120     0         0      
                                                              
    .\ccs\
       startup_msp432p401r_ccs.obj   14      228       0      
    +--+-----------------------------+-------+---------+---------+
       Total:                        14      228       0      
                                                              
    .\src\
       bmi160.obj                    15462   0         7360   
       bme280.obj                    3904    0         8      
       bmi160_support.obj            3054    0         64     
       main.obj                      2064    0         268    
       uart_driver.obj               208     0         1632   
       i2c_driver.obj                1124    0         62     
       bme280_support.obj            396     0         120    
       tmp007.obj                    122     0         4      
       opt3001.obj                   56      0         0      
       demo_sysctl.obj               44      0         0      
    +--+-----------------------------+-------+---------+---------+
       Total:                        26434   0         9518   
                                                              
    C:/ti/simplelink_msp432p4_sdk_1_50_00_12/source/ti/devices/msp432p4xx/driverlib/ccs/msp432p4xx_driverlib.lib
       cs_MSP432P4XX.obj             1028    0         16     
       sysctl_a_MSP432P4XX.obj       132     0         0      
       gpio_MSP432P4XX.obj           76      48        0      
       i2c_MSP432P4XX.obj            64      0         0      
    +--+-----------------------------+-------+---------+---------+
       Total:                        1300    48        16     
                                                              
    C:\ti\ccsv7\tools\compiler\ti-cgt-arm_16.9.6.LTS\lib\rtsv7M4_T_le_v4SPD16_eabi.lib
       _printfi.obj                  4414    0         0      
       memory.obj                    976     0         24     
       defs.obj                      0       0         832    
       trgmsg.obj                    104     0         576    
       ull_div_t2.obj                500     0         0      
       fopen.obj                     452     0         8      
       write.obj                     40      0         400    
       fd_add_t2.obj                 438     0         0      
       fd_div_t2.obj                 310     0         0      
       fputs.obj                     308     0         0      
       fd_cmp_t2.obj                 268     0         0      
       ctype.obj                     0       257       0      
       fd_mul_t2.obj                 252     0         0      
       s_scalbn.obj                  252     0         0      
       setvbuf.obj                   220     0         0      
       fflush.obj                    200     0         0      
       open.obj                      188     0         8      
       _io_perm.obj                  172     0         0      
       memcpy_t2.obj                 156     0         0      
       fclose.obj                    152     0         0      
       fputc.obj                     152     0         0      
       memset_t2.obj                 122     0         0      
       autoinit.obj                  112     0         0      
       getdevice.obj                 112     0         0      
       hostopen.obj                  96      0         16     
       printf.obj                    112     0         0      
       fd_tos_t2.obj                 110     0         0      
       exit.obj                      84      0         24     
       copy_decompress_lzss.obj      104     0         0      
       hostlseek.obj                 104     0         0      
       hostrename.obj                104     0         0      
       fseek.obj                     100     0         0      
       s_frexp.obj                   100     0         0      
       close.obj                     92      0         0      
       hostread.obj                  88      0         0      
       hostwrite.obj                 88      0         0      
       boot.obj                      84      0         0      
       ltoa.obj                      84      0         0      
       atoi.obj                      76      0         0      
       cpy_tbl.obj                   76      0         0      
       fd_toi_t2.obj                 72      0         0      
       hostclose.obj                 68      0         0      
       hostunlink.obj                68      0         0      
       fs_tod_t2.obj                 56      0         0      
       strncpy.obj                   54      0         0      
       i_tofd_t2.obj                 46      0         0      
       unlink.obj                    44      0         0      
       lseek.obj                     40      0         0      
       _lock.obj                     20      0         16     
       memchr.obj                    32      0         0      
       memccpy.obj                   28      0         0      
       args_main.obj                 24      0         0      
       strcmp.obj                    24      0         0      
       strchr.obj                    22      0         0      
       s_copysign.obj                20      0         0      
       strcpy.obj                    20      0         0      
       strlen.obj                    20      0         0      
       copy_decompress_none.obj      14      0         0      
       copy_zero_init.obj            12      0         0      
       errno.obj                     0       0         8      
       stkdepth_vars.obj             0       0         8      
       mpu_init.obj                  2       0         0      
       startup.obj                   2       0         0      
    +--+-----------------------------+-------+---------+---------+
       Total:                        12090   257       1920   
                                                              
       Heap:                         0       0         4096   
       Stack:                        0       0         1024   
       Linker Generated:             0       185       0      
    +--+-----------------------------+-------+---------+---------+
       Grand Total:                  39958   718       16574  


LINKER GENERATED COPY TABLES

__TI_cinit_table @ 00009ef0 records: 2, size/record: 8, table size: 16
	.data: load addr=00009e40, load size=00000095 bytes, run addr=20000cbc, run size=000009a5 bytes, compression=lzss
	.bss: load addr=00009ee8, load size=00000008 bytes, run addr=20000000, run size=00000cba bytes, compression=zero_init


LINKER GENERATED HANDLER TABLE

__TI_handler_table @ 00009ed8 records: 3, size/record: 4, table size: 12
	index: 0, handler: __TI_decompress_lzss
	index: 1, handler: __TI_decompress_none
	index: 2, handler: __TI_zero_init


GLOBAL SYMBOLS: SORTED ALPHABETICALLY BY Name 

address   name                                             
-------   ----                                             
00001223  ADC14_IRQHandler                                 
00001223  AES256_IRQHandler                                
0000991f  BME280_I2C_bus_read                              
0000994b  BME280_I2C_bus_write                             
00009caf  BME280_delay_msek                                
200015b0  BME_on                                           
200015b1  BMI_on                                           
00001223  BusFault_Handler                                 
00008f55  C$$EXIT                                          
00008757  C$$IO$$                                          
00001223  COMP_E0_IRQHandler                               
00001223  COMP_E1_IRQHandler                               
00001223  CS_IRQHandler                                    
00009ac9  CS_clearInterruptFlag                            
00006a3d  CS_getDCOFrequency                               
00009b69  CS_getMCLK                                       
00009b81  CS_getSMCLK                                      
00009bf9  CS_setExternalClockSourceFrequency               
00009cf5  CS_startHFXT                                     
00006e61  CS_startHFXTWithTimeout                          
00009cfb  CS_startLFXT                                     
00006efd  CS_startLFXTWithTimeout                          
00001223  DMA_ERR_IRQHandler                               
00001223  DMA_INT0_IRQHandler                              
00001223  DMA_INT1_IRQHandler                              
00001223  DMA_INT2_IRQHandler                              
00001223  DMA_INT3_IRQHandler                              
00001223  DebugMon_Handler                                 
00001223  Default_Handler                                  
00009aa1  DelayMs                                          
00009aed  EUSCIA0_IRQHandler                               
00009aed  EUSCIA0_IRQHandler                               
00001223  EUSCIA1_IRQHandler                               
00001223  EUSCIA2_IRQHandler                               
00001223  EUSCIA3_IRQHandler                               
00001223  EUSCIB0_IRQHandler                               
00005fe9  EUSCIB1_IRQHandler                               
00005fe9  EUSCIB1_IRQHandler                               
00001223  EUSCIB2_IRQHandler                               
00001223  EUSCIB3_IRQHandler                               
00001223  FLCTL_IRQHandler                                 
00001223  FPU_IRQHandler                                   
000091e1  GPIO_setAsPeripheralModuleFunctionOutputPin      
00009599  HOSTclose                                        
00008659  HOSTlseek                                        
000089e9  HOSTopen                                         
00008b5d  HOSTread                                         
000086c1  HOSTrename                                       
000095dd  HOSTunlink                                       
00008bb5  HOSTwrite                                        
00001223  HardFault_Handler                                
00009621  I2C_masterSendMultiByteStart                     
0000981d  I2C_routine                                      
00001223  MemManage_Handler                                
00001223  NMI_Handler                                      
200015b3  OPT_on                                           
00001223  PCM_IRQHandler                                   
00009051  PORT1_IRQHandler                                 
00009051  PORT1_IRQHandler                                 
00001223  PORT2_IRQHandler                                 
00001223  PORT3_IRQHandler                                 
00001223  PORT4_IRQHandler                                 
00009511  PORT5_IRQHandler                                 
00009511  PORT5_IRQHandler                                 
00001223  PORT6_IRQHandler                                 
00001223  PSS_IRQHandler                                   
00001223  PendSV_Handler                                   
000057cd  QuaternionProduct                                
00001223  RTC_C_IRQHandler                                 
00009cbb  Reset_Handler                                    
UNDEFED   SHT$$INIT_ARRAY$$Base                            
UNDEFED   SHT$$INIT_ARRAY$$Limit                           
00001223  SVC_Handler                                      
00009d01  SysCtlDelay                                      
00009c71  SysCtl_A_disableNMISource                        
00009c81  SysCtl_A_enableNMISource                         
00009c91  SysCtl_A_getNMISourceStatus                      
00008c0d  SysCtl_A_getTLVInfo                              
00001223  SysTick_Handler                                  
000081e9  SystemInit                                       
00001223  T32_INT1_IRQHandler                              
00001223  T32_INT2_IRQHandler                              
00001223  T32_INTC_IRQHandler                              
00009b99  TA0_0_IRQHandler                                 
00009b99  TA0_0_IRQHandler                                 
00001223  TA0_N_IRQHandler                                 
00001223  TA1_0_IRQHandler                                 
00001223  TA1_N_IRQHandler                                 
00001223  TA2_0_IRQHandler                                 
00001223  TA2_N_IRQHandler                                 
00001223  TA3_0_IRQHandler                                 
00001223  TA3_N_IRQHandler                                 
200015b2  TMP_on                                           
00001223  UsageFault_Handler                               
20001648  V_bmm150_maual_auto_condition_u8                 
2000164c  V_fifo_time_U32                                  
4000480c  WDTCTL_SYM                                       
0000449f  WDT_A_IRQHandler                                 
0000449f  WDT_A_IRQHandler                                 
20001556  WDTcount                                         
20000a44  __CIOBUF_                                        
20010000  __STACK_END                                      
00000200  __STACK_SIZE                                     
00000800  __SYSMEM_SIZE                                    
00009ef0  __TI_CINIT_Base                                  
00009f00  __TI_CINIT_Limit                                 
00009ed8  __TI_Handler_Table_Base                          
00009ee4  __TI_Handler_Table_Limit                         
000083c1  __TI_auto_init                                   
000041ed  __TI_cleanup                                     
20001628  __TI_cleanup_ptr                                 
00007201  __TI_closefile                                   
000085ef  __TI_decompress_lzss                             
00009ca1  __TI_decompress_none                             
0000643d  __TI_doflush                                     
2000162c  __TI_dtors_ptr                                   
20001630  __TI_enable_exit_profile_output                  
20001618  __TI_ft_end                                      
ffffffff  __TI_pprof_out_hndl                              
00000929  __TI_printfi                                     
ffffffff  __TI_prof_data_size                              
ffffffff  __TI_prof_data_start                             
00006cc3  __TI_rd_ok                                       
0000875b  __TI_readmsg                                     
00000000  __TI_static_base__                               
20000b64  __TI_tmpnams                                     
00008729  __TI_writemsg                                    
00006c61  __TI_wrt_ok                                      
00009cd3  __TI_zero_init                                   
00007de5  __aeabi_cdcmpeq                                  
00007de5  __aeabi_cdcmple                                  
00007e6b  __aeabi_cdrcmple                                 
00008581  __aeabi_d2f                                      
000094c9  __aeabi_d2iz                                     
000042f3  __aeabi_dadd                                     
00005431  __aeabi_ddiv                                     
00005a19  __aeabi_dmul                                     
000042e9  __aeabi_dsub                                     
00009855  __aeabi_f2d                                      
000098f1  __aeabi_i2d                                      
0000816d  __aeabi_memclr                                   
0000816d  __aeabi_memclr4                                  
0000816d  __aeabi_memclr8                                  
00007035  __aeabi_memcpy                                   
00007035  __aeabi_memcpy4                                  
00007035  __aeabi_memcpy8                                  
0000816f  __aeabi_memset                                   
0000816f  __aeabi_memset4                                  
0000816f  __aeabi_memset8                                  
20001624  __aeabi_stderr                                   
2000161c  __aeabi_stdin                                    
20001620  __aeabi_stdout                                   
00003f31  __aeabi_uldivmod                                 
ffffffff  __binit__                                        
ffffffff  __c_args__                                       
00005567  __mpu_init                                       
2000fe00  __stack                                          
00009bb1  _args_main                                       
00008f01  _c_int00                                         
00009d08  _ctypes_                                         
200014dc  _device                                          
200013ec  _ftable                                          
20001640  _lock                                            
00009c2f  _nop                                             
00009c27  _register_lock                                   
00009c21  _register_unlock                                 
200015b4  _stream                                          
20001668  _sys_memory                                      
000058f3  _system_post_cinit                               
00009c0d  _system_pre_init                                 
20001644  _unlock                                          
20001568  a_x                                              
2000156c  a_y                                              
20001570  a_z                                              
00008f59  abort                                            
200015a4  accelAvgX                                        
200015a8  accelAvgY                                        
200015ac  accelAvgZ                                        
20000000  accel_fifo                                       
20000cb4  accel_off_x                                      
20000cb5  accel_off_y                                      
20000cb6  accel_off_z                                      
20000c80  accelxyz                                         
00009311  atoi                                             
ffffffff  binit                                            
20000c04  bme280                                           
0000674d  bme280_compensate_humidity_int32                 
0000569d  bme280_compensate_pressure_int32                 
000080f1  bme280_compensate_temperature_int32              
00005ef9  bme280_data_readout_template                     
000044a1  bme280_get_calib_param                           
00008c61  bme280_get_power_mode                            
00008cb5  bme280_get_standby_durn                          
00008a49  bme280_init                                      
00008791  bme280_read_pressure_temperature_humidity        
00009279  bme280_read_register                             
00008aa5  bme280_read_uncomp_humidity                      
000087f5  bme280_read_uncomp_pressure                      
000070d1  bme280_read_uncomp_pressure_temperature_humidity 
00008859  bme280_read_uncomp_temperature                   
00004641  bme280_set_oversamp_humidity                     
00004f0d  bme280_set_oversamp_pressure                     
00004add  bme280_set_oversamp_temperature                  
00004965  bme280_set_power_mode                            
00009555  bme280_set_soft_rst                              
00004c49  bme280_set_standby_durn                          
000092c5  bme280_write_register                            
00003ce1  bmi160_accel_foc_trigger_xyz                     
00006505  bmi160_bmm150_mag_compensate_X                   
000065c9  bmi160_bmm150_mag_compensate_Y                   
00007331  bmi160_bmm150_mag_compensate_Z                   
00008ffd  bmi160_bmm150_mag_compensate_xyz                 
00003a45  bmi160_bmm150_mag_interface_init                 
00004dad  bmi160_bmm150_mag_set_power_mode                 
00006299  bmi160_bmm150_mag_wakeup                         
00001225  bmi160_config_running_mode                       
00009cc7  bmi160_delay_ms                                  
00009661  bmi160_fifo_data                                 
000090a1  bmi160_get_accel_offset_compensation_xaxis       
000090f1  bmi160_get_accel_offset_compensation_yaxis       
00009141  bmi160_get_accel_offset_compensation_zaxis       
00008d09  bmi160_get_foc_rdy                               
00006af5  bmi160_get_gyro_offset_compensation_xaxis        
00006809  bmi160_get_gyro_offset_compensation_yaxis        
000068c5  bmi160_get_gyro_offset_compensation_zaxis        
00008d5d  bmi160_get_if_mode                               
00008db1  bmi160_get_mag_manual_enable                     
00009191  bmi160_get_mag_power_mode_stat                   
00008e05  bmi160_get_paging_enable                         
00008e59  bmi160_get_pullup_configuration                  
00008ead  bmi160_get_target_page                           
000098c3  bmi160_i2c_burst_read                            
00009977  bmi160_i2c_bus_read                              
000099a3  bmi160_i2c_bus_write                             
000088bd  bmi160_init                                      
000097e1  bmi160_initialize_sensor                         
00007ef1  bmi160_interrupt_configuration                   
00008261  bmi160_read_accel_xyz                            
00002b99  bmi160_read_bmm150_mag_trim                      
00001c7d  bmi160_read_fifo_header_data                     
000082d9  bmi160_read_gyro_xyz                             
0000668d  bmi160_read_mag_xyzr                             
000093f1  bmi160_read_reg                                  
000073c5  bmi160_set_accel_bw                              
00007f71  bmi160_set_accel_offset_enable                   
00007169  bmi160_set_accel_output_data_rate                
000058f5  bmi160_set_bmm150_mag_and_secondary_if_power_mode
00003415  bmi160_set_bmm150_mag_presetmode                 
000096a1  bmi160_set_command_register                      
00007455  bmi160_set_fifo_accel_enable                     
000074e5  bmi160_set_fifo_gyro_enable                      
00007575  bmi160_set_fifo_header_enable                    
00007605  bmi160_set_fifo_mag_enable                       
00007695  bmi160_set_fifo_stop_on_full                     
00007725  bmi160_set_fifo_time_enable                      
000096e1  bmi160_set_fifo_wm                               
000047d9  bmi160_set_foc_gyro_enable                       
000077b5  bmi160_set_gyro_bw                               
00007ff1  bmi160_set_gyro_offset_enable                    
0000636d  bmi160_set_gyro_output_data_rate                 
00007845  bmi160_set_gyro_range                            
000078d5  bmi160_set_gyro_sleep_state                      
00007965  bmi160_set_gyro_sleep_trigger                    
000079f5  bmi160_set_gyro_wakeup_intr                      
00007a85  bmi160_set_gyro_wakeup_trigger                   
00008071  bmi160_set_i2c_device_addr                       
00007b15  bmi160_set_if_mode                               
0000376d  bmi160_set_intr_enable_0                         
00005065  bmi160_set_intr_enable_2                         
00005c11  bmi160_set_intr_fifo_wm                          
00005d09  bmi160_set_intr_level                            
00007ba5  bmi160_set_mag_manual_enable                     
00006db9  bmi160_set_mag_output_data_rate                  
00009721  bmi160_set_mag_read_addr                         
00009761  bmi160_set_mag_write_addr                        
000097a1  bmi160_set_mag_write_data                        
00005e01  bmi160_set_output_enable                         
00007c35  bmi160_set_paging_enable                         
00007cc5  bmi160_set_pullup_configuration                  
00007d55  bmi160_set_target_page                           
00009439  bmi160_write_reg                                 
20001660  burstMode                                        
000033e5  calloc                                           
00008b01  close                                            
0000935d  copy_in                                          
00009c35  copysign                                         
00009c35  copysignl                                        
20001650  errno                                            
00008f61  exit                                             
00007267  fclose                                           
00006489  fflush                                           
00008431  finddevice                                       
00004243  fopen                                            
00007299  fputc                                            
00005569  fputs                                            
0000312f  free                                             
00004219  freopen                                          
00008985  frexp                                            
00008985  frexpl                                           
00008921  fseek                                            
20000ca0  g_ui32ByteCount                                  
0000845b  getdevice                                        
20001598  gyroAvgX                                         
2000159c  gyroAvgY                                         
200015a0  gyroAvgZ                                         
2000036c  gyro_fifo                                        
20000cae  gyro_off_x                                       
20000cb0  gyro_off_y                                       
20000cb2  gyro_off_z                                       
20001555  gyro_range_set                                   
20000c86  gyroxyz                                          
20001604  i2cConfig                                        
00009481  i2c_routine                                      
00009b31  initI2C                                          
00000000  interruptVectors                                 
00005b15  ldexp                                            
00005b15  ldexpl                                           
00009a29  lseek                                            
00008fa9  ltoa                                             
200006d8  mag_fifo                                         
0000264d  main                                             
2000165c  main_func_sp                                     
000030c5  malloc                                           
000032f9  memalign                                         
00009b4d  memccpy                                          
00009b11  memchr                                           
00007035  memcpy                                           
00008175  memset                                           
00003045  minit                                            
00006981  open                                             
20000ca4  pData                                            
20000c78  parmbuf                                          
20001588  prevAccelX                                       
2000158a  prevAccelY                                       
2000158c  prevAccelZ                                       
2000158e  prevGyroX                                        
20001590  prevGyroY                                        
20001592  prevGyroZ                                        
000084a9  printf                                           
00007299  putc                                             
0000731d  putchar                                          
00005675  puts                                             
000051bd  readBurstI2C                                     
000052f9  readI2C                                          
000031ef  realloc                                          
20001574  recipNorm                                        
000099d1  remove                                           
20000ca8  returnRslt                                       
20000cb7  returnValue                                      
20000c8c  s_accelXYZ                                       
20000c40  s_bmi160                                         
20000c92  s_gyroXYZ                                        
20000c64  s_magcompXYZ                                     
20001578  sampleRate                                       
00005b15  scalbn                                           
00005b15  scalbnl                                          
20001558  secondcount                                      
000099fd  sensorOpt3001Enable                              
00009cdf  sensorOpt3001Init                                
00008511  sensorTmp007Enable                               
00009ceb  sensorTmp007Init                                 
00006bad  setSystemClock                                   
000061bd  setvbuf                                          
00009a79  startCrystalOscillator                           
20001594  stillCount                                       
00009be1  strchr                                           
00009bc9  strcmp                                           
00009c49  strcpy                                           
00009c5d  strlen                                           
0000988d  strncpy                                          
200010bc  test                                             
2000157c  theta_x                                          
20001580  theta_y                                          
20001584  theta_z                                          
00006d0d  uartReceive                                      
20000cb8  ui8DummyRead                                     
20000cb9  ui8Status                                        
000099d1  unlink                                           
20000cbc  v_fifo_data_u8                                   
2000155c  w_x                                              
20001560  w_y                                              
20001564  w_z                                              
20001554  wdtWakeUpPeriodIndex                             
00009a51  write                                            
000060d5  writeI2C                                         


GLOBAL SYMBOLS: SORTED BY Symbol Address 

address   name                                             
-------   ----                                             
00000000  __TI_static_base__                               
00000000  interruptVectors                                 
00000200  __STACK_SIZE                                     
00000800  __SYSMEM_SIZE                                    
00000929  __TI_printfi                                     
00001223  ADC14_IRQHandler                                 
00001223  AES256_IRQHandler                                
00001223  BusFault_Handler                                 
00001223  COMP_E0_IRQHandler                               
00001223  COMP_E1_IRQHandler                               
00001223  CS_IRQHandler                                    
00001223  DMA_ERR_IRQHandler                               
00001223  DMA_INT0_IRQHandler                              
00001223  DMA_INT1_IRQHandler                              
00001223  DMA_INT2_IRQHandler                              
00001223  DMA_INT3_IRQHandler                              
00001223  DebugMon_Handler                                 
00001223  Default_Handler                                  
00001223  EUSCIA1_IRQHandler                               
00001223  EUSCIA2_IRQHandler                               
00001223  EUSCIA3_IRQHandler                               
00001223  EUSCIB0_IRQHandler                               
00001223  EUSCIB2_IRQHandler                               
00001223  EUSCIB3_IRQHandler                               
00001223  FLCTL_IRQHandler                                 
00001223  FPU_IRQHandler                                   
00001223  HardFault_Handler                                
00001223  MemManage_Handler                                
00001223  NMI_Handler                                      
00001223  PCM_IRQHandler                                   
00001223  PORT2_IRQHandler                                 
00001223  PORT3_IRQHandler                                 
00001223  PORT4_IRQHandler                                 
00001223  PORT6_IRQHandler                                 
00001223  PSS_IRQHandler                                   
00001223  PendSV_Handler                                   
00001223  RTC_C_IRQHandler                                 
00001223  SVC_Handler                                      
00001223  SysTick_Handler                                  
00001223  T32_INT1_IRQHandler                              
00001223  T32_INT2_IRQHandler                              
00001223  T32_INTC_IRQHandler                              
00001223  TA0_N_IRQHandler                                 
00001223  TA1_0_IRQHandler                                 
00001223  TA1_N_IRQHandler                                 
00001223  TA2_0_IRQHandler                                 
00001223  TA2_N_IRQHandler                                 
00001223  TA3_0_IRQHandler                                 
00001223  TA3_N_IRQHandler                                 
00001223  UsageFault_Handler                               
00001225  bmi160_config_running_mode                       
00001c7d  bmi160_read_fifo_header_data                     
0000264d  main                                             
00002b99  bmi160_read_bmm150_mag_trim                      
00003045  minit                                            
000030c5  malloc                                           
0000312f  free                                             
000031ef  realloc                                          
000032f9  memalign                                         
000033e5  calloc                                           
00003415  bmi160_set_bmm150_mag_presetmode                 
0000376d  bmi160_set_intr_enable_0                         
00003a45  bmi160_bmm150_mag_interface_init                 
00003ce1  bmi160_accel_foc_trigger_xyz                     
00003f31  __aeabi_uldivmod                                 
000041ed  __TI_cleanup                                     
00004219  freopen                                          
00004243  fopen                                            
000042e9  __aeabi_dsub                                     
000042f3  __aeabi_dadd                                     
0000449f  WDT_A_IRQHandler                                 
0000449f  WDT_A_IRQHandler                                 
000044a1  bme280_get_calib_param                           
00004641  bme280_set_oversamp_humidity                     
000047d9  bmi160_set_foc_gyro_enable                       
00004965  bme280_set_power_mode                            
00004add  bme280_set_oversamp_temperature                  
00004c49  bme280_set_standby_durn                          
00004dad  bmi160_bmm150_mag_set_power_mode                 
00004f0d  bme280_set_oversamp_pressure                     
00005065  bmi160_set_intr_enable_2                         
000051bd  readBurstI2C                                     
000052f9  readI2C                                          
00005431  __aeabi_ddiv                                     
00005567  __mpu_init                                       
00005569  fputs                                            
00005675  puts                                             
0000569d  bme280_compensate_pressure_int32                 
000057cd  QuaternionProduct                                
000058f3  _system_post_cinit                               
000058f5  bmi160_set_bmm150_mag_and_secondary_if_power_mode
00005a19  __aeabi_dmul                                     
00005b15  ldexp                                            
00005b15  ldexpl                                           
00005b15  scalbn                                           
00005b15  scalbnl                                          
00005c11  bmi160_set_intr_fifo_wm                          
00005d09  bmi160_set_intr_level                            
00005e01  bmi160_set_output_enable                         
00005ef9  bme280_data_readout_template                     
00005fe9  EUSCIB1_IRQHandler                               
00005fe9  EUSCIB1_IRQHandler                               
000060d5  writeI2C                                         
000061bd  setvbuf                                          
00006299  bmi160_bmm150_mag_wakeup                         
0000636d  bmi160_set_gyro_output_data_rate                 
0000643d  __TI_doflush                                     
00006489  fflush                                           
00006505  bmi160_bmm150_mag_compensate_X                   
000065c9  bmi160_bmm150_mag_compensate_Y                   
0000668d  bmi160_read_mag_xyzr                             
0000674d  bme280_compensate_humidity_int32                 
00006809  bmi160_get_gyro_offset_compensation_yaxis        
000068c5  bmi160_get_gyro_offset_compensation_zaxis        
00006981  open                                             
00006a3d  CS_getDCOFrequency                               
00006af5  bmi160_get_gyro_offset_compensation_xaxis        
00006bad  setSystemClock                                   
00006c61  __TI_wrt_ok                                      
00006cc3  __TI_rd_ok                                       
00006d0d  uartReceive                                      
00006db9  bmi160_set_mag_output_data_rate                  
00006e61  CS_startHFXTWithTimeout                          
00006efd  CS_startLFXTWithTimeout                          
00007035  __aeabi_memcpy                                   
00007035  __aeabi_memcpy4                                  
00007035  __aeabi_memcpy8                                  
00007035  memcpy                                           
000070d1  bme280_read_uncomp_pressure_temperature_humidity 
00007169  bmi160_set_accel_output_data_rate                
00007201  __TI_closefile                                   
00007267  fclose                                           
00007299  fputc                                            
00007299  putc                                             
0000731d  putchar                                          
00007331  bmi160_bmm150_mag_compensate_Z                   
000073c5  bmi160_set_accel_bw                              
00007455  bmi160_set_fifo_accel_enable                     
000074e5  bmi160_set_fifo_gyro_enable                      
00007575  bmi160_set_fifo_header_enable                    
00007605  bmi160_set_fifo_mag_enable                       
00007695  bmi160_set_fifo_stop_on_full                     
00007725  bmi160_set_fifo_time_enable                      
000077b5  bmi160_set_gyro_bw                               
00007845  bmi160_set_gyro_range                            
000078d5  bmi160_set_gyro_sleep_state                      
00007965  bmi160_set_gyro_sleep_trigger                    
000079f5  bmi160_set_gyro_wakeup_intr                      
00007a85  bmi160_set_gyro_wakeup_trigger                   
00007b15  bmi160_set_if_mode                               
00007ba5  bmi160_set_mag_manual_enable                     
00007c35  bmi160_set_paging_enable                         
00007cc5  bmi160_set_pullup_configuration                  
00007d55  bmi160_set_target_page                           
00007de5  __aeabi_cdcmpeq                                  
00007de5  __aeabi_cdcmple                                  
00007e6b  __aeabi_cdrcmple                                 
00007ef1  bmi160_interrupt_configuration                   
00007f71  bmi160_set_accel_offset_enable                   
00007ff1  bmi160_set_gyro_offset_enable                    
00008071  bmi160_set_i2c_device_addr                       
000080f1  bme280_compensate_temperature_int32              
0000816d  __aeabi_memclr                                   
0000816d  __aeabi_memclr4                                  
0000816d  __aeabi_memclr8                                  
0000816f  __aeabi_memset                                   
0000816f  __aeabi_memset4                                  
0000816f  __aeabi_memset8                                  
00008175  memset                                           
000081e9  SystemInit                                       
00008261  bmi160_read_accel_xyz                            
000082d9  bmi160_read_gyro_xyz                             
000083c1  __TI_auto_init                                   
00008431  finddevice                                       
0000845b  getdevice                                        
000084a9  printf                                           
00008511  sensorTmp007Enable                               
00008581  __aeabi_d2f                                      
000085ef  __TI_decompress_lzss                             
00008659  HOSTlseek                                        
000086c1  HOSTrename                                       
00008729  __TI_writemsg                                    
00008757  C$$IO$$                                          
0000875b  __TI_readmsg                                     
00008791  bme280_read_pressure_temperature_humidity        
000087f5  bme280_read_uncomp_pressure                      
00008859  bme280_read_uncomp_temperature                   
000088bd  bmi160_init                                      
00008921  fseek                                            
00008985  frexp                                            
00008985  frexpl                                           
000089e9  HOSTopen                                         
00008a49  bme280_init                                      
00008aa5  bme280_read_uncomp_humidity                      
00008b01  close                                            
00008b5d  HOSTread                                         
00008bb5  HOSTwrite                                        
00008c0d  SysCtl_A_getTLVInfo                              
00008c61  bme280_get_power_mode                            
00008cb5  bme280_get_standby_durn                          
00008d09  bmi160_get_foc_rdy                               
00008d5d  bmi160_get_if_mode                               
00008db1  bmi160_get_mag_manual_enable                     
00008e05  bmi160_get_paging_enable                         
00008e59  bmi160_get_pullup_configuration                  
00008ead  bmi160_get_target_page                           
00008f01  _c_int00                                         
00008f55  C$$EXIT                                          
00008f59  abort                                            
00008f61  exit                                             
00008fa9  ltoa                                             
00008ffd  bmi160_bmm150_mag_compensate_xyz                 
00009051  PORT1_IRQHandler                                 
00009051  PORT1_IRQHandler                                 
000090a1  bmi160_get_accel_offset_compensation_xaxis       
000090f1  bmi160_get_accel_offset_compensation_yaxis       
00009141  bmi160_get_accel_offset_compensation_zaxis       
00009191  bmi160_get_mag_power_mode_stat                   
000091e1  GPIO_setAsPeripheralModuleFunctionOutputPin      
00009279  bme280_read_register                             
000092c5  bme280_write_register                            
00009311  atoi                                             
0000935d  copy_in                                          
000093f1  bmi160_read_reg                                  
00009439  bmi160_write_reg                                 
00009481  i2c_routine                                      
000094c9  __aeabi_d2iz                                     
00009511  PORT5_IRQHandler                                 
00009511  PORT5_IRQHandler                                 
00009555  bme280_set_soft_rst                              
00009599  HOSTclose                                        
000095dd  HOSTunlink                                       
00009621  I2C_masterSendMultiByteStart                     
00009661  bmi160_fifo_data                                 
000096a1  bmi160_set_command_register                      
000096e1  bmi160_set_fifo_wm                               
00009721  bmi160_set_mag_read_addr                         
00009761  bmi160_set_mag_write_addr                        
000097a1  bmi160_set_mag_write_data                        
000097e1  bmi160_initialize_sensor                         
0000981d  I2C_routine                                      
00009855  __aeabi_f2d                                      
0000988d  strncpy                                          
000098c3  bmi160_i2c_burst_read                            
000098f1  __aeabi_i2d                                      
0000991f  BME280_I2C_bus_read                              
0000994b  BME280_I2C_bus_write                             
00009977  bmi160_i2c_bus_read                              
000099a3  bmi160_i2c_bus_write                             
000099d1  remove                                           
000099d1  unlink                                           
000099fd  sensorOpt3001Enable                              
00009a29  lseek                                            
00009a51  write                                            
00009a79  startCrystalOscillator                           
00009aa1  DelayMs                                          
00009ac9  CS_clearInterruptFlag                            
00009aed  EUSCIA0_IRQHandler                               
00009aed  EUSCIA0_IRQHandler                               
00009b11  memchr                                           
00009b31  initI2C                                          
00009b4d  memccpy                                          
00009b69  CS_getMCLK                                       
00009b81  CS_getSMCLK                                      
00009b99  TA0_0_IRQHandler                                 
00009b99  TA0_0_IRQHandler                                 
00009bb1  _args_main                                       
00009bc9  strcmp                                           
00009be1  strchr                                           
00009bf9  CS_setExternalClockSourceFrequency               
00009c0d  _system_pre_init                                 
00009c21  _register_unlock                                 
00009c27  _register_lock                                   
00009c2f  _nop                                             
00009c35  copysign                                         
00009c35  copysignl                                        
00009c49  strcpy                                           
00009c5d  strlen                                           
00009c71  SysCtl_A_disableNMISource                        
00009c81  SysCtl_A_enableNMISource                         
00009c91  SysCtl_A_getNMISourceStatus                      
00009ca1  __TI_decompress_none                             
00009caf  BME280_delay_msek                                
00009cbb  Reset_Handler                                    
00009cc7  bmi160_delay_ms                                  
00009cd3  __TI_zero_init                                   
00009cdf  sensorOpt3001Init                                
00009ceb  sensorTmp007Init                                 
00009cf5  CS_startHFXT                                     
00009cfb  CS_startLFXT                                     
00009d01  SysCtlDelay                                      
00009d08  _ctypes_                                         
00009ed8  __TI_Handler_Table_Base                          
00009ee4  __TI_Handler_Table_Limit                         
00009ef0  __TI_CINIT_Base                                  
00009f00  __TI_CINIT_Limit                                 
20000000  accel_fifo                                       
2000036c  gyro_fifo                                        
200006d8  mag_fifo                                         
20000a44  __CIOBUF_                                        
20000b64  __TI_tmpnams                                     
20000c04  bme280                                           
20000c40  s_bmi160                                         
20000c64  s_magcompXYZ                                     
20000c78  parmbuf                                          
20000c80  accelxyz                                         
20000c86  gyroxyz                                          
20000c8c  s_accelXYZ                                       
20000c92  s_gyroXYZ                                        
20000ca0  g_ui32ByteCount                                  
20000ca4  pData                                            
20000ca8  returnRslt                                       
20000cae  gyro_off_x                                       
20000cb0  gyro_off_y                                       
20000cb2  gyro_off_z                                       
20000cb4  accel_off_x                                      
20000cb5  accel_off_y                                      
20000cb6  accel_off_z                                      
20000cb7  returnValue                                      
20000cb8  ui8DummyRead                                     
20000cb9  ui8Status                                        
20000cbc  v_fifo_data_u8                                   
200010bc  test                                             
200013ec  _ftable                                          
200014dc  _device                                          
20001554  wdtWakeUpPeriodIndex                             
20001555  gyro_range_set                                   
20001556  WDTcount                                         
20001558  secondcount                                      
2000155c  w_x                                              
20001560  w_y                                              
20001564  w_z                                              
20001568  a_x                                              
2000156c  a_y                                              
20001570  a_z                                              
20001574  recipNorm                                        
20001578  sampleRate                                       
2000157c  theta_x                                          
20001580  theta_y                                          
20001584  theta_z                                          
20001588  prevAccelX                                       
2000158a  prevAccelY                                       
2000158c  prevAccelZ                                       
2000158e  prevGyroX                                        
20001590  prevGyroY                                        
20001592  prevGyroZ                                        
20001594  stillCount                                       
20001598  gyroAvgX                                         
2000159c  gyroAvgY                                         
200015a0  gyroAvgZ                                         
200015a4  accelAvgX                                        
200015a8  accelAvgY                                        
200015ac  accelAvgZ                                        
200015b0  BME_on                                           
200015b1  BMI_on                                           
200015b2  TMP_on                                           
200015b3  OPT_on                                           
200015b4  _stream                                          
20001604  i2cConfig                                        
20001618  __TI_ft_end                                      
2000161c  __aeabi_stdin                                    
20001620  __aeabi_stdout                                   
20001624  __aeabi_stderr                                   
20001628  __TI_cleanup_ptr                                 
2000162c  __TI_dtors_ptr                                   
20001630  __TI_enable_exit_profile_output                  
20001640  _lock                                            
20001644  _unlock                                          
20001648  V_bmm150_maual_auto_condition_u8                 
2000164c  V_fifo_time_U32                                  
20001650  errno                                            
2000165c  main_func_sp                                     
20001660  burstMode                                        
20001668  _sys_memory                                      
2000fe00  __stack                                          
20010000  __STACK_END                                      
4000480c  WDTCTL_SYM                                       
ffffffff  __TI_pprof_out_hndl                              
ffffffff  __TI_prof_data_size                              
ffffffff  __TI_prof_data_start                             
ffffffff  __binit__                                        
ffffffff  __c_args__                                       
ffffffff  binit                                            
UNDEFED   SHT$$INIT_ARRAY$$Base                            
UNDEFED   SHT$$INIT_ARRAY$$Limit                           

[385 symbols]
