<?xml version="1.0"?>
<link_info>
   <banner>TI ARM Linker Unix v16.9.4.LTS</banner>
   <copyright>Copyright (c) 1996-2017 Texas Instruments Incorporated</copyright>
   <link_time>0x5b077b92</link_time>
   <link_errors>0x0</link_errors>
   <output_file>boostxl_sensors_msp432.out</output_file>
   <entry_point>
      <name>_c_int00</name>
      <address>0xbecd</address>
   </entry_point>
   <input_file_list>
      <input_file id="fl-2">
         <path>./</path>
         <kind>object</kind>
         <file>system_msp432p401r.obj</file>
         <name>system_msp432p401r.obj</name>
      </input_file>
      <input_file id="fl-3">
         <path>./ccs/</path>
         <kind>object</kind>
         <file>startup_msp432p401r_ccs.obj</file>
         <name>startup_msp432p401r_ccs.obj</name>
      </input_file>
      <input_file id="fl-4">
         <path>./src/</path>
         <kind>object</kind>
         <file>bme280.obj</file>
         <name>bme280.obj</name>
      </input_file>
      <input_file id="fl-5">
         <path>./src/</path>
         <kind>object</kind>
         <file>bme280_support.obj</file>
         <name>bme280_support.obj</name>
      </input_file>
      <input_file id="fl-6">
         <path>./src/</path>
         <kind>object</kind>
         <file>bmi160.obj</file>
         <name>bmi160.obj</name>
      </input_file>
      <input_file id="fl-7">
         <path>./src/</path>
         <kind>object</kind>
         <file>bmi160_support.obj</file>
         <name>bmi160_support.obj</name>
      </input_file>
      <input_file id="fl-8">
         <path>./src/</path>
         <kind>object</kind>
         <file>demo_sysctl.obj</file>
         <name>demo_sysctl.obj</name>
      </input_file>
      <input_file id="fl-9">
         <path>./src/</path>
         <kind>object</kind>
         <file>i2c_driver.obj</file>
         <name>i2c_driver.obj</name>
      </input_file>
      <input_file id="fl-a">
         <path>./src/</path>
         <kind>object</kind>
         <file>main.obj</file>
         <name>main.obj</name>
      </input_file>
      <input_file id="fl-b">
         <path>./src/</path>
         <kind>object</kind>
         <file>opt3001.obj</file>
         <name>opt3001.obj</name>
      </input_file>
      <input_file id="fl-c">
         <path>./src/</path>
         <kind>object</kind>
         <file>tmp007.obj</file>
         <name>tmp007.obj</name>
      </input_file>
      <input_file id="fl-d">
         <path>./src/</path>
         <kind>object</kind>
         <file>uart_driver.obj</file>
         <name>uart_driver.obj</name>
      </input_file>
      <input_file id="fl-16">
         <kind>object</kind>
         <file>&lt;internal&gt;</file>
         <name>&lt;internal&gt;</name>
      </input_file>
      <input_file id="fl-17">
         <path>/Users/ani/workspace_v7/MSOE_LIB/Debug/</path>
         <kind>archive</kind>
         <file>MSOE_LIB.lib</file>
         <name>msoe_lib_clk.obj</name>
      </input_file>
      <input_file id="fl-18">
         <path>/Applications/ti/simplelink_msp432_sdk_1_40_01_00/source/ti/devices/msp432p4xx/driverlib/ccs/</path>
         <kind>archive</kind>
         <file>msp432p4xx_driverlib.lib</file>
         <name>cs.obj</name>
      </input_file>
      <input_file id="fl-19">
         <path>/Applications/ti/simplelink_msp432_sdk_1_40_01_00/source/ti/devices/msp432p4xx/driverlib/ccs/</path>
         <kind>archive</kind>
         <file>msp432p4xx_driverlib.lib</file>
         <name>gpio.obj</name>
      </input_file>
      <input_file id="fl-1a">
         <path>/Applications/ti/simplelink_msp432_sdk_1_40_01_00/source/ti/devices/msp432p4xx/driverlib/ccs/</path>
         <kind>archive</kind>
         <file>msp432p4xx_driverlib.lib</file>
         <name>i2c.obj</name>
      </input_file>
      <input_file id="fl-1b">
         <path>/Applications/ti/simplelink_msp432_sdk_1_40_01_00/source/ti/devices/msp432p4xx/driverlib/ccs/</path>
         <kind>archive</kind>
         <file>msp432p4xx_driverlib.lib</file>
         <name>interrupt.obj</name>
      </input_file>
      <input_file id="fl-1c">
         <path>/Applications/ti/simplelink_msp432_sdk_1_40_01_00/source/ti/devices/msp432p4xx/driverlib/ccs/</path>
         <kind>archive</kind>
         <file>msp432p4xx_driverlib.lib</file>
         <name>sysctl_a.obj</name>
      </input_file>
      <input_file id="fl-1d">
         <path>/Applications/ti/simplelink_msp432_sdk_1_40_01_00/source/ti/devices/msp432p4xx/driverlib/ccs/</path>
         <kind>archive</kind>
         <file>msp432p4xx_driverlib.lib</file>
         <name>uart.obj</name>
      </input_file>
      <input_file id="fl-1e">
         <path>/Applications/ti/simplelink_msp432_sdk_1_40_01_00/source/ti/devices/msp432p4xx/driverlib/ccs/</path>
         <kind>archive</kind>
         <file>msp432p4xx_driverlib.lib</file>
         <name>cpu.obj</name>
      </input_file>
      <input_file id="fl-d4">
         <path>/Applications/ti/ccsv7/tools/compiler/ti-cgt-arm_16.9.4.LTS/lib/</path>
         <kind>archive</kind>
         <file>rtsv7M4_T_le_v4SPD16_eabi.lib</file>
         <name>boot.obj</name>
      </input_file>
      <input_file id="fl-d5">
         <path>/Applications/ti/ccsv7/tools/compiler/ti-cgt-arm_16.9.4.LTS/lib/</path>
         <kind>archive</kind>
         <file>rtsv7M4_T_le_v4SPD16_eabi.lib</file>
         <name>copy_decompress_lzss.obj</name>
      </input_file>
      <input_file id="fl-d6">
         <path>/Applications/ti/ccsv7/tools/compiler/ti-cgt-arm_16.9.4.LTS/lib/</path>
         <kind>archive</kind>
         <file>rtsv7M4_T_le_v4SPD16_eabi.lib</file>
         <name>copy_decompress_none.obj</name>
      </input_file>
      <input_file id="fl-d7">
         <path>/Applications/ti/ccsv7/tools/compiler/ti-cgt-arm_16.9.4.LTS/lib/</path>
         <kind>archive</kind>
         <file>rtsv7M4_T_le_v4SPD16_eabi.lib</file>
         <name>copy_zero_init.obj</name>
      </input_file>
      <input_file id="fl-d8">
         <path>/Applications/ti/ccsv7/tools/compiler/ti-cgt-arm_16.9.4.LTS/lib/</path>
         <kind>archive</kind>
         <file>rtsv7M4_T_le_v4SPD16_eabi.lib</file>
         <name>e_asin.obj</name>
      </input_file>
      <input_file id="fl-d9">
         <path>/Applications/ti/ccsv7/tools/compiler/ti-cgt-arm_16.9.4.LTS/lib/</path>
         <kind>archive</kind>
         <file>rtsv7M4_T_le_v4SPD16_eabi.lib</file>
         <name>e_atan2.obj</name>
      </input_file>
      <input_file id="fl-da">
         <path>/Applications/ti/ccsv7/tools/compiler/ti-cgt-arm_16.9.4.LTS/lib/</path>
         <kind>archive</kind>
         <file>rtsv7M4_T_le_v4SPD16_eabi.lib</file>
         <name>e_sqrt.obj</name>
      </input_file>
      <input_file id="fl-db">
         <path>/Applications/ti/ccsv7/tools/compiler/ti-cgt-arm_16.9.4.LTS/lib/</path>
         <kind>archive</kind>
         <file>rtsv7M4_T_le_v4SPD16_eabi.lib</file>
         <name>errno.obj</name>
      </input_file>
      <input_file id="fl-dc">
         <path>/Applications/ti/ccsv7/tools/compiler/ti-cgt-arm_16.9.4.LTS/lib/</path>
         <kind>archive</kind>
         <file>rtsv7M4_T_le_v4SPD16_eabi.lib</file>
         <name>exit.obj</name>
      </input_file>
      <input_file id="fl-dd">
         <path>/Applications/ti/ccsv7/tools/compiler/ti-cgt-arm_16.9.4.LTS/lib/</path>
         <kind>archive</kind>
         <file>rtsv7M4_T_le_v4SPD16_eabi.lib</file>
         <name>fd_add_t2.obj</name>
      </input_file>
      <input_file id="fl-de">
         <path>/Applications/ti/ccsv7/tools/compiler/ti-cgt-arm_16.9.4.LTS/lib/</path>
         <kind>archive</kind>
         <file>rtsv7M4_T_le_v4SPD16_eabi.lib</file>
         <name>fd_cmp_t2.obj</name>
      </input_file>
      <input_file id="fl-df">
         <path>/Applications/ti/ccsv7/tools/compiler/ti-cgt-arm_16.9.4.LTS/lib/</path>
         <kind>archive</kind>
         <file>rtsv7M4_T_le_v4SPD16_eabi.lib</file>
         <name>fd_div_t2.obj</name>
      </input_file>
      <input_file id="fl-e0">
         <path>/Applications/ti/ccsv7/tools/compiler/ti-cgt-arm_16.9.4.LTS/lib/</path>
         <kind>archive</kind>
         <file>rtsv7M4_T_le_v4SPD16_eabi.lib</file>
         <name>fd_mul_t2.obj</name>
      </input_file>
      <input_file id="fl-e1">
         <path>/Applications/ti/ccsv7/tools/compiler/ti-cgt-arm_16.9.4.LTS/lib/</path>
         <kind>archive</kind>
         <file>rtsv7M4_T_le_v4SPD16_eabi.lib</file>
         <name>fd_toi_t2.obj</name>
      </input_file>
      <input_file id="fl-e2">
         <path>/Applications/ti/ccsv7/tools/compiler/ti-cgt-arm_16.9.4.LTS/lib/</path>
         <kind>archive</kind>
         <file>rtsv7M4_T_le_v4SPD16_eabi.lib</file>
         <name>fd_tos_t2.obj</name>
      </input_file>
      <input_file id="fl-e3">
         <path>/Applications/ti/ccsv7/tools/compiler/ti-cgt-arm_16.9.4.LTS/lib/</path>
         <kind>archive</kind>
         <file>rtsv7M4_T_le_v4SPD16_eabi.lib</file>
         <name>fd_tou_t2.obj</name>
      </input_file>
      <input_file id="fl-e4">
         <path>/Applications/ti/ccsv7/tools/compiler/ti-cgt-arm_16.9.4.LTS/lib/</path>
         <kind>archive</kind>
         <file>rtsv7M4_T_le_v4SPD16_eabi.lib</file>
         <name>fs_tod_t2.obj</name>
      </input_file>
      <input_file id="fl-e5">
         <path>/Applications/ti/ccsv7/tools/compiler/ti-cgt-arm_16.9.4.LTS/lib/</path>
         <kind>archive</kind>
         <file>rtsv7M4_T_le_v4SPD16_eabi.lib</file>
         <name>i_tofd_t2.obj</name>
      </input_file>
      <input_file id="fl-e6">
         <path>/Applications/ti/ccsv7/tools/compiler/ti-cgt-arm_16.9.4.LTS/lib/</path>
         <kind>archive</kind>
         <file>rtsv7M4_T_le_v4SPD16_eabi.lib</file>
         <name>ll_div_t2.obj</name>
      </input_file>
      <input_file id="fl-e7">
         <path>/Applications/ti/ccsv7/tools/compiler/ti-cgt-arm_16.9.4.LTS/lib/</path>
         <kind>archive</kind>
         <file>rtsv7M4_T_le_v4SPD16_eabi.lib</file>
         <name>ll_mul_t2.obj</name>
      </input_file>
      <input_file id="fl-e8">
         <path>/Applications/ti/ccsv7/tools/compiler/ti-cgt-arm_16.9.4.LTS/lib/</path>
         <kind>archive</kind>
         <file>rtsv7M4_T_le_v4SPD16_eabi.lib</file>
         <name>memcpy_t2.obj</name>
      </input_file>
      <input_file id="fl-e9">
         <path>/Applications/ti/ccsv7/tools/compiler/ti-cgt-arm_16.9.4.LTS/lib/</path>
         <kind>archive</kind>
         <file>rtsv7M4_T_le_v4SPD16_eabi.lib</file>
         <name>memset_t2.obj</name>
      </input_file>
      <input_file id="fl-ea">
         <path>/Applications/ti/ccsv7/tools/compiler/ti-cgt-arm_16.9.4.LTS/lib/</path>
         <kind>archive</kind>
         <file>rtsv7M4_T_le_v4SPD16_eabi.lib</file>
         <name>mpu_init.obj</name>
      </input_file>
      <input_file id="fl-eb">
         <path>/Applications/ti/ccsv7/tools/compiler/ti-cgt-arm_16.9.4.LTS/lib/</path>
         <kind>archive</kind>
         <file>rtsv7M4_T_le_v4SPD16_eabi.lib</file>
         <name>printf.obj</name>
      </input_file>
      <input_file id="fl-ec">
         <path>/Applications/ti/ccsv7/tools/compiler/ti-cgt-arm_16.9.4.LTS/lib/</path>
         <kind>archive</kind>
         <file>rtsv7M4_T_le_v4SPD16_eabi.lib</file>
         <name>s_atan.obj</name>
      </input_file>
      <input_file id="fl-ed">
         <path>/Applications/ti/ccsv7/tools/compiler/ti-cgt-arm_16.9.4.LTS/lib/</path>
         <kind>archive</kind>
         <file>rtsv7M4_T_le_v4SPD16_eabi.lib</file>
         <name>s_cos.obj</name>
      </input_file>
      <input_file id="fl-ee">
         <path>/Applications/ti/ccsv7/tools/compiler/ti-cgt-arm_16.9.4.LTS/lib/</path>
         <kind>archive</kind>
         <file>rtsv7M4_T_le_v4SPD16_eabi.lib</file>
         <name>s_exp2.obj</name>
      </input_file>
      <input_file id="fl-ef">
         <path>/Applications/ti/ccsv7/tools/compiler/ti-cgt-arm_16.9.4.LTS/lib/</path>
         <kind>archive</kind>
         <file>rtsv7M4_T_le_v4SPD16_eabi.lib</file>
         <name>s_sin.obj</name>
      </input_file>
      <input_file id="fl-f0">
         <path>/Applications/ti/ccsv7/tools/compiler/ti-cgt-arm_16.9.4.LTS/lib/</path>
         <kind>archive</kind>
         <file>rtsv7M4_T_le_v4SPD16_eabi.lib</file>
         <name>stkdepth_vars.obj</name>
      </input_file>
      <input_file id="fl-f1">
         <path>/Applications/ti/ccsv7/tools/compiler/ti-cgt-arm_16.9.4.LTS/lib/</path>
         <kind>archive</kind>
         <file>rtsv7M4_T_le_v4SPD16_eabi.lib</file>
         <name>strncpy.obj</name>
      </input_file>
      <input_file id="fl-f2">
         <path>/Applications/ti/ccsv7/tools/compiler/ti-cgt-arm_16.9.4.LTS/lib/</path>
         <kind>archive</kind>
         <file>rtsv7M4_T_le_v4SPD16_eabi.lib</file>
         <name>u_tofd_t2.obj</name>
      </input_file>
      <input_file id="fl-f3">
         <path>/Applications/ti/ccsv7/tools/compiler/ti-cgt-arm_16.9.4.LTS/lib/</path>
         <kind>archive</kind>
         <file>rtsv7M4_T_le_v4SPD16_eabi.lib</file>
         <name>_lock.obj</name>
      </input_file>
      <input_file id="fl-f4">
         <path>/Applications/ti/ccsv7/tools/compiler/ti-cgt-arm_16.9.4.LTS/lib/</path>
         <kind>archive</kind>
         <file>rtsv7M4_T_le_v4SPD16_eabi.lib</file>
         <name>_printfi.obj</name>
      </input_file>
      <input_file id="fl-f5">
         <path>/Applications/ti/ccsv7/tools/compiler/ti-cgt-arm_16.9.4.LTS/lib/</path>
         <kind>archive</kind>
         <file>rtsv7M4_T_le_v4SPD16_eabi.lib</file>
         <name>args_main.obj</name>
      </input_file>
      <input_file id="fl-f6">
         <path>/Applications/ti/ccsv7/tools/compiler/ti-cgt-arm_16.9.4.LTS/lib/</path>
         <kind>archive</kind>
         <file>rtsv7M4_T_le_v4SPD16_eabi.lib</file>
         <name>atoi.obj</name>
      </input_file>
      <input_file id="fl-f7">
         <path>/Applications/ti/ccsv7/tools/compiler/ti-cgt-arm_16.9.4.LTS/lib/</path>
         <kind>archive</kind>
         <file>rtsv7M4_T_le_v4SPD16_eabi.lib</file>
         <name>autoinit.obj</name>
      </input_file>
      <input_file id="fl-f8">
         <path>/Applications/ti/ccsv7/tools/compiler/ti-cgt-arm_16.9.4.LTS/lib/</path>
         <kind>archive</kind>
         <file>rtsv7M4_T_le_v4SPD16_eabi.lib</file>
         <name>cpy_tbl.obj</name>
      </input_file>
      <input_file id="fl-f9">
         <path>/Applications/ti/ccsv7/tools/compiler/ti-cgt-arm_16.9.4.LTS/lib/</path>
         <kind>archive</kind>
         <file>rtsv7M4_T_le_v4SPD16_eabi.lib</file>
         <name>ctype.obj</name>
      </input_file>
      <input_file id="fl-fa">
         <path>/Applications/ti/ccsv7/tools/compiler/ti-cgt-arm_16.9.4.LTS/lib/</path>
         <kind>archive</kind>
         <file>rtsv7M4_T_le_v4SPD16_eabi.lib</file>
         <name>defs.obj</name>
      </input_file>
      <input_file id="fl-fb">
         <path>/Applications/ti/ccsv7/tools/compiler/ti-cgt-arm_16.9.4.LTS/lib/</path>
         <kind>archive</kind>
         <file>rtsv7M4_T_le_v4SPD16_eabi.lib</file>
         <name>fputc.obj</name>
      </input_file>
      <input_file id="fl-fc">
         <path>/Applications/ti/ccsv7/tools/compiler/ti-cgt-arm_16.9.4.LTS/lib/</path>
         <kind>archive</kind>
         <file>rtsv7M4_T_le_v4SPD16_eabi.lib</file>
         <name>fputs.obj</name>
      </input_file>
      <input_file id="fl-fd">
         <path>/Applications/ti/ccsv7/tools/compiler/ti-cgt-arm_16.9.4.LTS/lib/</path>
         <kind>archive</kind>
         <file>rtsv7M4_T_le_v4SPD16_eabi.lib</file>
         <name>k_cos.obj</name>
      </input_file>
      <input_file id="fl-fe">
         <path>/Applications/ti/ccsv7/tools/compiler/ti-cgt-arm_16.9.4.LTS/lib/</path>
         <kind>archive</kind>
         <file>rtsv7M4_T_le_v4SPD16_eabi.lib</file>
         <name>k_rem_pio2.obj</name>
      </input_file>
      <input_file id="fl-ff">
         <path>/Applications/ti/ccsv7/tools/compiler/ti-cgt-arm_16.9.4.LTS/lib/</path>
         <kind>archive</kind>
         <file>rtsv7M4_T_le_v4SPD16_eabi.lib</file>
         <name>k_sin.obj</name>
      </input_file>
      <input_file id="fl-100">
         <path>/Applications/ti/ccsv7/tools/compiler/ti-cgt-arm_16.9.4.LTS/lib/</path>
         <kind>archive</kind>
         <file>rtsv7M4_T_le_v4SPD16_eabi.lib</file>
         <name>l_div0.obj</name>
      </input_file>
      <input_file id="fl-101">
         <path>/Applications/ti/ccsv7/tools/compiler/ti-cgt-arm_16.9.4.LTS/lib/</path>
         <kind>archive</kind>
         <file>rtsv7M4_T_le_v4SPD16_eabi.lib</file>
         <name>ltoa.obj</name>
      </input_file>
      <input_file id="fl-102">
         <path>/Applications/ti/ccsv7/tools/compiler/ti-cgt-arm_16.9.4.LTS/lib/</path>
         <kind>archive</kind>
         <file>rtsv7M4_T_le_v4SPD16_eabi.lib</file>
         <name>memccpy.obj</name>
      </input_file>
      <input_file id="fl-103">
         <path>/Applications/ti/ccsv7/tools/compiler/ti-cgt-arm_16.9.4.LTS/lib/</path>
         <kind>archive</kind>
         <file>rtsv7M4_T_le_v4SPD16_eabi.lib</file>
         <name>memchr.obj</name>
      </input_file>
      <input_file id="fl-104">
         <path>/Applications/ti/ccsv7/tools/compiler/ti-cgt-arm_16.9.4.LTS/lib/</path>
         <kind>archive</kind>
         <file>rtsv7M4_T_le_v4SPD16_eabi.lib</file>
         <name>s_floor.obj</name>
      </input_file>
      <input_file id="fl-105">
         <path>/Applications/ti/ccsv7/tools/compiler/ti-cgt-arm_16.9.4.LTS/lib/</path>
         <kind>archive</kind>
         <file>rtsv7M4_T_le_v4SPD16_eabi.lib</file>
         <name>s_frexp.obj</name>
      </input_file>
      <input_file id="fl-106">
         <path>/Applications/ti/ccsv7/tools/compiler/ti-cgt-arm_16.9.4.LTS/lib/</path>
         <kind>archive</kind>
         <file>rtsv7M4_T_le_v4SPD16_eabi.lib</file>
         <name>s_scalbn.obj</name>
      </input_file>
      <input_file id="fl-107">
         <path>/Applications/ti/ccsv7/tools/compiler/ti-cgt-arm_16.9.4.LTS/lib/</path>
         <kind>archive</kind>
         <file>rtsv7M4_T_le_v4SPD16_eabi.lib</file>
         <name>startup.obj</name>
      </input_file>
      <input_file id="fl-108">
         <path>/Applications/ti/ccsv7/tools/compiler/ti-cgt-arm_16.9.4.LTS/lib/</path>
         <kind>archive</kind>
         <file>rtsv7M4_T_le_v4SPD16_eabi.lib</file>
         <name>strchr.obj</name>
      </input_file>
      <input_file id="fl-109">
         <path>/Applications/ti/ccsv7/tools/compiler/ti-cgt-arm_16.9.4.LTS/lib/</path>
         <kind>archive</kind>
         <file>rtsv7M4_T_le_v4SPD16_eabi.lib</file>
         <name>strlen.obj</name>
      </input_file>
      <input_file id="fl-10a">
         <path>/Applications/ti/ccsv7/tools/compiler/ti-cgt-arm_16.9.4.LTS/lib/</path>
         <kind>archive</kind>
         <file>rtsv7M4_T_le_v4SPD16_eabi.lib</file>
         <name>ull_div_t2.obj</name>
      </input_file>
      <input_file id="fl-10b">
         <path>/Applications/ti/ccsv7/tools/compiler/ti-cgt-arm_16.9.4.LTS/lib/</path>
         <kind>archive</kind>
         <file>rtsv7M4_T_le_v4SPD16_eabi.lib</file>
         <name>write.obj</name>
      </input_file>
      <input_file id="fl-10c">
         <path>/Applications/ti/ccsv7/tools/compiler/ti-cgt-arm_16.9.4.LTS/lib/</path>
         <kind>archive</kind>
         <file>rtsv7M4_T_le_v4SPD16_eabi.lib</file>
         <name>_io_perm.obj</name>
      </input_file>
      <input_file id="fl-10d">
         <path>/Applications/ti/ccsv7/tools/compiler/ti-cgt-arm_16.9.4.LTS/lib/</path>
         <kind>archive</kind>
         <file>rtsv7M4_T_le_v4SPD16_eabi.lib</file>
         <name>fflush.obj</name>
      </input_file>
      <input_file id="fl-10e">
         <path>/Applications/ti/ccsv7/tools/compiler/ti-cgt-arm_16.9.4.LTS/lib/</path>
         <kind>archive</kind>
         <file>rtsv7M4_T_le_v4SPD16_eabi.lib</file>
         <name>fseek.obj</name>
      </input_file>
      <input_file id="fl-10f">
         <path>/Applications/ti/ccsv7/tools/compiler/ti-cgt-arm_16.9.4.LTS/lib/</path>
         <kind>archive</kind>
         <file>rtsv7M4_T_le_v4SPD16_eabi.lib</file>
         <name>hostclose.obj</name>
      </input_file>
      <input_file id="fl-110">
         <path>/Applications/ti/ccsv7/tools/compiler/ti-cgt-arm_16.9.4.LTS/lib/</path>
         <kind>archive</kind>
         <file>rtsv7M4_T_le_v4SPD16_eabi.lib</file>
         <name>hostlseek.obj</name>
      </input_file>
      <input_file id="fl-111">
         <path>/Applications/ti/ccsv7/tools/compiler/ti-cgt-arm_16.9.4.LTS/lib/</path>
         <kind>archive</kind>
         <file>rtsv7M4_T_le_v4SPD16_eabi.lib</file>
         <name>hostopen.obj</name>
      </input_file>
      <input_file id="fl-112">
         <path>/Applications/ti/ccsv7/tools/compiler/ti-cgt-arm_16.9.4.LTS/lib/</path>
         <kind>archive</kind>
         <file>rtsv7M4_T_le_v4SPD16_eabi.lib</file>
         <name>hostread.obj</name>
      </input_file>
      <input_file id="fl-113">
         <path>/Applications/ti/ccsv7/tools/compiler/ti-cgt-arm_16.9.4.LTS/lib/</path>
         <kind>archive</kind>
         <file>rtsv7M4_T_le_v4SPD16_eabi.lib</file>
         <name>hostrename.obj</name>
      </input_file>
      <input_file id="fl-114">
         <path>/Applications/ti/ccsv7/tools/compiler/ti-cgt-arm_16.9.4.LTS/lib/</path>
         <kind>archive</kind>
         <file>rtsv7M4_T_le_v4SPD16_eabi.lib</file>
         <name>hostunlink.obj</name>
      </input_file>
      <input_file id="fl-115">
         <path>/Applications/ti/ccsv7/tools/compiler/ti-cgt-arm_16.9.4.LTS/lib/</path>
         <kind>archive</kind>
         <file>rtsv7M4_T_le_v4SPD16_eabi.lib</file>
         <name>hostwrite.obj</name>
      </input_file>
      <input_file id="fl-116">
         <path>/Applications/ti/ccsv7/tools/compiler/ti-cgt-arm_16.9.4.LTS/lib/</path>
         <kind>archive</kind>
         <file>rtsv7M4_T_le_v4SPD16_eabi.lib</file>
         <name>lseek.obj</name>
      </input_file>
      <input_file id="fl-117">
         <path>/Applications/ti/ccsv7/tools/compiler/ti-cgt-arm_16.9.4.LTS/lib/</path>
         <kind>archive</kind>
         <file>rtsv7M4_T_le_v4SPD16_eabi.lib</file>
         <name>s_copysign.obj</name>
      </input_file>
      <input_file id="fl-118">
         <path>/Applications/ti/ccsv7/tools/compiler/ti-cgt-arm_16.9.4.LTS/lib/</path>
         <kind>archive</kind>
         <file>rtsv7M4_T_le_v4SPD16_eabi.lib</file>
         <name>setvbuf.obj</name>
      </input_file>
      <input_file id="fl-119">
         <path>/Applications/ti/ccsv7/tools/compiler/ti-cgt-arm_16.9.4.LTS/lib/</path>
         <kind>archive</kind>
         <file>rtsv7M4_T_le_v4SPD16_eabi.lib</file>
         <name>strcpy.obj</name>
      </input_file>
      <input_file id="fl-11a">
         <path>/Applications/ti/ccsv7/tools/compiler/ti-cgt-arm_16.9.4.LTS/lib/</path>
         <kind>archive</kind>
         <file>rtsv7M4_T_le_v4SPD16_eabi.lib</file>
         <name>trgmsg.obj</name>
      </input_file>
      <input_file id="fl-11b">
         <path>/Applications/ti/ccsv7/tools/compiler/ti-cgt-arm_16.9.4.LTS/lib/</path>
         <kind>archive</kind>
         <file>rtsv7M4_T_le_v4SPD16_eabi.lib</file>
         <name>fopen.obj</name>
      </input_file>
      <input_file id="fl-11c">
         <path>/Applications/ti/ccsv7/tools/compiler/ti-cgt-arm_16.9.4.LTS/lib/</path>
         <kind>archive</kind>
         <file>rtsv7M4_T_le_v4SPD16_eabi.lib</file>
         <name>memory.obj</name>
      </input_file>
      <input_file id="fl-11d">
         <path>/Applications/ti/ccsv7/tools/compiler/ti-cgt-arm_16.9.4.LTS/lib/</path>
         <kind>archive</kind>
         <file>rtsv7M4_T_le_v4SPD16_eabi.lib</file>
         <name>open.obj</name>
      </input_file>
      <input_file id="fl-11e">
         <path>/Applications/ti/ccsv7/tools/compiler/ti-cgt-arm_16.9.4.LTS/lib/</path>
         <kind>archive</kind>
         <file>rtsv7M4_T_le_v4SPD16_eabi.lib</file>
         <name>fclose.obj</name>
      </input_file>
      <input_file id="fl-11f">
         <path>/Applications/ti/ccsv7/tools/compiler/ti-cgt-arm_16.9.4.LTS/lib/</path>
         <kind>archive</kind>
         <file>rtsv7M4_T_le_v4SPD16_eabi.lib</file>
         <name>getdevice.obj</name>
      </input_file>
      <input_file id="fl-120">
         <path>/Applications/ti/ccsv7/tools/compiler/ti-cgt-arm_16.9.4.LTS/lib/</path>
         <kind>archive</kind>
         <file>rtsv7M4_T_le_v4SPD16_eabi.lib</file>
         <name>remove.obj</name>
      </input_file>
      <input_file id="fl-121">
         <path>/Applications/ti/ccsv7/tools/compiler/ti-cgt-arm_16.9.4.LTS/lib/</path>
         <kind>archive</kind>
         <file>rtsv7M4_T_le_v4SPD16_eabi.lib</file>
         <name>strcmp.obj</name>
      </input_file>
      <input_file id="fl-122">
         <path>/Applications/ti/ccsv7/tools/compiler/ti-cgt-arm_16.9.4.LTS/lib/</path>
         <kind>archive</kind>
         <file>rtsv7M4_T_le_v4SPD16_eabi.lib</file>
         <name>unlink.obj</name>
      </input_file>
      <input_file id="fl-123">
         <path>/Applications/ti/ccsv7/tools/compiler/ti-cgt-arm_16.9.4.LTS/lib/</path>
         <kind>archive</kind>
         <file>rtsv7M4_T_le_v4SPD16_eabi.lib</file>
         <name>close.obj</name>
      </input_file>
   </input_file_list>
   <object_component_list>
      <object_component id="oc-2c">
         <name>.intvecs:retain</name>
         <load_address>0x0</load_address>
         <run_address>0x0</run_address>
         <size>0xe4</size>
         <input_file_ref idref="fl-3"/>
      </object_component>
      <object_component id="oc-27b">
         <name>.text</name>
         <load_address>0xe4</load_address>
         <run_address>0xe4</run_address>
         <size>0x113e</size>
         <input_file_ref idref="fl-f4"/>
      </object_component>
      <object_component id="oc-7e">
         <name>.text:Default_Handler</name>
         <load_address>0x1222</load_address>
         <run_address>0x1222</run_address>
         <size>0x2</size>
         <input_file_ref idref="fl-3"/>
      </object_component>
      <object_component id="oc-da">
         <name>.text:main</name>
         <load_address>0x1224</load_address>
         <run_address>0x1224</run_address>
         <size>0xdcc</size>
         <input_file_ref idref="fl-a"/>
      </object_component>
      <object_component id="oc-15b">
         <name>.text:bmi160_config_running_mode</name>
         <load_address>0x1ff0</load_address>
         <run_address>0x1ff0</run_address>
         <size>0xa58</size>
         <input_file_ref idref="fl-7"/>
      </object_component>
      <object_component id="oc-31c">
         <name>.text:bmi160_read_fifo_header_data</name>
         <load_address>0x2a48</load_address>
         <run_address>0x2a48</run_address>
         <size>0x9d0</size>
         <input_file_ref idref="fl-6"/>
      </object_component>
      <object_component id="oc-45a">
         <name>.text</name>
         <load_address>0x3418</load_address>
         <run_address>0x3418</run_address>
         <size>0x738</size>
         <input_file_ref idref="fl-fe"/>
      </object_component>
      <object_component id="oc-1c4">
         <name>.text</name>
         <load_address>0x3b50</load_address>
         <run_address>0x3b50</run_address>
         <size>0x5dc</size>
         <input_file_ref idref="fl-ed"/>
      </object_component>
      <object_component id="oc-1cf">
         <name>.text</name>
         <load_address>0x412c</load_address>
         <run_address>0x412c</run_address>
         <size>0x5c4</size>
         <input_file_ref idref="fl-ef"/>
      </object_component>
      <object_component id="oc-5bb">
         <name>.text:bmi160_read_bmm150_mag_trim</name>
         <load_address>0x46f0</load_address>
         <run_address>0x46f0</run_address>
         <size>0x4ac</size>
         <input_file_ref idref="fl-6"/>
      </object_component>
      <object_component id="oc-1e9">
         <name>.text</name>
         <load_address>0x4b9c</load_address>
         <run_address>0x4b9c</run_address>
         <size>0x3e4</size>
         <input_file_ref idref="fl-d8"/>
      </object_component>
      <object_component id="oc-769">
         <name>.text</name>
         <load_address>0x4f80</load_address>
         <run_address>0x4f80</run_address>
         <size>0x3d0</size>
         <input_file_ref idref="fl-11c"/>
      </object_component>
      <object_component id="oc-5c1">
         <name>.text:bmi160_set_bmm150_mag_presetmode</name>
         <load_address>0x5350</load_address>
         <run_address>0x5350</run_address>
         <size>0x358</size>
         <input_file_ref idref="fl-6"/>
      </object_component>
      <object_component id="oc-472">
         <name>.text</name>
         <load_address>0x56a8</load_address>
         <run_address>0x56a8</run_address>
         <size>0x2ec</size>
         <input_file_ref idref="fl-ec"/>
      </object_component>
      <object_component id="oc-322">
         <name>.text:bmi160_set_intr_enable_0</name>
         <load_address>0x5994</load_address>
         <run_address>0x5994</run_address>
         <size>0x2d8</size>
         <input_file_ref idref="fl-6"/>
      </object_component>
      <object_component id="oc-2c2">
         <name>.text:bmi160_bmm150_mag_interface_init</name>
         <load_address>0x5c6c</load_address>
         <run_address>0x5c6c</run_address>
         <size>0x29c</size>
         <input_file_ref idref="fl-6"/>
      </object_component>
      <object_component id="oc-131">
         <name>.text</name>
         <load_address>0x5f08</load_address>
         <run_address>0x5f08</run_address>
         <size>0x264</size>
         <input_file_ref idref="fl-17"/>
      </object_component>
      <object_component id="oc-161">
         <name>.text:bmi160_accel_foc_trigger_xyz</name>
         <load_address>0x616c</load_address>
         <run_address>0x616c</run_address>
         <size>0x250</size>
         <input_file_ref idref="fl-6"/>
      </object_component>
      <object_component id="oc-4a2">
         <name>.text</name>
         <load_address>0x63bc</load_address>
         <run_address>0x63bc</run_address>
         <size>0x1fc</size>
         <input_file_ref idref="fl-ee"/>
      </object_component>
      <object_component id="oc-4eb">
         <name>.text</name>
         <load_address>0x65b8</load_address>
         <run_address>0x65b8</run_address>
         <size>0x1f4</size>
         <input_file_ref idref="fl-10a"/>
      </object_component>
      <object_component id="oc-1e3">
         <name>.text</name>
         <load_address>0x67ac</load_address>
         <run_address>0x67ac</run_address>
         <size>0x1ec</size>
         <input_file_ref idref="fl-d9"/>
      </object_component>
      <object_component id="oc-76f">
         <name>.text</name>
         <load_address>0x6998</load_address>
         <run_address>0x6998</run_address>
         <size>0x1c4</size>
         <input_file_ref idref="fl-11b"/>
      </object_component>
      <object_component id="oc-1da">
         <name>.text</name>
         <load_address>0x6b5c</load_address>
         <run_address>0x6b5c</run_address>
         <size>0x1b6</size>
         <input_file_ref idref="fl-dd"/>
      </object_component>
      <object_component id="oc-84">
         <name>.text:WDT_A_IRQHandler</name>
         <load_address>0x6d12</load_address>
         <run_address>0x6d12</run_address>
         <size>0x2</size>
         <input_file_ref idref="fl-a"/>
      </object_component>
      <object_component id="oc-624">
         <name>.text:bme280_get_calib_param</name>
         <load_address>0x6d14</load_address>
         <run_address>0x6d14</run_address>
         <size>0x1a0</size>
         <input_file_ref idref="fl-4"/>
      </object_component>
      <object_component id="oc-39e">
         <name>.text:bme280_set_oversamp_humidity</name>
         <load_address>0x6eb4</load_address>
         <run_address>0x6eb4</run_address>
         <size>0x198</size>
         <input_file_ref idref="fl-4"/>
      </object_component>
      <object_component id="oc-173">
         <name>.text:bmi160_set_foc_gyro_enable</name>
         <load_address>0x704c</load_address>
         <run_address>0x704c</run_address>
         <size>0x18c</size>
         <input_file_ref idref="fl-6"/>
      </object_component>
      <object_component id="oc-17f">
         <name>.text:bme280_set_power_mode</name>
         <load_address>0x71d8</load_address>
         <run_address>0x71d8</run_address>
         <size>0x178</size>
         <input_file_ref idref="fl-4"/>
      </object_component>
      <object_component id="oc-460">
         <name>.text</name>
         <load_address>0x7350</load_address>
         <run_address>0x7350</run_address>
         <size>0x174</size>
         <input_file_ref idref="fl-ff"/>
      </object_component>
      <object_component id="oc-47f">
         <name>.text</name>
         <load_address>0x74c4</load_address>
         <run_address>0x74c4</run_address>
         <size>0x170</size>
         <input_file_ref idref="fl-da"/>
      </object_component>
      <object_component id="oc-3aa">
         <name>.text:bme280_set_oversamp_temperature</name>
         <load_address>0x7634</load_address>
         <run_address>0x7634</run_address>
         <size>0x16c</size>
         <input_file_ref idref="fl-4"/>
      </object_component>
      <object_component id="oc-44a">
         <name>.text</name>
         <load_address>0x77a0</load_address>
         <run_address>0x77a0</run_address>
         <size>0x16c</size>
         <input_file_ref idref="fl-fd"/>
      </object_component>
      <object_component id="oc-3b0">
         <name>.text:bme280_set_standby_durn</name>
         <load_address>0x790c</load_address>
         <run_address>0x790c</run_address>
         <size>0x164</size>
         <input_file_ref idref="fl-4"/>
      </object_component>
      <object_component id="oc-56b">
         <name>.text:bmi160_bmm150_mag_set_power_mode</name>
         <load_address>0x7a70</load_address>
         <run_address>0x7a70</run_address>
         <size>0x160</size>
         <input_file_ref idref="fl-6"/>
      </object_component>
      <object_component id="oc-3a4">
         <name>.text:bme280_set_oversamp_pressure</name>
         <load_address>0x7bd0</load_address>
         <run_address>0x7bd0</run_address>
         <size>0x158</size>
         <input_file_ref idref="fl-4"/>
      </object_component>
      <object_component id="oc-328">
         <name>.text:bmi160_set_intr_enable_2</name>
         <load_address>0x7d28</load_address>
         <run_address>0x7d28</run_address>
         <size>0x158</size>
         <input_file_ref idref="fl-6"/>
      </object_component>
      <object_component id="oc-712">
         <name>.text:readBurstI2C</name>
         <load_address>0x7e80</load_address>
         <run_address>0x7e80</run_address>
         <size>0x13c</size>
         <input_file_ref idref="fl-9"/>
      </object_component>
      <object_component id="oc-48f">
         <name>.text:readI2C</name>
         <load_address>0x7fbc</load_address>
         <run_address>0x7fbc</run_address>
         <size>0x138</size>
         <input_file_ref idref="fl-9"/>
      </object_component>
      <object_component id="oc-478">
         <name>.text</name>
         <load_address>0x80f4</load_address>
         <run_address>0x80f4</run_address>
         <size>0x136</size>
         <input_file_ref idref="fl-df"/>
      </object_component>
      <object_component id="oc-56">
         <name>.text</name>
         <load_address>0x822a</load_address>
         <run_address>0x822a</run_address>
         <size>0x2</size>
         <input_file_ref idref="fl-ea"/>
      </object_component>
      <object_component id="oc-275">
         <name>.text</name>
         <load_address>0x822c</load_address>
         <run_address>0x822c</run_address>
         <size>0x134</size>
         <input_file_ref idref="fl-fc"/>
      </object_component>
      <object_component id="oc-3da">
         <name>.text:bme280_compensate_pressure_int32</name>
         <load_address>0x8360</load_address>
         <run_address>0x8360</run_address>
         <size>0x130</size>
         <input_file_ref idref="fl-4"/>
      </object_component>
      <object_component id="oc-137">
         <name>.text:init_TA</name>
         <load_address>0x8490</load_address>
         <run_address>0x8490</run_address>
         <size>0x128</size>
         <input_file_ref idref="fl-a"/>
      </object_component>
      <object_component id="oc-2b6">
         <name>.text:bmi160_set_bmm150_mag_and_secondary_if_power_mode</name>
         <load_address>0x85b8</load_address>
         <run_address>0x85b8</run_address>
         <size>0x124</size>
         <input_file_ref idref="fl-6"/>
      </object_component>
      <object_component id="oc-1d5">
         <name>.text</name>
         <load_address>0x86dc</load_address>
         <run_address>0x86dc</run_address>
         <size>0xfc</size>
         <input_file_ref idref="fl-e0"/>
      </object_component>
      <object_component id="oc-4fc">
         <name>.text</name>
         <load_address>0x87d8</load_address>
         <run_address>0x87d8</run_address>
         <size>0xfc</size>
         <input_file_ref idref="fl-106"/>
      </object_component>
      <object_component id="oc-310">
         <name>.text:bmi160_set_intr_fifo_wm</name>
         <load_address>0x88d4</load_address>
         <run_address>0x88d4</run_address>
         <size>0xf8</size>
         <input_file_ref idref="fl-6"/>
      </object_component>
      <object_component id="oc-5e2">
         <name>.text:bmi160_set_intr_level</name>
         <load_address>0x89cc</load_address>
         <run_address>0x89cc</run_address>
         <size>0xf8</size>
         <input_file_ref idref="fl-6"/>
      </object_component>
      <object_component id="oc-5dc">
         <name>.text:bmi160_set_output_enable</name>
         <load_address>0x8ac4</load_address>
         <run_address>0x8ac4</run_address>
         <size>0xf8</size>
         <input_file_ref idref="fl-6"/>
      </object_component>
      <object_component id="oc-65c">
         <name>.text</name>
         <load_address>0x8bbc</load_address>
         <run_address>0x8bbc</run_address>
         <size>0xf8</size>
         <input_file_ref idref="fl-104"/>
      </object_component>
      <object_component id="oc-179">
         <name>.text:bme280_data_readout_template</name>
         <load_address>0x8cb4</load_address>
         <run_address>0x8cb4</run_address>
         <size>0xf0</size>
         <input_file_ref idref="fl-5"/>
      </object_component>
      <object_component id="oc-96">
         <name>.text:EUSCIB1_IRQHandler</name>
         <load_address>0x8da4</load_address>
         <run_address>0x8da4</run_address>
         <size>0xec</size>
         <input_file_ref idref="fl-9"/>
      </object_component>
      <object_component id="oc-40f">
         <name>.text:writeI2C</name>
         <load_address>0x8e90</load_address>
         <run_address>0x8e90</run_address>
         <size>0xe8</size>
         <input_file_ref idref="fl-9"/>
      </object_component>
      <object_component id="oc-6c0">
         <name>.text</name>
         <load_address>0x8f78</load_address>
         <run_address>0x8f78</run_address>
         <size>0xdc</size>
         <input_file_ref idref="fl-118"/>
      </object_component>
      <object_component id="oc-5a9">
         <name>.text:bmi160_bmm150_mag_wakeup</name>
         <load_address>0x9054</load_address>
         <run_address>0x9054</run_address>
         <size>0xd4</size>
         <input_file_ref idref="fl-6"/>
      </object_component>
      <object_component id="oc-1ef">
         <name>.text:sensorTmp007Read</name>
         <load_address>0x9128</load_address>
         <run_address>0x9128</run_address>
         <size>0xd4</size>
         <input_file_ref idref="fl-c"/>
      </object_component>
      <object_component id="oc-2da">
         <name>.text:bmi160_set_gyro_output_data_rate</name>
         <load_address>0x91fc</load_address>
         <run_address>0x91fc</run_address>
         <size>0xd0</size>
         <input_file_ref idref="fl-6"/>
      </object_component>
      <object_component id="oc-4cf">
         <name>.text</name>
         <load_address>0x92cc</load_address>
         <run_address>0x92cc</run_address>
         <size>0xc8</size>
         <input_file_ref idref="fl-10d"/>
      </object_component>
      <object_component id="oc-42e">
         <name>.text:bmi160_bmm150_mag_compensate_X</name>
         <load_address>0x9394</load_address>
         <run_address>0x9394</run_address>
         <size>0xc4</size>
         <input_file_ref idref="fl-6"/>
      </object_component>
      <object_component id="oc-434">
         <name>.text:bmi160_bmm150_mag_compensate_Y</name>
         <load_address>0x9458</load_address>
         <run_address>0x9458</run_address>
         <size>0xc4</size>
         <input_file_ref idref="fl-6"/>
      </object_component>
      <object_component id="oc-3e0">
         <name>.text:bme280_compensate_humidity_int32</name>
         <load_address>0x951c</load_address>
         <run_address>0x951c</run_address>
         <size>0xc0</size>
         <input_file_ref idref="fl-4"/>
      </object_component>
      <object_component id="oc-428">
         <name>.text:bmi160_read_mag_xyzr</name>
         <load_address>0x95dc</load_address>
         <run_address>0x95dc</run_address>
         <size>0xc0</size>
         <input_file_ref idref="fl-6"/>
      </object_component>
      <object_component id="oc-385">
         <name>.text:bmi160_get_gyro_offset_compensation_yaxis</name>
         <load_address>0x969c</load_address>
         <run_address>0x969c</run_address>
         <size>0xbc</size>
         <input_file_ref idref="fl-6"/>
      </object_component>
      <object_component id="oc-38b">
         <name>.text:bmi160_get_gyro_offset_compensation_zaxis</name>
         <load_address>0x9758</load_address>
         <run_address>0x9758</run_address>
         <size>0xbc</size>
         <input_file_ref idref="fl-6"/>
      </object_component>
      <object_component id="oc-7d0">
         <name>.text</name>
         <load_address>0x9814</load_address>
         <run_address>0x9814</run_address>
         <size>0xbc</size>
         <input_file_ref idref="fl-11d"/>
      </object_component>
      <object_component id="oc-6ff">
         <name>.text:CS_getDCOFrequency</name>
         <load_address>0x98d0</load_address>
         <run_address>0x98d0</run_address>
         <size>0xb8</size>
         <input_file_ref idref="fl-18"/>
      </object_component>
      <object_component id="oc-37f">
         <name>.text:bmi160_get_gyro_offset_compensation_xaxis</name>
         <load_address>0x9988</load_address>
         <run_address>0x9988</run_address>
         <size>0xb8</size>
         <input_file_ref idref="fl-6"/>
      </object_component>
      <object_component id="oc-143">
         <name>.text:setSystemClock</name>
         <load_address>0x9a40</load_address>
         <run_address>0x9a40</run_address>
         <size>0xb4</size>
         <input_file_ref idref="fl-a"/>
      </object_component>
      <object_component id="oc-4c9">
         <name>.text</name>
         <load_address>0x9af4</load_address>
         <run_address>0x9af4</run_address>
         <size>0xac</size>
         <input_file_ref idref="fl-10c"/>
      </object_component>
      <object_component id="oc-f7">
         <name>.text:uartReceive</name>
         <load_address>0x9ba0</load_address>
         <run_address>0x9ba0</run_address>
         <size>0xac</size>
         <input_file_ref idref="fl-d"/>
      </object_component>
      <object_component id="oc-5c7">
         <name>.text:bmi160_set_mag_output_data_rate</name>
         <load_address>0x9c4c</load_address>
         <run_address>0x9c4c</run_address>
         <size>0xa8</size>
         <input_file_ref idref="fl-6"/>
      </object_component>
      <object_component id="oc-4bb">
         <name>.text:CS_startHFXTWithTimeout</name>
         <load_address>0x9cf4</load_address>
         <run_address>0x9cf4</run_address>
         <size>0x9c</size>
         <input_file_ref idref="fl-18"/>
      </object_component>
      <object_component id="oc-4c2">
         <name>.text:CS_startLFXTWithTimeout</name>
         <load_address>0x9d90</load_address>
         <run_address>0x9d90</run_address>
         <size>0x9c</size>
         <input_file_ref idref="fl-18"/>
      </object_component>
      <object_component id="oc-530">
         <name>.text:_CSComputeCLKFrequency</name>
         <load_address>0x9e2c</load_address>
         <run_address>0x9e2c</run_address>
         <size>0x9c</size>
         <input_file_ref idref="fl-18"/>
      </object_component>
      <object_component id="oc-3e">
         <name>.text</name>
         <load_address>0x9ec8</load_address>
         <run_address>0x9ec8</run_address>
         <size>0x9c</size>
         <input_file_ref idref="fl-e8"/>
      </object_component>
      <object_component id="oc-3ce">
         <name>.text:bme280_read_uncomp_pressure_temperature_humidity</name>
         <load_address>0x9f64</load_address>
         <run_address>0x9f64</run_address>
         <size>0x98</size>
         <input_file_ref idref="fl-4"/>
      </object_component>
      <object_component id="oc-2e0">
         <name>.text:bmi160_set_accel_output_data_rate</name>
         <load_address>0x9ffc</load_address>
         <run_address>0x9ffc</run_address>
         <size>0x98</size>
         <input_file_ref idref="fl-6"/>
      </object_component>
      <object_component id="oc-7d6">
         <name>.text</name>
         <load_address>0xa094</load_address>
         <run_address>0xa094</run_address>
         <size>0x98</size>
         <input_file_ref idref="fl-11e"/>
      </object_component>
      <object_component id="oc-26f">
         <name>.text</name>
         <load_address>0xa12c</load_address>
         <run_address>0xa12c</run_address>
         <size>0x98</size>
         <input_file_ref idref="fl-fb"/>
      </object_component>
      <object_component id="oc-43a">
         <name>.text:bmi160_bmm150_mag_compensate_Z</name>
         <load_address>0xa1c4</load_address>
         <run_address>0xa1c4</run_address>
         <size>0x94</size>
         <input_file_ref idref="fl-6"/>
      </object_component>
      <object_component id="oc-2ce">
         <name>.text:bmi160_set_accel_bw</name>
         <load_address>0xa258</load_address>
         <run_address>0xa258</run_address>
         <size>0x90</size>
         <input_file_ref idref="fl-6"/>
      </object_component>
      <object_component id="oc-2f8">
         <name>.text:bmi160_set_fifo_accel_enable</name>
         <load_address>0xa2e8</load_address>
         <run_address>0xa2e8</run_address>
         <size>0x90</size>
         <input_file_ref idref="fl-6"/>
      </object_component>
      <object_component id="oc-2fe">
         <name>.text:bmi160_set_fifo_gyro_enable</name>
         <load_address>0xa378</load_address>
         <run_address>0xa378</run_address>
         <size>0x90</size>
         <input_file_ref idref="fl-6"/>
      </object_component>
      <object_component id="oc-2ec">
         <name>.text:bmi160_set_fifo_header_enable</name>
         <load_address>0xa408</load_address>
         <run_address>0xa408</run_address>
         <size>0x90</size>
         <input_file_ref idref="fl-6"/>
      </object_component>
      <object_component id="oc-2f2">
         <name>.text:bmi160_set_fifo_mag_enable</name>
         <load_address>0xa498</load_address>
         <run_address>0xa498</run_address>
         <size>0x90</size>
         <input_file_ref idref="fl-6"/>
      </object_component>
      <object_component id="oc-30a">
         <name>.text:bmi160_set_fifo_stop_on_full</name>
         <load_address>0xa528</load_address>
         <run_address>0xa528</run_address>
         <size>0x90</size>
         <input_file_ref idref="fl-6"/>
      </object_component>
      <object_component id="oc-304">
         <name>.text:bmi160_set_fifo_time_enable</name>
         <load_address>0xa5b8</load_address>
         <run_address>0xa5b8</run_address>
         <size>0x90</size>
         <input_file_ref idref="fl-6"/>
      </object_component>
      <object_component id="oc-2d4">
         <name>.text:bmi160_set_gyro_bw</name>
         <load_address>0xa648</load_address>
         <run_address>0xa648</run_address>
         <size>0x90</size>
         <input_file_ref idref="fl-6"/>
      </object_component>
      <object_component id="oc-16d">
         <name>.text:bmi160_set_gyro_range</name>
         <load_address>0xa6d8</load_address>
         <run_address>0xa6d8</run_address>
         <size>0x90</size>
         <input_file_ref idref="fl-6"/>
      </object_component>
      <object_component id="oc-33a">
         <name>.text:bmi160_set_gyro_sleep_state</name>
         <load_address>0xa768</load_address>
         <run_address>0xa768</run_address>
         <size>0x90</size>
         <input_file_ref idref="fl-6"/>
      </object_component>
      <object_component id="oc-32e">
         <name>.text:bmi160_set_gyro_sleep_trigger</name>
         <load_address>0xa7f8</load_address>
         <run_address>0xa7f8</run_address>
         <size>0x90</size>
         <input_file_ref idref="fl-6"/>
      </object_component>
      <object_component id="oc-340">
         <name>.text:bmi160_set_gyro_wakeup_intr</name>
         <load_address>0xa888</load_address>
         <run_address>0xa888</run_address>
         <size>0x90</size>
         <input_file_ref idref="fl-6"/>
      </object_component>
      <object_component id="oc-334">
         <name>.text:bmi160_set_gyro_wakeup_trigger</name>
         <load_address>0xa918</load_address>
         <run_address>0xa918</run_address>
         <size>0x90</size>
         <input_file_ref idref="fl-6"/>
      </object_component>
      <object_component id="oc-2bc">
         <name>.text:bmi160_set_if_mode</name>
         <load_address>0xa9a8</load_address>
         <run_address>0xa9a8</run_address>
         <size>0x90</size>
         <input_file_ref idref="fl-6"/>
      </object_component>
      <object_component id="oc-565">
         <name>.text:bmi160_set_mag_manual_enable</name>
         <load_address>0xaa38</load_address>
         <run_address>0xaa38</run_address>
         <size>0x90</size>
         <input_file_ref idref="fl-6"/>
      </object_component>
      <object_component id="oc-585">
         <name>.text:bmi160_set_paging_enable</name>
         <load_address>0xaac8</load_address>
         <run_address>0xaac8</run_address>
         <size>0x90</size>
         <input_file_ref idref="fl-6"/>
      </object_component>
      <object_component id="oc-597">
         <name>.text:bmi160_set_pullup_configuration</name>
         <load_address>0xab58</load_address>
         <run_address>0xab58</run_address>
         <size>0x90</size>
         <input_file_ref idref="fl-6"/>
      </object_component>
      <object_component id="oc-579">
         <name>.text:bmi160_set_target_page</name>
         <load_address>0xabe8</load_address>
         <run_address>0xabe8</run_address>
         <size>0x90</size>
         <input_file_ref idref="fl-6"/>
      </object_component>
      <object_component id="oc-455">
         <name>.text:__aeabi_cdcmple</name>
         <load_address>0xac78</load_address>
         <run_address>0xac78</run_address>
         <size>0x86</size>
         <input_file_ref idref="fl-de"/>
      </object_component>
      <object_component id="oc-485">
         <name>.text:__aeabi_cdrcmple</name>
         <load_address>0xacfe</load_address>
         <run_address>0xacfe</run_address>
         <size>0x86</size>
         <input_file_ref idref="fl-de"/>
      </object_component>
      <object_component id="oc-2e6">
         <name>.text:bmi160_interrupt_configuration</name>
         <load_address>0xad84</load_address>
         <run_address>0xad84</run_address>
         <size>0x80</size>
         <input_file_ref idref="fl-7"/>
      </object_component>
      <object_component id="oc-353">
         <name>.text:bmi160_set_accel_offset_enable</name>
         <load_address>0xae04</load_address>
         <run_address>0xae04</run_address>
         <size>0x80</size>
         <input_file_ref idref="fl-6"/>
      </object_component>
      <object_component id="oc-379">
         <name>.text:bmi160_set_gyro_offset_enable</name>
         <load_address>0xae84</load_address>
         <run_address>0xae84</run_address>
         <size>0x80</size>
         <input_file_ref idref="fl-6"/>
      </object_component>
      <object_component id="oc-59d">
         <name>.text:bmi160_set_i2c_device_addr</name>
         <load_address>0xaf04</load_address>
         <run_address>0xaf04</run_address>
         <size>0x80</size>
         <input_file_ref idref="fl-6"/>
      </object_component>
      <object_component id="oc-3d4">
         <name>.text:bme280_compensate_temperature_int32</name>
         <load_address>0xaf84</load_address>
         <run_address>0xaf84</run_address>
         <size>0x7c</size>
         <input_file_ref idref="fl-4"/>
      </object_component>
      <object_component id="oc-4a">
         <name>.text</name>
         <load_address>0xb000</load_address>
         <run_address>0xb000</run_address>
         <size>0x7a</size>
         <input_file_ref idref="fl-e9"/>
      </object_component>
      <object_component id="oc-d2">
         <name>.text</name>
         <load_address>0xb07a</load_address>
         <run_address>0xb07a</run_address>
         <size>0x2</size>
         <input_file_ref idref="fl-107"/>
      </object_component>
      <object_component id="oc-ed">
         <name>.text:SystemInit</name>
         <load_address>0xb07c</load_address>
         <run_address>0xb07c</run_address>
         <size>0x78</size>
         <input_file_ref idref="fl-2"/>
      </object_component>
      <object_component id="oc-1ad">
         <name>.text:bmi160_read_accel_xyz</name>
         <load_address>0xb0f4</load_address>
         <run_address>0xb0f4</run_address>
         <size>0x78</size>
         <input_file_ref idref="fl-6"/>
      </object_component>
      <object_component id="oc-1b3">
         <name>.text:bmi160_read_gyro_xyz</name>
         <load_address>0xb16c</load_address>
         <run_address>0xb16c</run_address>
         <size>0x78</size>
         <input_file_ref idref="fl-6"/>
      </object_component>
      <object_component id="oc-6ac">
         <name>.text:_CSGetHFXTFrequency</name>
         <load_address>0xb1e4</load_address>
         <run_address>0xb1e4</run_address>
         <size>0x70</size>
         <input_file_ref idref="fl-18"/>
      </object_component>
      <object_component id="oc-62">
         <name>.text</name>
         <load_address>0xb254</load_address>
         <run_address>0xb254</run_address>
         <size>0x70</size>
         <input_file_ref idref="fl-f7"/>
      </object_component>
      <object_component id="oc-816">
         <name>.text</name>
         <load_address>0xb2c4</load_address>
         <run_address>0xb2c4</run_address>
         <size>0x70</size>
         <input_file_ref idref="fl-11f"/>
      </object_component>
      <object_component id="oc-149">
         <name>.text</name>
         <load_address>0xb334</load_address>
         <run_address>0xb334</run_address>
         <size>0x70</size>
         <input_file_ref idref="fl-eb"/>
      </object_component>
      <object_component id="oc-201">
         <name>.text:sensorOpt3001Convert</name>
         <load_address>0xb3a4</load_address>
         <run_address>0xb3a4</run_address>
         <size>0x70</size>
         <input_file_ref idref="fl-b"/>
      </object_component>
      <object_component id="oc-191">
         <name>.text:sensorTmp007Enable</name>
         <load_address>0xb414</load_address>
         <run_address>0xb414</run_address>
         <size>0x70</size>
         <input_file_ref idref="fl-c"/>
      </object_component>
      <object_component id="oc-1ca">
         <name>.text</name>
         <load_address>0xb484</load_address>
         <run_address>0xb484</run_address>
         <size>0x6e</size>
         <input_file_ref idref="fl-e2"/>
      </object_component>
      <object_component id="oc-805">
         <name>.text</name>
         <load_address>0xb4f4</load_address>
         <run_address>0xb4f4</run_address>
         <size>0x6c</size>
         <input_file_ref idref="fl-113"/>
      </object_component>
      <object_component id="oc-14">
         <name>.text:decompress:lzss</name>
         <load_address>0xb560</load_address>
         <run_address>0xb560</run_address>
         <size>0x68</size>
         <input_file_ref idref="fl-d5"/>
      </object_component>
      <object_component id="oc-7f9">
         <name>.text</name>
         <load_address>0xb5c8</load_address>
         <run_address>0xb5c8</run_address>
         <size>0x68</size>
         <input_file_ref idref="fl-110"/>
      </object_component>
      <object_component id="oc-830">
         <name>.text</name>
         <load_address>0xb630</load_address>
         <run_address>0xb630</run_address>
         <size>0x68</size>
         <input_file_ref idref="fl-11a"/>
      </object_component>
      <object_component id="oc-3e6">
         <name>.text:bme280_read_pressure_temperature_humidity</name>
         <load_address>0xb698</load_address>
         <run_address>0xb698</run_address>
         <size>0x64</size>
         <input_file_ref idref="fl-4"/>
      </object_component>
      <object_component id="oc-3c2">
         <name>.text:bme280_read_uncomp_pressure</name>
         <load_address>0xb6fc</load_address>
         <run_address>0xb6fc</run_address>
         <size>0x64</size>
         <input_file_ref idref="fl-4"/>
      </object_component>
      <object_component id="oc-3bc">
         <name>.text:bme280_read_uncomp_temperature</name>
         <load_address>0xb760</load_address>
         <run_address>0xb760</run_address>
         <size>0x64</size>
         <input_file_ref idref="fl-4"/>
      </object_component>
      <object_component id="oc-2a1">
         <name>.text:bmi160_init</name>
         <load_address>0xb7c4</load_address>
         <run_address>0xb7c4</run_address>
         <size>0x64</size>
         <input_file_ref idref="fl-6"/>
      </object_component>
      <object_component id="oc-6ba">
         <name>.text</name>
         <load_address>0xb828</load_address>
         <run_address>0xb828</run_address>
         <size>0x64</size>
         <input_file_ref idref="fl-10e"/>
      </object_component>
      <object_component id="oc-4f6">
         <name>.text</name>
         <load_address>0xb88c</load_address>
         <run_address>0xb88c</run_address>
         <size>0x64</size>
         <input_file_ref idref="fl-105"/>
      </object_component>
      <object_component id="oc-1fb">
         <name>.text:sensorOpt3001Read</name>
         <load_address>0xb8f0</load_address>
         <run_address>0xb8f0</run_address>
         <size>0x64</size>
         <input_file_ref idref="fl-b"/>
      </object_component>
      <object_component id="oc-1b9">
         <name>.text:invSqrt</name>
         <load_address>0xb954</load_address>
         <run_address>0xb954</run_address>
         <size>0x60</size>
         <input_file_ref idref="fl-a"/>
      </object_component>
      <object_component id="oc-7e1">
         <name>.text</name>
         <load_address>0xb9b4</load_address>
         <run_address>0xb9b4</run_address>
         <size>0x60</size>
         <input_file_ref idref="fl-111"/>
      </object_component>
      <object_component id="oc-398">
         <name>.text:bme280_init</name>
         <load_address>0xba14</load_address>
         <run_address>0xba14</run_address>
         <size>0x5c</size>
         <input_file_ref idref="fl-4"/>
      </object_component>
      <object_component id="oc-3c8">
         <name>.text:bme280_read_uncomp_humidity</name>
         <load_address>0xba70</load_address>
         <run_address>0xba70</run_address>
         <size>0x5c</size>
         <input_file_ref idref="fl-4"/>
      </object_component>
      <object_component id="oc-81f">
         <name>.text</name>
         <load_address>0xbacc</load_address>
         <run_address>0xbacc</run_address>
         <size>0x5c</size>
         <input_file_ref idref="fl-123"/>
      </object_component>
      <object_component id="oc-7ed">
         <name>.text</name>
         <load_address>0xbb28</load_address>
         <run_address>0xbb28</run_address>
         <size>0x58</size>
         <input_file_ref idref="fl-112"/>
      </object_component>
      <object_component id="oc-7f3">
         <name>.text</name>
         <load_address>0xbb80</load_address>
         <run_address>0xbb80</run_address>
         <size>0x58</size>
         <input_file_ref idref="fl-115"/>
      </object_component>
      <object_component id="oc-7a8">
         <name>.text:SysCtl_A_getTLVInfo</name>
         <load_address>0xbbd8</load_address>
         <run_address>0xbbd8</run_address>
         <size>0x54</size>
         <input_file_ref idref="fl-1c"/>
      </object_component>
      <object_component id="oc-3f0">
         <name>.text:bme280_get_power_mode</name>
         <load_address>0xbc2c</load_address>
         <run_address>0xbc2c</run_address>
         <size>0x54</size>
         <input_file_ref idref="fl-4"/>
      </object_component>
      <object_component id="oc-3b6">
         <name>.text:bme280_get_standby_durn</name>
         <load_address>0xbc80</load_address>
         <run_address>0xbc80</run_address>
         <size>0x54</size>
         <input_file_ref idref="fl-4"/>
      </object_component>
      <object_component id="oc-359">
         <name>.text:bmi160_get_foc_rdy</name>
         <load_address>0xbcd4</load_address>
         <run_address>0xbcd4</run_address>
         <size>0x54</size>
         <input_file_ref idref="fl-6"/>
      </object_component>
      <object_component id="oc-2b0">
         <name>.text:bmi160_get_if_mode</name>
         <load_address>0xbd28</load_address>
         <run_address>0xbd28</run_address>
         <size>0x54</size>
         <input_file_ref idref="fl-6"/>
      </object_component>
      <object_component id="oc-5a3">
         <name>.text:bmi160_get_mag_manual_enable</name>
         <load_address>0xbd7c</load_address>
         <run_address>0xbd7c</run_address>
         <size>0x54</size>
         <input_file_ref idref="fl-6"/>
      </object_component>
      <object_component id="oc-58b">
         <name>.text:bmi160_get_paging_enable</name>
         <load_address>0xbdd0</load_address>
         <run_address>0xbdd0</run_address>
         <size>0x54</size>
         <input_file_ref idref="fl-6"/>
      </object_component>
      <object_component id="oc-591">
         <name>.text:bmi160_get_pullup_configuration</name>
         <load_address>0xbe24</load_address>
         <run_address>0xbe24</run_address>
         <size>0x54</size>
         <input_file_ref idref="fl-6"/>
      </object_component>
      <object_component id="oc-57f">
         <name>.text:bmi160_get_target_page</name>
         <load_address>0xbe78</load_address>
         <run_address>0xbe78</run_address>
         <size>0x54</size>
         <input_file_ref idref="fl-6"/>
      </object_component>
      <object_component id="oc-26">
         <name>.text</name>
         <load_address>0xbecc</load_address>
         <run_address>0xbecc</run_address>
         <size>0x54</size>
         <input_file_ref idref="fl-d4"/>
      </object_component>
      <object_component id="oc-6e">
         <name>.text</name>
         <load_address>0xbf20</load_address>
         <run_address>0xbf20</run_address>
         <size>0x54</size>
         <input_file_ref idref="fl-dc"/>
      </object_component>
      <object_component id="oc-4f0">
         <name>.text</name>
         <load_address>0xbf74</load_address>
         <run_address>0xbf74</run_address>
         <size>0x54</size>
         <input_file_ref idref="fl-101"/>
      </object_component>
      <object_component id="oc-1a7">
         <name>.text:bmi160_bmm150_mag_compensate_xyz</name>
         <load_address>0xbfc8</load_address>
         <run_address>0xbfc8</run_address>
         <size>0x52</size>
         <input_file_ref idref="fl-6"/>
      </object_component>
      <object_component id="oc-9c">
         <name>.text:PORT1_IRQHandler</name>
         <load_address>0xc01c</load_address>
         <run_address>0xc01c</run_address>
         <size>0x50</size>
         <input_file_ref idref="fl-a"/>
      </object_component>
      <object_component id="oc-35f">
         <name>.text:bmi160_get_accel_offset_compensation_xaxis</name>
         <load_address>0xc06c</load_address>
         <run_address>0xc06c</run_address>
         <size>0x50</size>
         <input_file_ref idref="fl-6"/>
      </object_component>
      <object_component id="oc-365">
         <name>.text:bmi160_get_accel_offset_compensation_yaxis</name>
         <load_address>0xc0bc</load_address>
         <run_address>0xc0bc</run_address>
         <size>0x50</size>
         <input_file_ref idref="fl-6"/>
      </object_component>
      <object_component id="oc-36b">
         <name>.text:bmi160_get_accel_offset_compensation_zaxis</name>
         <load_address>0xc10c</load_address>
         <run_address>0xc10c</run_address>
         <size>0x50</size>
         <input_file_ref idref="fl-6"/>
      </object_component>
      <object_component id="oc-167">
         <name>.text:bmi160_get_gyro_range</name>
         <load_address>0xc15c</load_address>
         <run_address>0xc15c</run_address>
         <size>0x50</size>
         <input_file_ref idref="fl-6"/>
      </object_component>
      <object_component id="oc-573">
         <name>.text:bmi160_get_mag_power_mode_stat</name>
         <load_address>0xc1ac</load_address>
         <run_address>0xc1ac</run_address>
         <size>0x50</size>
         <input_file_ref idref="fl-6"/>
      </object_component>
      <object_component id="oc-1f5">
         <name>.text:sensorTmp007Convert</name>
         <load_address>0xc1fc</load_address>
         <run_address>0xc1fc</run_address>
         <size>0x50</size>
         <input_file_ref idref="fl-c"/>
      </object_component>
      <object_component id="oc-291">
         <name>.text:GPIO_setAsPeripheralModuleFunctionOutputPin</name>
         <load_address>0xc24c</load_address>
         <run_address>0xc24c</run_address>
         <size>0x4c</size>
         <input_file_ref idref="fl-19"/>
      </object_component>
      <object_component id="oc-7ae">
         <name>.text:_CSGetDOCFrequency</name>
         <load_address>0xc298</load_address>
         <run_address>0xc298</run_address>
         <size>0x4c</size>
         <input_file_ref idref="fl-18"/>
      </object_component>
      <object_component id="oc-402">
         <name>.text:bme280_read_register</name>
         <load_address>0xc2e4</load_address>
         <run_address>0xc2e4</run_address>
         <size>0x4c</size>
         <input_file_ref idref="fl-4"/>
      </object_component>
      <object_component id="oc-3fc">
         <name>.text:bme280_write_register</name>
         <load_address>0xc330</load_address>
         <run_address>0xc330</run_address>
         <size>0x4c</size>
         <input_file_ref idref="fl-4"/>
      </object_component>
      <object_component id="oc-508">
         <name>.text</name>
         <load_address>0xc37c</load_address>
         <run_address>0xc37c</run_address>
         <size>0x4c</size>
         <input_file_ref idref="fl-f6"/>
      </object_component>
      <object_component id="oc-cc">
         <name>.text</name>
         <load_address>0xc3c8</load_address>
         <run_address>0xc3c8</run_address>
         <size>0x4c</size>
         <input_file_ref idref="fl-f8"/>
      </object_component>
      <object_component id="oc-6f9">
         <name>.text:_CSGetDividerValue</name>
         <load_address>0xc414</load_address>
         <run_address>0xc414</run_address>
         <size>0x48</size>
         <input_file_ref idref="fl-18"/>
      </object_component>
      <object_component id="oc-72c">
         <name>.text:bmi160_read_reg</name>
         <load_address>0xc45c</load_address>
         <run_address>0xc45c</run_address>
         <size>0x48</size>
         <input_file_ref idref="fl-6"/>
      </object_component>
      <object_component id="oc-557">
         <name>.text:bmi160_write_reg</name>
         <load_address>0xc4a4</load_address>
         <run_address>0xc4a4</run_address>
         <size>0x48</size>
         <input_file_ref idref="fl-6"/>
      </object_component>
      <object_component id="oc-29b">
         <name>.text:i2c_routine</name>
         <load_address>0xc4ec</load_address>
         <run_address>0xc4ec</run_address>
         <size>0x48</size>
         <input_file_ref idref="fl-7"/>
      </object_component>
      <object_component id="oc-445">
         <name>.text</name>
         <load_address>0xc534</load_address>
         <run_address>0xc534</run_address>
         <size>0x48</size>
         <input_file_ref idref="fl-e1"/>
      </object_component>
      <object_component id="oc-a2">
         <name>.text:PORT5_IRQHandler</name>
         <load_address>0xc57c</load_address>
         <run_address>0xc57c</run_address>
         <size>0x44</size>
         <input_file_ref idref="fl-a"/>
      </object_component>
      <object_component id="oc-3f6">
         <name>.text:bme280_set_soft_rst</name>
         <load_address>0xc5c0</load_address>
         <run_address>0xc5c0</run_address>
         <size>0x44</size>
         <input_file_ref idref="fl-4"/>
      </object_component>
      <object_component id="oc-7e7">
         <name>.text</name>
         <load_address>0xc604</load_address>
         <run_address>0xc604</run_address>
         <size>0x44</size>
         <input_file_ref idref="fl-10f"/>
      </object_component>
      <object_component id="oc-7ff">
         <name>.text</name>
         <load_address>0xc648</load_address>
         <run_address>0xc648</run_address>
         <size>0x44</size>
         <input_file_ref idref="fl-114"/>
      </object_component>
      <object_component id="oc-647">
         <name>.text:I2C_masterSendMultiByteStart</name>
         <load_address>0xc68c</load_address>
         <run_address>0xc68c</run_address>
         <size>0x40</size>
         <input_file_ref idref="fl-1a"/>
      </object_component>
      <object_component id="oc-5f1">
         <name>.text:bmi160_fifo_data</name>
         <load_address>0xc6cc</load_address>
         <run_address>0xc6cc</run_address>
         <size>0x40</size>
         <input_file_ref idref="fl-6"/>
      </object_component>
      <object_component id="oc-2c8">
         <name>.text:bmi160_set_command_register</name>
         <load_address>0xc70c</load_address>
         <run_address>0xc70c</run_address>
         <size>0x40</size>
         <input_file_ref idref="fl-6"/>
      </object_component>
      <object_component id="oc-316">
         <name>.text:bmi160_set_fifo_wm</name>
         <load_address>0xc74c</load_address>
         <run_address>0xc74c</run_address>
         <size>0x40</size>
         <input_file_ref idref="fl-6"/>
      </object_component>
      <object_component id="oc-5cd">
         <name>.text:bmi160_set_mag_read_addr</name>
         <load_address>0xc78c</load_address>
         <run_address>0xc78c</run_address>
         <size>0x40</size>
         <input_file_ref idref="fl-6"/>
      </object_component>
      <object_component id="oc-5b5">
         <name>.text:bmi160_set_mag_write_addr</name>
         <load_address>0xc7cc</load_address>
         <run_address>0xc7cc</run_address>
         <size>0x40</size>
         <input_file_ref idref="fl-6"/>
      </object_component>
      <object_component id="oc-5af">
         <name>.text:bmi160_set_mag_write_data</name>
         <load_address>0xc80c</load_address>
         <run_address>0xc80c</run_address>
         <size>0x40</size>
         <input_file_ref idref="fl-6"/>
      </object_component>
      <object_component id="oc-155">
         <name>.text:bmi160_initialize_sensor</name>
         <load_address>0xc84c</load_address>
         <run_address>0xc84c</run_address>
         <size>0x3c</size>
         <input_file_ref idref="fl-7"/>
      </object_component>
      <object_component id="oc-392">
         <name>.text:I2C_routine</name>
         <load_address>0xc888</load_address>
         <run_address>0xc888</run_address>
         <size>0x38</size>
         <input_file_ref idref="fl-5"/>
      </object_component>
      <object_component id="oc-1bf">
         <name>.text</name>
         <load_address>0xc8c0</load_address>
         <run_address>0xc8c0</run_address>
         <size>0x38</size>
         <input_file_ref idref="fl-e4"/>
      </object_component>
      <object_component id="oc-224">
         <name>.text</name>
         <load_address>0xc8f8</load_address>
         <run_address>0xc8f8</run_address>
         <size>0x36</size>
         <input_file_ref idref="fl-f1"/>
      </object_component>
      <object_component id="oc-54a">
         <name>.text:bmi160_i2c_burst_read</name>
         <load_address>0xc92e</load_address>
         <run_address>0xc92e</run_address>
         <size>0x2e</size>
         <input_file_ref idref="fl-7"/>
      </object_component>
      <object_component id="oc-450">
         <name>.text</name>
         <load_address>0xc95c</load_address>
         <run_address>0xc95c</run_address>
         <size>0x2e</size>
         <input_file_ref idref="fl-e5"/>
      </object_component>
      <object_component id="oc-617">
         <name>.text:BME280_I2C_bus_read</name>
         <load_address>0xc98a</load_address>
         <run_address>0xc98a</run_address>
         <size>0x2c</size>
         <input_file_ref idref="fl-5"/>
      </object_component>
      <object_component id="oc-611">
         <name>.text:BME280_I2C_bus_write</name>
         <load_address>0xc9b6</load_address>
         <run_address>0xc9b6</run_address>
         <size>0x2c</size>
         <input_file_ref idref="fl-5"/>
      </object_component>
      <object_component id="oc-544">
         <name>.text:bmi160_i2c_bus_read</name>
         <load_address>0xc9e2</load_address>
         <run_address>0xc9e2</run_address>
         <size>0x2c</size>
         <input_file_ref idref="fl-7"/>
      </object_component>
      <object_component id="oc-53e">
         <name>.text:bmi160_i2c_bus_write</name>
         <load_address>0xca0e</load_address>
         <run_address>0xca0e</run_address>
         <size>0x2c</size>
         <input_file_ref idref="fl-7"/>
      </object_component>
      <object_component id="oc-825">
         <name>.text</name>
         <load_address>0xca3c</load_address>
         <run_address>0xca3c</run_address>
         <size>0x2c</size>
         <input_file_ref idref="fl-122"/>
      </object_component>
      <object_component id="oc-197">
         <name>.text:sensorOpt3001Enable</name>
         <load_address>0xca68</load_address>
         <run_address>0xca68</run_address>
         <size>0x2c</size>
         <input_file_ref idref="fl-b"/>
      </object_component>
      <object_component id="oc-761">
         <name>.text</name>
         <load_address>0xca94</load_address>
         <run_address>0xca94</run_address>
         <size>0x28</size>
         <input_file_ref idref="fl-116"/>
      </object_component>
      <object_component id="oc-4d5">
         <name>.text</name>
         <load_address>0xcabc</load_address>
         <run_address>0xcabc</run_address>
         <size>0x28</size>
         <input_file_ref idref="fl-10b"/>
      </object_component>
      <object_component id="oc-13d">
         <name>.text:startCrystalOscillator</name>
         <load_address>0xcae4</load_address>
         <run_address>0xcae4</run_address>
         <size>0x28</size>
         <input_file_ref idref="fl-a"/>
      </object_component>
      <object_component id="oc-719">
         <name>.text:DelayMs</name>
         <load_address>0xcb0c</load_address>
         <run_address>0xcb0c</run_address>
         <size>0x26</size>
         <input_file_ref idref="fl-8"/>
      </object_component>
      <object_component id="oc-705">
         <name>.text:CS_clearInterruptFlag</name>
         <load_address>0xcb34</load_address>
         <run_address>0xcb34</run_address>
         <size>0x24</size>
         <input_file_ref idref="fl-18"/>
      </object_component>
      <object_component id="oc-90">
         <name>.text:EUSCIA0_IRQHandler</name>
         <load_address>0xcb58</load_address>
         <run_address>0xcb58</run_address>
         <size>0x24</size>
         <input_file_ref idref="fl-d"/>
      </object_component>
      <object_component id="oc-4e3">
         <name>.text</name>
         <load_address>0xcb7c</load_address>
         <run_address>0xcb7c</run_address>
         <size>0x20</size>
         <input_file_ref idref="fl-103"/>
      </object_component>
      <object_component id="oc-49d">
         <name>.text</name>
         <load_address>0xcb9c</load_address>
         <run_address>0xcb9c</run_address>
         <size>0x20</size>
         <input_file_ref idref="fl-f2"/>
      </object_component>
      <object_component id="oc-14f">
         <name>.text:initI2C</name>
         <load_address>0xcbbc</load_address>
         <run_address>0xcbbc</run_address>
         <size>0x1c</size>
         <input_file_ref idref="fl-9"/>
      </object_component>
      <object_component id="oc-50e">
         <name>.text</name>
         <load_address>0xcbd8</load_address>
         <run_address>0xcbd8</run_address>
         <size>0x1c</size>
         <input_file_ref idref="fl-102"/>
      </object_component>
      <object_component id="oc-7b7">
         <name>.text:CS_getMCLK</name>
         <load_address>0xcbf4</load_address>
         <run_address>0xcbf4</run_address>
         <size>0x18</size>
         <input_file_ref idref="fl-18"/>
      </object_component>
      <object_component id="oc-28b">
         <name>.text:CS_getSMCLK</name>
         <load_address>0xcc0c</load_address>
         <run_address>0xcc0c</run_address>
         <size>0x18</size>
         <input_file_ref idref="fl-18"/>
      </object_component>
      <object_component id="oc-8a">
         <name>.text:TA0_0_IRQHandler</name>
         <load_address>0xcc24</load_address>
         <run_address>0xcc24</run_address>
         <size>0x18</size>
         <input_file_ref idref="fl-a"/>
      </object_component>
      <object_component id="oc-68">
         <name>.text</name>
         <load_address>0xcc3c</load_address>
         <run_address>0xcc3c</run_address>
         <size>0x18</size>
         <input_file_ref idref="fl-f5"/>
      </object_component>
      <object_component id="oc-84c">
         <name>.text</name>
         <load_address>0xcc54</load_address>
         <run_address>0xcc54</run_address>
         <size>0x18</size>
         <input_file_ref idref="fl-121"/>
      </object_component>
      <object_component id="oc-502">
         <name>.text</name>
         <load_address>0xcc6c</load_address>
         <run_address>0xcc6c</run_address>
         <size>0x16</size>
         <input_file_ref idref="fl-108"/>
      </object_component>
      <object_component id="oc-25c">
         <name>.text:CS_setExternalClockSourceFrequency</name>
         <load_address>0xcc84</load_address>
         <run_address>0xcc84</run_address>
         <size>0x14</size>
         <input_file_ref idref="fl-18"/>
      </object_component>
      <object_component id="oc-5c">
         <name>.text:_system_pre_init</name>
         <load_address>0xcc98</load_address>
         <run_address>0xcc98</run_address>
         <size>0x14</size>
         <input_file_ref idref="fl-a"/>
      </object_component>
      <object_component id="oc-217">
         <name>.text</name>
         <load_address>0xccac</load_address>
         <run_address>0xccac</run_address>
         <size>0x14</size>
         <input_file_ref idref="fl-f3"/>
[...]
         <value>0x63bd</value>
         <object_component_ref idref="oc-4a2"/>
      </symbol>
      <symbol id="sm-e0a">
         <name>exp2</name>
         <value>0x63bd</value>
         <object_component_ref idref="oc-4a2"/>
      </symbol>
      <symbol id="sm-e56">
         <name>sin</name>
         <value>0x412d</value>
         <object_component_ref idref="oc-1cf"/>
      </symbol>
      <symbol id="sm-e57">
         <name>sinl</name>
         <value>0x412d</value>
         <object_component_ref idref="oc-1cf"/>
      </symbol>
      <symbol id="sm-e5f">
         <name>main_func_sp</name>
         <value>0x2000169c</value>
         <object_component_ref idref="oc-74"/>
      </symbol>
      <symbol id="sm-e6f">
         <name>strncpy</name>
         <value>0xc8f9</value>
         <object_component_ref idref="oc-224"/>
      </symbol>
      <symbol id="sm-e79">
         <name>__aeabi_ui2d</name>
         <value>0xcb9d</value>
         <object_component_ref idref="oc-49d"/>
      </symbol>
      <symbol id="sm-e92">
         <name>_nop</name>
         <value>0xccbb</value>
         <object_component_ref idref="oc-217"/>
      </symbol>
      <symbol id="sm-e93">
         <name>_lock</name>
         <value>0x20001680</value>
         <object_component_ref idref="oc-e5"/>
      </symbol>
      <symbol id="sm-e94">
         <name>_unlock</name>
         <value>0x20001684</value>
         <object_component_ref idref="oc-e5"/>
      </symbol>
      <symbol id="sm-e95">
         <name>_register_lock</name>
         <value>0xccb3</value>
         <object_component_ref idref="oc-217"/>
      </symbol>
      <symbol id="sm-e96">
         <name>_register_unlock</name>
         <value>0xccad</value>
         <object_component_ref idref="oc-217"/>
      </symbol>
      <symbol id="sm-f9c">
         <name>__TI_printfi</name>
         <value>0x929</value>
         <object_component_ref idref="oc-27b"/>
      </symbol>
      <symbol id="sm-fb0">
         <name>_args_main</name>
         <value>0xcc3d</value>
         <object_component_ref idref="oc-68"/>
      </symbol>
      <symbol id="sm-fc6">
         <name>atoi</name>
         <value>0xc37d</value>
         <object_component_ref idref="oc-508"/>
      </symbol>
      <symbol id="sm-ff0">
         <name>__TI_auto_init</name>
         <value>0xb255</value>
         <object_component_ref idref="oc-62"/>
      </symbol>
      <symbol id="sm-100a">
         <name>copy_in</name>
         <value>0xc3c9</value>
         <object_component_ref idref="oc-cc"/>
      </symbol>
      <symbol id="sm-1015">
         <name>_ctypes_</name>
         <value>0xdef0</value>
         <object_component_ref idref="oc-6e9"/>
      </symbol>
      <symbol id="sm-102a">
         <name>__TI_tmpnams</name>
         <value>0x20000b64</value>
      </symbol>
      <symbol id="sm-102b">
         <name>__aeabi_stdout</name>
         <value>0x20001660</value>
         <object_component_ref idref="oc-6c8"/>
      </symbol>
      <symbol id="sm-102c">
         <name>__aeabi_stderr</name>
         <value>0x20001664</value>
         <object_component_ref idref="oc-6c8"/>
      </symbol>
      <symbol id="sm-102d">
         <name>__aeabi_stdin</name>
         <value>0x2000165c</value>
         <object_component_ref idref="oc-6c8"/>
      </symbol>
      <symbol id="sm-102e">
         <name>_ftable</name>
         <value>0x200013fc</value>
         <object_component_ref idref="oc-281"/>
      </symbol>
      <symbol id="sm-102f">
         <name>__TI_ft_end</name>
         <value>0x20001658</value>
         <object_component_ref idref="oc-6c8"/>
      </symbol>
      <symbol id="sm-1046">
         <name>putc</name>
         <value>0xa12d</value>
         <object_component_ref idref="oc-26f"/>
      </symbol>
      <symbol id="sm-1047">
         <name>fputc</name>
         <value>0xa12d</value>
         <object_component_ref idref="oc-26f"/>
      </symbol>
      <symbol id="sm-1048">
         <name>putchar</name>
         <value>0xa1b1</value>
         <object_component_ref idref="oc-26f"/>
      </symbol>
      <symbol id="sm-106a">
         <name>puts</name>
         <value>0x8339</value>
         <object_component_ref idref="oc-275"/>
      </symbol>
      <symbol id="sm-106b">
         <name>fputs</name>
         <value>0x822d</value>
         <object_component_ref idref="oc-275"/>
      </symbol>
      <symbol id="sm-1081">
         <name>__kernel_cos</name>
         <value>0x77a1</value>
         <object_component_ref idref="oc-44a"/>
      </symbol>
      <symbol id="sm-10ea">
         <name>__kernel_rem_pio2</name>
         <value>0x3419</value>
         <object_component_ref idref="oc-45a"/>
      </symbol>
      <symbol id="sm-1101">
         <name>__kernel_sin</name>
         <value>0x7351</value>
         <object_component_ref idref="oc-460"/>
      </symbol>
      <symbol id="sm-1111">
         <name>ltoa</name>
         <value>0xbf75</value>
         <object_component_ref idref="oc-4f0"/>
      </symbol>
      <symbol id="sm-1121">
         <name>memccpy</name>
         <value>0xcbd9</value>
         <object_component_ref idref="oc-50e"/>
      </symbol>
      <symbol id="sm-1131">
         <name>memchr</name>
         <value>0xcb7d</value>
         <object_component_ref idref="oc-4e3"/>
      </symbol>
      <symbol id="sm-114e">
         <name>floorl</name>
         <value>0x8bbd</value>
         <object_component_ref idref="oc-65c"/>
      </symbol>
      <symbol id="sm-114f">
         <name>floor</name>
         <value>0x8bbd</value>
         <object_component_ref idref="oc-65c"/>
      </symbol>
      <symbol id="sm-1165">
         <name>frexpl</name>
         <value>0xb88d</value>
         <object_component_ref idref="oc-4f6"/>
      </symbol>
      <symbol id="sm-1166">
         <name>frexp</name>
         <value>0xb88d</value>
         <object_component_ref idref="oc-4f6"/>
      </symbol>
      <symbol id="sm-1183">
         <name>scalbn</name>
         <value>0x87d9</value>
         <object_component_ref idref="oc-4fc"/>
      </symbol>
      <symbol id="sm-1184">
         <name>scalbnl</name>
         <value>0x87d9</value>
         <object_component_ref idref="oc-4fc"/>
      </symbol>
      <symbol id="sm-1185">
         <name>ldexpl</name>
         <value>0x87d9</value>
         <object_component_ref idref="oc-4fc"/>
      </symbol>
      <symbol id="sm-1186">
         <name>ldexp</name>
         <value>0x87d9</value>
         <object_component_ref idref="oc-4fc"/>
      </symbol>
      <symbol id="sm-1190">
         <name>_system_post_cinit</name>
         <value>0xb07b</value>
         <object_component_ref idref="oc-d2"/>
      </symbol>
      <symbol id="sm-11a0">
         <name>strchr</name>
         <value>0xcc6d</value>
         <object_component_ref idref="oc-502"/>
      </symbol>
      <symbol id="sm-11ae">
         <name>strlen</name>
         <value>0xcce9</value>
         <object_component_ref idref="oc-4dd"/>
      </symbol>
      <symbol id="sm-11ca">
         <name>__aeabi_uldivmod</name>
         <value>0x65b9</value>
         <object_component_ref idref="oc-4eb"/>
      </symbol>
      <symbol id="sm-11f0">
         <name>_stream</name>
         <value>0x200015f4</value>
         <object_component_ref idref="oc-6cd"/>
      </symbol>
      <symbol id="sm-11f1">
         <name>_device</name>
         <value>0x2000157c</value>
         <object_component_ref idref="oc-782"/>
      </symbol>
      <symbol id="sm-11f2">
         <name>write</name>
         <value>0xcabd</value>
         <object_component_ref idref="oc-4d5"/>
      </symbol>
      <symbol id="sm-1210">
         <name>__TI_wrt_ok</name>
         <value>0x9af5</value>
         <object_component_ref idref="oc-4c9"/>
      </symbol>
      <symbol id="sm-1211">
         <name>__TI_rd_ok</name>
         <value>0x9b57</value>
         <object_component_ref idref="oc-4c9"/>
      </symbol>
      <symbol id="sm-122b">
         <name>__TI_doflush</name>
         <value>0x92cd</value>
         <object_component_ref idref="oc-4cf"/>
      </symbol>
      <symbol id="sm-122c">
         <name>fflush</name>
         <value>0x9319</value>
         <object_component_ref idref="oc-4cf"/>
      </symbol>
      <symbol id="sm-123e">
         <name>fseek</name>
         <value>0xb829</value>
         <object_component_ref idref="oc-6ba"/>
      </symbol>
      <symbol id="sm-124f">
         <name>HOSTclose</name>
         <value>0xc605</value>
         <object_component_ref idref="oc-7e7"/>
      </symbol>
      <symbol id="sm-1260">
         <name>HOSTlseek</name>
         <value>0xb5c9</value>
         <object_component_ref idref="oc-7f9"/>
      </symbol>
      <symbol id="sm-1272">
         <name>parmbuf</name>
         <value>0x20000c78</value>
      </symbol>
      <symbol id="sm-1273">
         <name>HOSTopen</name>
         <value>0xb9b5</value>
         <object_component_ref idref="oc-7e1"/>
      </symbol>
      <symbol id="sm-1284">
         <name>HOSTread</name>
         <value>0xbb29</value>
         <object_component_ref idref="oc-7ed"/>
      </symbol>
      <symbol id="sm-1295">
         <name>HOSTrename</name>
         <value>0xb4f5</value>
         <object_component_ref idref="oc-805"/>
      </symbol>
      <symbol id="sm-12a6">
         <name>HOSTunlink</name>
         <value>0xc649</value>
         <object_component_ref idref="oc-7ff"/>
      </symbol>
      <symbol id="sm-12b7">
         <name>HOSTwrite</name>
         <value>0xbb81</value>
         <object_component_ref idref="oc-7f3"/>
      </symbol>
      <symbol id="sm-12c7">
         <name>lseek</name>
         <value>0xca95</value>
         <object_component_ref idref="oc-761"/>
      </symbol>
      <symbol id="sm-12d1">
         <name>copysign</name>
         <value>0xccc1</value>
         <object_component_ref idref="oc-6df"/>
      </symbol>
      <symbol id="sm-12d2">
         <name>copysignl</name>
         <value>0xccc1</value>
         <object_component_ref idref="oc-6df"/>
      </symbol>
      <symbol id="sm-12ee">
         <name>setvbuf</name>
         <value>0x8f79</value>
         <object_component_ref idref="oc-6c0"/>
      </symbol>
      <symbol id="sm-12fc">
         <name>strcpy</name>
         <value>0xccd5</value>
         <object_component_ref idref="oc-844"/>
      </symbol>
      <symbol id="sm-1317">
         <name>__TI_readmsg</name>
         <value>0xb663</value>
         <object_component_ref idref="oc-830"/>
      </symbol>
      <symbol id="sm-1318">
         <name>C$$IO$$</name>
         <value>0xb65f</value>
         <object_component_ref idref="oc-830"/>
      </symbol>
      <symbol id="sm-1319">
         <name>__CIOBUF_</name>
         <value>0x20000a44</value>
         <object_component_ref idref="oc-85c"/>
      </symbol>
      <symbol id="sm-131a">
         <name>__TI_writemsg</name>
         <value>0xb631</value>
         <object_component_ref idref="oc-830"/>
      </symbol>
      <symbol id="sm-1351">
         <name>__TI_cleanup</name>
         <value>0x6a61</value>
         <object_component_ref idref="oc-76f"/>
      </symbol>
      <symbol id="sm-1352">
         <name>freopen</name>
         <value>0x6a8d</value>
         <object_component_ref idref="oc-76f"/>
      </symbol>
      <symbol id="sm-1353">
         <name>fopen</name>
         <value>0x6ab7</value>
         <object_component_ref idref="oc-76f"/>
      </symbol>
      <symbol id="sm-13c2">
         <name>_sys_memory</name>
         <value>0x200016a8</value>
         <object_component_ref idref="oc-30"/>
      </symbol>
      <symbol id="sm-13c3">
         <name>free</name>
         <value>0x506b</value>
         <object_component_ref idref="oc-769"/>
      </symbol>
      <symbol id="sm-13c4">
         <name>realloc</name>
         <value>0x512d</value>
         <object_component_ref idref="oc-769"/>
      </symbol>
      <symbol id="sm-13c5">
         <name>memalign</name>
         <value>0x5235</value>
         <object_component_ref idref="oc-769"/>
      </symbol>
      <symbol id="sm-13c6">
         <name>calloc</name>
         <value>0x5321</value>
         <object_component_ref idref="oc-769"/>
      </symbol>
      <symbol id="sm-13c7">
         <name>malloc</name>
         <value>0x5001</value>
         <object_component_ref idref="oc-769"/>
      </symbol>
      <symbol id="sm-13c8">
         <name>minit</name>
         <value>0x4f81</value>
         <object_component_ref idref="oc-769"/>
      </symbol>
      <symbol id="sm-13e5">
         <name>open</name>
         <value>0x9815</value>
         <object_component_ref idref="oc-7d0"/>
      </symbol>
      <symbol id="sm-13fb">
         <name>__TI_closefile</name>
         <value>0xa095</value>
         <object_component_ref idref="oc-7d6"/>
      </symbol>
      <symbol id="sm-13fc">
         <name>fclose</name>
         <value>0xa0fb</value>
         <object_component_ref idref="oc-7d6"/>
      </symbol>
      <symbol id="sm-1416">
         <name>finddevice</name>
         <value>0xb2c5</value>
         <object_component_ref idref="oc-816"/>
      </symbol>
      <symbol id="sm-1417">
         <name>getdevice</name>
         <value>0xb2ef</value>
         <object_component_ref idref="oc-816"/>
      </symbol>
      <symbol id="sm-1427">
         <name>strcmp</name>
         <value>0xcc55</value>
         <object_component_ref idref="oc-84c"/>
      </symbol>
      <symbol id="sm-1437">
         <name>unlink</name>
         <value>0xca3d</value>
         <object_component_ref idref="oc-825"/>
      </symbol>
      <symbol id="sm-144b">
         <name>close</name>
         <value>0xbacd</value>
         <object_component_ref idref="oc-81f"/>
      </symbol>
      <symbol id="sm-144c">
         <name>__TI_static_base__</name>
         <value>0x0</value>
      </symbol>
      <symbol id="sm-144f">
         <name>SHT$$INIT_ARRAY$$Limit</name>
         <value>0x0</value>
      </symbol>
      <symbol id="sm-1450">
         <name>SHT$$INIT_ARRAY$$Base</name>
         <value>0x0</value>
      </symbol>
      <symbol id="sm-1451">
         <name>NMI_Handler</name>
         <value>0x1223</value>
      </symbol>
      <symbol id="sm-1452">
         <name>HardFault_Handler</name>
         <value>0x1223</value>
      </symbol>
      <symbol id="sm-1453">
         <name>MemManage_Handler</name>
         <value>0x1223</value>
      </symbol>
      <symbol id="sm-1454">
         <name>BusFault_Handler</name>
         <value>0x1223</value>
      </symbol>
      <symbol id="sm-1455">
         <name>UsageFault_Handler</name>
         <value>0x1223</value>
      </symbol>
      <symbol id="sm-1456">
         <name>SVC_Handler</name>
         <value>0x1223</value>
      </symbol>
      <symbol id="sm-1457">
         <name>DebugMon_Handler</name>
         <value>0x1223</value>
      </symbol>
      <symbol id="sm-1458">
         <name>PendSV_Handler</name>
         <value>0x1223</value>
      </symbol>
      <symbol id="sm-1459">
         <name>SysTick_Handler</name>
         <value>0x1223</value>
      </symbol>
      <symbol id="sm-145a">
         <name>PSS_IRQHandler</name>
         <value>0x1223</value>
      </symbol>
      <symbol id="sm-145b">
         <name>CS_IRQHandler</name>
         <value>0x1223</value>
      </symbol>
      <symbol id="sm-145c">
         <name>PCM_IRQHandler</name>
         <value>0x1223</value>
      </symbol>
      <symbol id="sm-145d">
         <name>WDT_A_IRQHandler</name>
         <value>0x6d13</value>
      </symbol>
      <symbol id="sm-145e">
         <name>FPU_IRQHandler</name>
         <value>0x1223</value>
      </symbol>
      <symbol id="sm-145f">
         <name>FLCTL_IRQHandler</name>
         <value>0x1223</value>
      </symbol>
      <symbol id="sm-1460">
         <name>COMP_E0_IRQHandler</name>
         <value>0x1223</value>
      </symbol>
      <symbol id="sm-1461">
         <name>COMP_E1_IRQHandler</name>
         <value>0x1223</value>
      </symbol>
      <symbol id="sm-1462">
         <name>TA0_0_IRQHandler</name>
         <value>0xcc25</value>
      </symbol>
      <symbol id="sm-1463">
         <name>TA0_N_IRQHandler</name>
         <value>0x1223</value>
      </symbol>
      <symbol id="sm-1464">
         <name>TA1_0_IRQHandler</name>
         <value>0x1223</value>
      </symbol>
      <symbol id="sm-1465">
         <name>TA1_N_IRQHandler</name>
         <value>0x1223</value>
      </symbol>
      <symbol id="sm-1466">
         <name>TA2_0_IRQHandler</name>
         <value>0x1223</value>
      </symbol>
      <symbol id="sm-1467">
         <name>TA2_N_IRQHandler</name>
         <value>0x1223</value>
      </symbol>
      <symbol id="sm-1468">
         <name>TA3_0_IRQHandler</name>
         <value>0x1223</value>
      </symbol>
      <symbol id="sm-1469">
         <name>TA3_N_IRQHandler</name>
         <value>0x1223</value>
      </symbol>
      <symbol id="sm-146a">
         <name>EUSCIA0_IRQHandler</name>
         <value>0xcb59</value>
      </symbol>
      <symbol id="sm-146b">
         <name>EUSCIA1_IRQHandler</name>
         <value>0x1223</value>
      </symbol>
      <symbol id="sm-146c">
         <name>EUSCIA2_IRQHandler</name>
         <value>0x1223</value>
      </symbol>
      <symbol id="sm-146d">
         <name>EUSCIA3_IRQHandler</name>
         <value>0x1223</value>
      </symbol>
      <symbol id="sm-146e">
         <name>EUSCIB0_IRQHandler</name>
         <value>0x1223</value>
      </symbol>
      <symbol id="sm-146f">
         <name>EUSCIB1_IRQHandler</name>
         <value>0x8da5</value>
      </symbol>
      <symbol id="sm-1470">
         <name>EUSCIB2_IRQHandler</name>
         <value>0x1223</value>
      </symbol>
      <symbol id="sm-1471">
         <name>EUSCIB3_IRQHandler</name>
         <value>0x1223</value>
      </symbol>
      <symbol id="sm-1472">
         <name>ADC14_IRQHandler</name>
         <value>0x1223</value>
      </symbol>
      <symbol id="sm-1473">
         <name>T32_INT1_IRQHandler</name>
         <value>0x1223</value>
      </symbol>
      <symbol id="sm-1474">
         <name>T32_INT2_IRQHandler</name>
         <value>0x1223</value>
      </symbol>
      <symbol id="sm-1475">
         <name>T32_INTC_IRQHandler</name>
         <value>0x1223</value>
      </symbol>
      <symbol id="sm-1476">
         <name>AES256_IRQHandler</name>
         <value>0x1223</value>
      </symbol>
      <symbol id="sm-1477">
         <name>RTC_C_IRQHandler</name>
         <value>0x1223</value>
      </symbol>
      <symbol id="sm-1478">
         <name>DMA_ERR_IRQHandler</name>
         <value>0x1223</value>
      </symbol>
      <symbol id="sm-1479">
         <name>DMA_INT3_IRQHandler</name>
         <value>0x1223</value>
      </symbol>
      <symbol id="sm-147a">
         <name>DMA_INT2_IRQHandler</name>
         <value>0x1223</value>
      </symbol>
      <symbol id="sm-147b">
         <name>DMA_INT1_IRQHandler</name>
         <value>0x1223</value>
      </symbol>
      <symbol id="sm-147c">
         <name>DMA_INT0_IRQHandler</name>
         <value>0x1223</value>
      </symbol>
      <symbol id="sm-147d">
         <name>PORT1_IRQHandler</name>
         <value>0xc01d</value>
      </symbol>
      <symbol id="sm-147e">
         <name>PORT2_IRQHandler</name>
         <value>0x1223</value>
      </symbol>
      <symbol id="sm-147f">
         <name>PORT3_IRQHandler</name>
         <value>0x1223</value>
      </symbol>
      <symbol id="sm-1480">
         <name>PORT4_IRQHandler</name>
         <value>0x1223</value>
      </symbol>
      <symbol id="sm-1481">
         <name>PORT5_IRQHandler</name>
         <value>0xc57d</value>
      </symbol>
      <symbol id="sm-1482">
         <name>PORT6_IRQHandler</name>
         <value>0x1223</value>
      </symbol>
      <symbol id="sm-1483">
         <name>remove</name>
         <value>0xca3d</value>
      </symbol>
   </symbol_table>
   <title>Link successful</title>
</link_info>
