******************************************************************************
                  TI ARM Linker PC v16.9.6                     
******************************************************************************
>> Linked Sat Nov 25 15:46:22 2017

OUTPUT FILE NAME:   <boostxl_sensors_sensor_msp432p401r_MSP_EXP432P401R_nortos_ccs.out>
ENTRY POINT SYMBOL: "_c_int00"  address: 0000b441


MEMORY CONFIGURATION

         name            origin    length      used     unused   attr    fill
----------------------  --------  ---------  --------  --------  ----  --------
  MAIN                  00000000   00040000  0000d69e  00032962  R  X
  INFO                  00200000   00004000  00000000  00004000  R  X
  SRAM_CODE             01000000   00010000  00002099  0000df67  RW X
  SRAM_DATA             20000000   00010000  00002099  0000df67  RW  


SEGMENT ALLOCATION MAP

run origin  load origin   length   init length attrs members
----------  ----------- ---------- ----------- ----- -------
00000000    00000000    0000d6a0   0000d6a0    r-x
  00000000    00000000    000000e4   000000e4    r-- .intvecs
  000000e4    000000e4    0000c1d2   0000c1d2    r-x .text
  0000c2b8    0000c2b8    00001328   00001328    r-- .const
  0000d5e0    0000d5e0    000000c0   000000c0    r-- .cinit
20000000    20000000    00001ea0   00000000    rw-
  20000000    20000000    00000cd0   00000000    rw- .bss
  20000cd0    20000cd0    000009c9   00000000    rw- .data
  200016a0    200016a0    00000800   00000000    rw- .sysmem
2000fe00    2000fe00    00000200   00000000    rw-
  2000fe00    2000fe00    00000200   00000000    rw- .stack


SECTION ALLOCATION MAP

 output                                  attributes/
section   page    origin      length       input sections
--------  ----  ----------  ----------   ----------------
.intvecs   0    00000000    000000e4     
                  00000000    000000e4     startup_msp432p401r_ccs.obj (.intvecs:retain)

.binit     0    00000000    00000000     

.text      0    000000e4    0000c1d2     
                  000000e4    0000113e     rtsv7M4_T_le_v4SPD16_eabi.lib : _printfi.obj (.text)
                  00001222    00000002     startup_msp432p401r_ccs.obj (.text:Default_Handler)
                  00001224    00000a58     bmi160_support.obj (.text:bmi160_config_running_mode)
                  00001c7c    000009d0     bmi160.obj (.text:bmi160_read_fifo_header_data)
                  0000264c    00000738     rtsv7M4_T_le_v4SPD16_eabi.lib : k_rem_pio2.obj (.text)
                  00002d84    0000072c     main.obj (.text:main)
                  000034b0    000005dc     rtsv7M4_T_le_v4SPD16_eabi.lib : s_cos.obj (.text)
                  00003a8c    000005c4                                   : s_sin.obj (.text)
                  00004050    000004ac     bmi160.obj (.text:bmi160_read_bmm150_mag_trim)
                  000044fc    000003e4     rtsv7M4_T_le_v4SPD16_eabi.lib : e_asin.obj (.text)
                  000048e0    000003d0                                   : memory.obj (.text)
                  00004cb0    00000358     bmi160.obj (.text:bmi160_set_bmm150_mag_presetmode)
                  00005008    000002ec     rtsv7M4_T_le_v4SPD16_eabi.lib : s_atan.obj (.text)
                  000052f4    000002d8     bmi160.obj (.text:bmi160_set_intr_enable_0)
                  000055cc    0000029c     bmi160.obj (.text:bmi160_bmm150_mag_interface_init)
                  00005868    00000250     bmi160.obj (.text:bmi160_accel_foc_trigger_xyz)
                  00005ab8    00000200     rtsv7M4_T_le_v4SPD16_eabi.lib : s_exp2.obj (.text)
                  00005cb8    000001f4                                   : ull_div_t2.obj (.text)
                  00005eac    000001ec                                   : e_atan2.obj (.text)
                  00006098    000001c4                                   : fopen.obj (.text)
                  0000625c    000001b6                                   : fd_add_t2.obj (.text)
                  00006412    00000002     main.obj (.text:WDT_A_IRQHandler)
                  00006414    000001a0     bme280.obj (.text:bme280_get_calib_param)
                  000065b4    00000198     bme280.obj (.text:bme280_set_oversamp_humidity)
                  0000674c    0000018c     bmi160.obj (.text:bmi160_set_foc_gyro_enable)
                  000068d8    00000178     bme280.obj (.text:bme280_set_power_mode)
                  00006a50    00000174     rtsv7M4_T_le_v4SPD16_eabi.lib : k_sin.obj (.text)
                  00006bc4    00000170                                   : e_sqrt.obj (.text)
                  00006d34    0000016c     bme280.obj (.text:bme280_set_oversamp_temperature)
                  00006ea0    0000016c     rtsv7M4_T_le_v4SPD16_eabi.lib : k_cos.obj (.text)
                  0000700c    00000164     bme280.obj (.text:bme280_set_standby_durn)
                  00007170    00000160     bmi160.obj (.text:bmi160_bmm150_mag_set_power_mode)
                  000072d0    00000158     bme280.obj (.text:bme280_set_oversamp_pressure)
                  00007428    00000158     bmi160.obj (.text:bmi160_set_intr_enable_2)
                  00007580    0000013c     i2c_driver.obj (.text:readBurstI2C)
                  000076bc    00000138     i2c_driver.obj (.text:readI2C)
                  000077f4    00000136     rtsv7M4_T_le_v4SPD16_eabi.lib : fd_div_t2.obj (.text)
                  0000792a    00000002                                   : mpu_init.obj (.text)
                  0000792c    00000134                                   : fputs.obj (.text)
                  00007a60    00000130     bme280.obj (.text:bme280_compensate_pressure_int32)
                  00007b90    00000124     bmi160.obj (.text:bmi160_set_bmm150_mag_and_secondary_if_power_mode)
                  00007cb4    000000fc     rtsv7M4_T_le_v4SPD16_eabi.lib : fd_mul_t2.obj (.text)
                  00007db0    000000fc                                   : s_scalbn.obj (.text)
                  00007eac    000000f8     bmi160.obj (.text:bmi160_set_intr_fifo_wm)
                  00007fa4    000000f8     bmi160.obj (.text:bmi160_set_intr_level)
                  0000809c    000000f8     bmi160.obj (.text:bmi160_set_output_enable)
                  00008194    000000f8     rtsv7M4_T_le_v4SPD16_eabi.lib : s_floor.obj (.text)
                  0000828c    000000f0     bme280_support.obj (.text:bme280_data_readout_template)
                  0000837c    000000ec     i2c_driver.obj (.text:EUSCIB1_IRQHandler)
                  00008468    000000e8     i2c_driver.obj (.text:writeI2C)
                  00008550    000000dc     rtsv7M4_T_le_v4SPD16_eabi.lib : setvbuf.obj (.text)
                  0000862c    000000d4     bmi160.obj (.text:bmi160_bmm150_mag_wakeup)
                  00008700    000000d4     tmp007.obj (.text:sensorTmp007Read)
                  000087d4    000000d0     bmi160.obj (.text:bmi160_set_gyro_output_data_rate)
                  000088a4    000000c8     rtsv7M4_T_le_v4SPD16_eabi.lib : fflush.obj (.text)
                  0000896c    000000c4     bmi160.obj (.text:bmi160_bmm150_mag_compensate_X)
                  00008a30    000000c4     bmi160.obj (.text:bmi160_bmm150_mag_compensate_Y)
                  00008af4    000000c0     bmi160.obj (.text:bmi160_read_mag_xyzr)
                  00008bb4    000000bc     bme280.obj (.text:bme280_compensate_humidity_int32)
                  00008c70    000000bc     bmi160.obj (.text:bmi160_get_gyro_offset_compensation_yaxis)
                  00008d2c    000000bc     bmi160.obj (.text:bmi160_get_gyro_offset_compensation_zaxis)
                  00008de8    000000bc     rtsv7M4_T_le_v4SPD16_eabi.lib : open.obj (.text)
                  00008ea4    000000b8     msp432p4xx_driverlib.lib : cs_MSP432P4XX.obj (.text:CS_getDCOFrequency)
                  00008f5c    000000b8     bmi160.obj (.text:bmi160_get_gyro_offset_compensation_xaxis)
                  00009014    000000b4     main.obj (.text:setSystemClock)
                  000090c8    000000ac     rtsv7M4_T_le_v4SPD16_eabi.lib : _io_perm.obj (.text)
                  00009174    000000ac     uart_driver.obj (.text:uartReceive)
                  00009220    000000a8     bmi160.obj (.text:bmi160_set_mag_output_data_rate)
                  000092c8    0000009c     msp432p4xx_driverlib.lib : cs_MSP432P4XX.obj (.text:CS_startHFXTWithTimeout)
                  00009364    0000009c                              : cs_MSP432P4XX.obj (.text:CS_startLFXTWithTimeout)
                  00009400    0000009c                              : cs_MSP432P4XX.obj (.text:_CSComputeCLKFrequency)
                  0000949c    0000009c     rtsv7M4_T_le_v4SPD16_eabi.lib : memcpy_t2.obj (.text)
                  00009538    00000098     bme280.obj (.text:bme280_read_uncomp_pressure_temperature_humidity)
                  000095d0    00000098     bmi160.obj (.text:bmi160_set_accel_output_data_rate)
                  00009668    00000098     rtsv7M4_T_le_v4SPD16_eabi.lib : fclose.obj (.text)
                  00009700    00000098                                   : fputc.obj (.text)
                  00009798    00000094     bmi160.obj (.text:bmi160_bmm150_mag_compensate_Z)
                  0000982c    00000094     rtsv7M4_T_le_v4SPD16_eabi.lib : snprintf.obj (.text)
                  000098c0    00000090     bmi160.obj (.text:bmi160_set_accel_bw)
                  00009950    00000090     bmi160.obj (.text:bmi160_set_fifo_accel_enable)
                  000099e0    00000090     bmi160.obj (.text:bmi160_set_fifo_gyro_enable)
                  00009a70    00000090     bmi160.obj (.text:bmi160_set_fifo_header_enable)
                  00009b00    00000090     bmi160.obj (.text:bmi160_set_fifo_mag_enable)
                  00009b90    00000090     bmi160.obj (.text:bmi160_set_fifo_stop_on_full)
                  00009c20    00000090     bmi160.obj (.text:bmi160_set_fifo_time_enable)
                  00009cb0    00000090     bmi160.obj (.text:bmi160_set_gyro_bw)
                  00009d40    00000090     bmi160.obj (.text:bmi160_set_gyro_sleep_state)
                  00009dd0    00000090     bmi160.obj (.text:bmi160_set_gyro_sleep_trigger)
                  00009e60    00000090     bmi160.obj (.text:bmi160_set_gyro_wakeup_intr)
                  00009ef0    00000090     bmi160.obj (.text:bmi160_set_gyro_wakeup_trigger)
                  00009f80    00000090     bmi160.obj (.text:bmi160_set_if_mode)
                  0000a010    00000090     bmi160.obj (.text:bmi160_set_mag_manual_enable)
                  0000a0a0    00000090     bmi160.obj (.text:bmi160_set_paging_enable)
                  0000a130    00000090     bmi160.obj (.text:bmi160_set_pullup_configuration)
                  0000a1c0    00000090     bmi160.obj (.text:bmi160_set_target_page)
                  0000a250    00000086     rtsv7M4_T_le_v4SPD16_eabi.lib : fd_cmp_t2.obj (.text:__aeabi_cdcmple)
                  0000a2d6    00000086                                   : fd_cmp_t2.obj (.text:__aeabi_cdrcmple)
                  0000a35c    00000080     bmi160_support.obj (.text:bmi160_interrupt_configuration)
                  0000a3dc    00000080     bmi160.obj (.text:bmi160_set_accel_offset_enable)
                  0000a45c    00000080     bmi160.obj (.text:bmi160_set_gyro_offset_enable)
                  0000a4dc    00000080     bmi160.obj (.text:bmi160_set_i2c_device_addr)
                  0000a55c    0000007c     bme280.obj (.text:bme280_compensate_temperature_int32)
                  0000a5d8    0000007a     rtsv7M4_T_le_v4SPD16_eabi.lib : memset_t2.obj (.text)
                  0000a652    00000002                                   : startup.obj (.text)
                  0000a654    00000078     system_msp432p401r.obj (.text:SystemInit)
                  0000a6cc    00000078     bmi160.obj (.text:bmi160_read_accel_xyz)
                  0000a744    00000078     bmi160.obj (.text:bmi160_read_gyro_xyz)
                  0000a7bc    00000070     msp432p4xx_driverlib.lib : cs_MSP432P4XX.obj (.text:_CSGetHFXTFrequency)
                  0000a82c    00000070     rtsv7M4_T_le_v4SPD16_eabi.lib : autoinit.obj (.text)
                  0000a89c    00000070                                   : getdevice.obj (.text)
                  0000a90c    00000070                                   : printf.obj (.text)
                  0000a97c    00000070     opt3001.obj (.text:sensorOpt3001Convert)
                  0000a9ec    00000070     tmp007.obj (.text:sensorTmp007Enable)
                  0000aa5c    0000006e     rtsv7M4_T_le_v4SPD16_eabi.lib : fd_tos_t2.obj (.text)
                  0000aaca    00000068                                   : copy_decompress_lzss.obj (.text:decompress:lzss)
                  0000ab32    00000002     --HOLE-- [fill = 0]
                  0000ab34    00000068                                   : hostlseek.obj (.text)
                  0000ab9c    00000068                                   : hostrename.obj (.text)
                  0000ac04    00000068                                   : trgmsg.obj (.text)
                  0000ac6c    00000064     bme280.obj (.text:bme280_read_pressure_temperature_humidity)
                  0000acd0    00000064     bme280.obj (.text:bme280_read_uncomp_pressure)
                  0000ad34    00000064     bme280.obj (.text:bme280_read_uncomp_temperature)
                  0000ad98    00000064     bmi160.obj (.text:bmi160_init)
                  0000adfc    00000064     rtsv7M4_T_le_v4SPD16_eabi.lib : fseek.obj (.text)
                  0000ae60    00000064                                   : s_frexp.obj (.text)
                  0000aec4    00000064     opt3001.obj (.text:sensorOpt3001Read)
                  0000af28    00000060     rtsv7M4_T_le_v4SPD16_eabi.lib : hostopen.obj (.text)
                  0000af88    0000005c     bme280.obj (.text:bme280_init)
                  0000afe4    0000005c     bme280.obj (.text:bme280_read_uncomp_humidity)
                  0000b040    0000005c     rtsv7M4_T_le_v4SPD16_eabi.lib : close.obj (.text)
                  0000b09c    00000058                                   : hostread.obj (.text)
                  0000b0f4    00000058                                   : hostwrite.obj (.text)
                  0000b14c    00000054     msp432p4xx_driverlib.lib : sysctl_a_MSP432P4XX.obj (.text:SysCtl_A_getTLVInfo)
                  0000b1a0    00000054     bme280.obj (.text:bme280_get_power_mode)
                  0000b1f4    00000054     bme280.obj (.text:bme280_get_standby_durn)
                  0000b248    00000054     bmi160.obj (.text:bmi160_get_foc_rdy)
                  0000b29c    00000054     bmi160.obj (.text:bmi160_get_if_mode)
                  0000b2f0    00000054     bmi160.obj (.text:bmi160_get_mag_manual_enable)
                  0000b344    00000054     bmi160.obj (.text:bmi160_get_paging_enable)
                  0000b398    00000054     bmi160.obj (.text:bmi160_get_pullup_configuration)
                  0000b3ec    00000054     bmi160.obj (.text:bmi160_get_target_page)
                  0000b440    00000054     rtsv7M4_T_le_v4SPD16_eabi.lib : boot.obj (.text)
                  0000b494    00000054                                   : exit.obj (.text)
                  0000b4e8    00000054                                   : ltoa.obj (.text)
                  0000b53c    00000052     bmi160.obj (.text:bmi160_bmm150_mag_compensate_xyz)
                  0000b58e    00000002     --HOLE-- [fill = 0]
                  0000b590    00000050     main.obj (.text:PORT1_IRQHandler)
                  0000b5e0    00000050     bmi160.obj (.text:bmi160_get_accel_offset_compensation_xaxis)
                  0000b630    00000050     bmi160.obj (.text:bmi160_get_accel_offset_compensation_yaxis)
                  0000b680    00000050     bmi160.obj (.text:bmi160_get_accel_offset_compensation_zaxis)
                  0000b6d0    00000050     bmi160.obj (.text:bmi160_get_mag_power_mode_stat)
                  0000b720    00000050     tmp007.obj (.text:sensorTmp007Convert)
                  0000b770    0000004c     msp432p4xx_driverlib.lib : gpio_MSP432P4XX.obj (.text:GPIO_setAsPeripheralModuleFunctionOutputPin)
                  0000b7bc    0000004c                              : cs_MSP432P4XX.obj (.text:_CSGetDOCFrequency)
                  0000b808    0000004c     bme280.obj (.text:bme280_read_register)
                  0000b854    0000004c     bme280.obj (.text:bme280_write_register)
                  0000b8a0    0000004c     rtsv7M4_T_le_v4SPD16_eabi.lib : atoi.obj (.text)
                  0000b8ec    0000004c                                   : cpy_tbl.obj (.text)
                  0000b938    00000048     msp432p4xx_driverlib.lib : cs_MSP432P4XX.obj (.text:_CSGetDividerValue)
                  0000b980    00000048     bmi160.obj (.text:bmi160_read_reg)
                  0000b9c8    00000048     bmi160.obj (.text:bmi160_write_reg)
                  0000ba10    00000048     bmi160_support.obj (.text:i2c_routine)
                  0000ba58    00000048     rtsv7M4_T_le_v4SPD16_eabi.lib : fd_toi_t2.obj (.text)
                  0000baa0    00000044     main.obj (.text:PORT5_IRQHandler)
                  0000bae4    00000044     bme280.obj (.text:bme280_set_soft_rst)
                  0000bb28    00000044     rtsv7M4_T_le_v4SPD16_eabi.lib : hostclose.obj (.text)
                  0000bb6c    00000044                                   : hostunlink.obj (.text)
                  0000bbb0    00000040     msp432p4xx_driverlib.lib : i2c_MSP432P4XX.obj (.text:I2C_masterSendMultiByteStart)
                  0000bbf0    00000040     bmi160.obj (.text:bmi160_fifo_data)
                  0000bc30    00000040     bmi160.obj (.text:bmi160_set_command_register)
                  0000bc70    00000040     bmi160.obj (.text:bmi160_set_fifo_wm)
                  0000bcb0    00000040     bmi160.obj (.text:bmi160_set_mag_read_addr)
                  0000bcf0    00000040     bmi160.obj (.text:bmi160_set_mag_write_addr)
                  0000bd30    00000040     bmi160.obj (.text:bmi160_set_mag_write_data)
                  0000bd70    0000003c     bmi160_support.obj (.text:bmi160_initialize_sensor)
                  0000bdac    00000038     bme280_support.obj (.text:I2C_routine)
                  0000bde4    00000038     rtsv7M4_T_le_v4SPD16_eabi.lib : fs_tod_t2.obj (.text)
                  0000be1c    00000036                                   : strncpy.obj (.text)
                  0000be52    0000002e     bmi160_support.obj (.text:bmi160_i2c_burst_read)
                  0000be80    0000002e     rtsv7M4_T_le_v4SPD16_eabi.lib : i_tofd_t2.obj (.text)
                  0000beae    0000002c     bme280_support.obj (.text:BME280_I2C_bus_read)
                  0000beda    0000002c     bme280_support.obj (.text:BME280_I2C_bus_write)
                  0000bf06    0000002c     bmi160_support.obj (.text:bmi160_i2c_bus_read)
                  0000bf32    0000002c     bmi160_support.obj (.text:bmi160_i2c_bus_write)
                  0000bf5e    00000002     --HOLE-- [fill = 0]
                  0000bf60    0000002c     rtsv7M4_T_le_v4SPD16_eabi.lib : unlink.obj (.text)
                  0000bf8c    0000002c     opt3001.obj (.text:sensorOpt3001Enable)
                  0000bfb8    00000028     rtsv7M4_T_le_v4SPD16_eabi.lib : lseek.obj (.text)
                  0000bfe0    00000028                                   : write.obj (.text)
                  0000c008    00000028     main.obj (.text:startCrystalOscillator)
                  0000c030    00000026     demo_sysctl.obj (.text:DelayMs)
                  0000c056    00000002     --HOLE-- [fill = 0]
                  0000c058    00000024     msp432p4xx_driverlib.lib : cs_MSP432P4XX.obj (.text:CS_clearInterruptFlag)
                  0000c07c    00000024     uart_driver.obj (.text:EUSCIA0_IRQHandler)
                  0000c0a0    00000020     rtsv7M4_T_le_v4SPD16_eabi.lib : memchr.obj (.text)
                  0000c0c0    00000020                                   : u_tofd_t2.obj (.text)
                  0000c0e0    0000001c     i2c_driver.obj (.text:initI2C)
                  0000c0fc    0000001c     rtsv7M4_T_le_v4SPD16_eabi.lib : memccpy.obj (.text)
                  0000c118    00000018     msp432p4xx_driverlib.lib : cs_MSP432P4XX.obj (.text:CS_getMCLK)
                  0000c130    00000018                              : cs_MSP432P4XX.obj (.text:CS_getSMCLK)
                  0000c148    00000018     main.obj (.text:TA0_0_IRQHandler)
                  0000c160    00000018     rtsv7M4_T_le_v4SPD16_eabi.lib : args_main.obj (.text)
                  0000c178    00000018                                   : strcmp.obj (.text)
                  0000c190    00000016                                   : strchr.obj (.text)
                  0000c1a6    00000002     --HOLE-- [fill = 0]
                  0000c1a8    00000014     msp432p4xx_driverlib.lib : cs_MSP432P4XX.obj (.text:CS_setExternalClockSourceFrequency)
                  0000c1bc    00000014     main.obj (.text:_system_pre_init)
                  0000c1d0    00000014     rtsv7M4_T_le_v4SPD16_eabi.lib : _lock.obj (.text)
                  0000c1e4    00000014                                   : s_copysign.obj (.text)
                  0000c1f8    00000014                                   : strcpy.obj (.text)
                  0000c20c    00000014                                   : strlen.obj (.text)
                  0000c220    00000010     msp432p4xx_driverlib.lib : sysctl_a_MSP432P4XX.obj (.text:SysCtl_A_disableNMISource)
                  0000c230    00000010                              : sysctl_a_MSP432P4XX.obj (.text:SysCtl_A_enableNMISource)
                  0000c240    00000010                              : sysctl_a_MSP432P4XX.obj (.text:SysCtl_A_getNMISourceStatus)
                  0000c250    0000000e     rtsv7M4_T_le_v4SPD16_eabi.lib : copy_decompress_none.obj (.text:decompress:none)
                  0000c25e    0000000c     bme280_support.obj (.text:BME280_delay_msek)
                  0000c26a    0000000c     startup_msp432p401r_ccs.obj (.text:Reset_Handler)
                  0000c276    0000000c     bmi160_support.obj (.text:bmi160_delay_ms)
                  0000c282    0000000c     rtsv7M4_T_le_v4SPD16_eabi.lib : copy_zero_init.obj (.text:decompress:ZI)
                  0000c28e    0000000c     opt3001.obj (.text:sensorOpt3001Init)
                  0000c29a    0000000a     tmp007.obj (.text:sensorTmp007Init)
                  0000c2a4    00000006     msp432p4xx_driverlib.lib : cs_MSP432P4XX.obj (.text:CS_startHFXT)
                  0000c2aa    00000006                              : cs_MSP432P4XX.obj (.text:CS_startLFXT)
                  0000c2b0    00000006     demo_sysctl.obj (.text:SysCtlDelay)

.const     0    0000c2b8    00001328     
                  0000c2b8    00001000     rtsv7M4_T_le_v4SPD16_eabi.lib : s_exp2.obj (.const:tbl)
                  0000d2b8    00000158                                   : k_rem_pio2.obj (.const:$O1$$)
                  0000d410    00000101                                   : ctype.obj (.const:.string:_ctypes_)
                  0000d511    00000007     --HOLE-- [fill = 0]
                  0000d518    00000098                                   : s_atan.obj (.const:$O1$$)
                  0000d5b0    00000030     msp432p4xx_driverlib.lib : gpio_MSP432P4XX.obj (.const:GPIO_PORT_TO_BASE)

.cinit     0    0000d5e0    000000c0     
                  0000d5e0    00000095     (.cinit..data.load) [load image, compression = lzss]
                  0000d675    00000003     --HOLE-- [fill = 0]
                  0000d678    0000000c     (__TI_handler_table)
                  0000d684    00000004     --HOLE-- [fill = 0]
                  0000d688    00000008     (.cinit..bss.load) [load image, compression = zero_init]
                  0000d690    00000010     (__TI_cinit_table)

.init_array 
*          0    00000000    00000000     UNINITIALIZED

.bss       0    20000000    00000cd0     UNINITIALIZED
                  20000000    0000036c     (.common:accel_fifo)
                  2000036c    0000036c     (.common:gyro_fifo)
                  200006d8    0000036c     (.common:mag_fifo)
                  20000a44    00000120     rtsv7M4_T_le_v4SPD16_eabi.lib : trgmsg.obj (.bss:_CIOBUF_)
                  20000b64    000000a0     (.common:__TI_tmpnams)
                  20000c04    0000003c     (.common:bme280)
                  20000c40    00000014     (.common:s_bmi160)
                  20000c54    00000010     bmi160.obj (.bss:mag_trim)
                  20000c64    0000000c     (.common:s_magcompXYZ)
                  20000c70    00000008     msp432p4xx_driverlib.lib : cs_MSP432P4XX.obj (.bss)
                  20000c78    00000008     (.common:parmbuf)
                  20000c80    00000006     (.common:accelxyz)
                  20000c86    00000006     (.common:gyroxyz)
                  20000c8c    00000006     (.common:s_accelXYZ)
                  20000c92    00000006     (.common:s_gyroXYZ)
                  20000c98    00000004     bme280.obj (.bss)
                  20000c9c    00000004     bmi160.obj (.bss)
                  20000ca0    00000004     tmp007.obj (.bss:buf)
                  20000ca4    00000004     (.common:convertedLux)
                  20000ca8    00000004     (.common:g_ui32ByteCount)
                  20000cac    00000004     (.common:pData)
                  20000cb0    00000004     (.common:returnRslt)
                  20000cb4    00000004     (.common:tObjAmb)
                  20000cb8    00000004     (.common:tObjTemp)
                  20000cbc    00000002     tmp007.obj (.bss)
                  20000cbe    00000002     (.common:gyro_off_x)
                  20000cc0    00000002     (.common:gyro_off_y)
                  20000cc2    00000002     (.common:gyro_off_z)
                  20000cc4    00000002     (.common:rawData)
                  20000cc6    00000002     (.common:rawObjTemp)
                  20000cc8    00000002     (.common:rawTemp)
                  20000cca    00000001     (.common:accel_off_x)
                  20000ccb    00000001     (.common:accel_off_y)
                  20000ccc    00000001     (.common:accel_off_z)
                  20000ccd    00000001     (.common:returnValue)
                  20000cce    00000001     (.common:ui8DummyRead)
                  20000ccf    00000001     (.common:ui8Status)

.data      0    20000cd0    000009c9     UNINITIALIZED
                  20000cd0    00000400     bmi160.obj (.data:v_fifo_data_u8)
                  200010d0    0000021f     uart_driver.obj (.data:test)
                  200012ef    0000010f     uart_driver.obj (.data:pieceOfString$2)
                  200013fe    00000002     uart_driver.obj (.data)
                  20001400    000000f0     rtsv7M4_T_le_v4SPD16_eabi.lib : defs.obj (.data:_ftable)
                  200014f0    00000084     main.obj (.data)
                  20001574    00000078     rtsv7M4_T_le_v4SPD16_eabi.lib : write.obj (.data:_device)
                  200015ec    00000050                                   : write.obj (.data:_stream)
                  2000163c    00000014     i2c_driver.obj (.data:i2cConfig)
                  20001650    00000010     rtsv7M4_T_le_v4SPD16_eabi.lib : defs.obj (.data)
                  20001660    0000000c                                   : exit.obj (.data:$O1$$)
                  2000166c    0000000c                                   : memory.obj (.data:$O1$$)
                  20001678    00000008                                   : _lock.obj (.data:$O1$$)
                  20001680    00000008     bmi160.obj (.data)
                  20001688    00000004     rtsv7M4_T_le_v4SPD16_eabi.lib : errno.obj (.data)
                  2000168c    00000004                                   : fopen.obj (.data)
                  20001690    00000004                                   : open.obj (.data)
                  20001694    00000004                                   : stkdepth_vars.obj (.data)
                  20001698    00000001     i2c_driver.obj (.data)

.sysmem    0    200016a0    00000800     UNINITIALIZED
                  200016a0    00000008     rtsv7M4_T_le_v4SPD16_eabi.lib : memory.obj (.sysmem)
                  200016a8    000007f8     --HOLE--

.stack     0    2000fe00    00000200     UNINITIALIZED
                  2000fe00    00000200     --HOLE--

MODULE SUMMARY

       Module                        code    ro data   rw data
       ------                        ----    -------   -------
    .\
       system_msp432p401r.obj        120     0         0      
    +--+-----------------------------+-------+---------+---------+
       Total:                        120     0         0      
                                                              
    .\ccs\
       startup_msp432p401r_ccs.obj   14      228       0      
    +--+-----------------------------+-------+---------+---------+
       Total:                        14      228       0      
                                                              
    .\src\
       bmi160.obj                    15318   0         7360   
       bme280.obj                    3904    0         8      
       bmi160_support.obj            3054    0         64     
       main.obj                      2250    0         376    
       uart_driver.obj               208     0         1632   
       i2c_driver.obj                1124    0         62     
       bme280_support.obj            396     0         120    
       tmp007.obj                    414     0         12     
       opt3001.obj                   268     0         0      
       demo_sysctl.obj               44      0         0      
    +--+-----------------------------+-------+---------+---------+
       Total:                        26980   0         9634   
                                                              
    C:/ti/simplelink_msp432p4_sdk_1_50_00_12/source/ti/devices/msp432p4xx/driverlib/ccs/msp432p4xx_driverlib.lib
       cs_MSP432P4XX.obj             1028    0         16     
       sysctl_a_MSP432P4XX.obj       132     0         0      
       gpio_MSP432P4XX.obj           76      48        0      
       i2c_MSP432P4XX.obj            64      0         0      
    +--+-----------------------------+-------+---------+---------+
       Total:                        1300    48        16     
                                                              
    C:\ti\ccsv7\tools\compiler\ti-cgt-arm_16.9.6.LTS\lib\rtsv7M4_T_le_v4SPD16_eabi.lib
       s_exp2.obj                    512     4096      0      
       _printfi.obj                  4414    0         0      
       k_rem_pio2.obj                1848    344       0      
       s_cos.obj                     1500    0         0      
       s_sin.obj                     1476    0         0      
       memory.obj                    976     0         24     
       e_asin.obj                    996     0         0      
       s_atan.obj                    748     152       0      
       defs.obj                      0       0         832    
       trgmsg.obj                    104     0         576    
       ull_div_t2.obj                500     0         0      
       e_atan2.obj                   492     0         0      
       fopen.obj                     452     0         8      
       write.obj                     40      0         400    
       fd_add_t2.obj                 438     0         0      
       k_sin.obj                     372     0         0      
       e_sqrt.obj                    368     0         0      
       k_cos.obj                     364     0         0      
       fd_div_t2.obj                 310     0         0      
       fputs.obj                     308     0         0      
       fd_cmp_t2.obj                 268     0         0      
       ctype.obj                     0       257       0      
       fd_mul_t2.obj                 252     0         0      
       s_scalbn.obj                  252     0         0      
       s_floor.obj                   248     0         0      
       setvbuf.obj                   220     0         0      
       fflush.obj                    200     0         0      
       open.obj                      188     0         8      
       _io_perm.obj                  172     0         0      
       memcpy_t2.obj                 156     0         0      
       fclose.obj                    152     0         0      
       fputc.obj                     152     0         0      
       snprintf.obj                  148     0         0      
       memset_t2.obj                 122     0         0      
       autoinit.obj                  112     0         0      
       getdevice.obj                 112     0         0      
       hostopen.obj                  96      0         16     
       printf.obj                    112     0         0      
       fd_tos_t2.obj                 110     0         0      
       exit.obj                      84      0         24     
       copy_decompress_lzss.obj      104     0         0      
       hostlseek.obj                 104     0         0      
       hostrename.obj                104     0         0      
       fseek.obj                     100     0         0      
       s_frexp.obj                   100     0         0      
       close.obj                     92      0         0      
       hostread.obj                  88      0         0      
       hostwrite.obj                 88      0         0      
       boot.obj                      84      0         0      
       ltoa.obj                      84      0         0      
       atoi.obj                      76      0         0      
       cpy_tbl.obj                   76      0         0      
       fd_toi_t2.obj                 72      0         0      
       hostclose.obj                 68      0         0      
       hostunlink.obj                68      0         0      
       fs_tod_t2.obj                 56      0         0      
       strncpy.obj                   54      0         0      
       i_tofd_t2.obj                 46      0         0      
       unlink.obj                    44      0         0      
       lseek.obj                     40      0         0      
       _lock.obj                     20      0         16     
       memchr.obj                    32      0         0      
       u_tofd_t2.obj                 32      0         0      
       memccpy.obj                   28      0         0      
       args_main.obj                 24      0         0      
       strcmp.obj                    24      0         0      
       strchr.obj                    22      0         0      
       s_copysign.obj                20      0         0      
       strcpy.obj                    20      0         0      
       strlen.obj                    20      0         0      
       copy_decompress_none.obj      14      0         0      
       copy_zero_init.obj            12      0         0      
       errno.obj                     0       0         8      
       stkdepth_vars.obj             0       0         8      
       mpu_init.obj                  2       0         0      
       startup.obj                   2       0         0      
    +--+-----------------------------+-------+---------+---------+
       Total:                        21194   4849      1920   
                                                              
       Heap:                         0       0         4096   
       Stack:                        0       0         1024   
       Linker Generated:             0       185       0      
    +--+-----------------------------+-------+---------+---------+
       Grand Total:                  49608   5310      16690  


LINKER GENERATED COPY TABLES

__TI_cinit_table @ 0000d690 records: 2, size/record: 8, table size: 16
	.data: load addr=0000d5e0, load size=00000095 bytes, run addr=20000cd0, run size=000009c9 bytes, compression=lzss
	.bss: load addr=0000d688, load size=00000008 bytes, run addr=20000000, run size=00000cd0 bytes, compression=zero_init


LINKER GENERATED HANDLER TABLE

__TI_handler_table @ 0000d678 records: 3, size/record: 4, table size: 12
	index: 0, handler: __TI_decompress_lzss
	index: 1, handler: __TI_decompress_none
	index: 2, handler: __TI_zero_init


GLOBAL SYMBOLS: SORTED ALPHABETICALLY BY Name 

address   name                                             
-------   ----                                             
00001223  ADC14_IRQHandler                                 
00001223  AES256_IRQHandler                                
0000beaf  BME280_I2C_bus_read                              
0000bedb  BME280_I2C_bus_write                             
0000c25f  BME280_delay_msek                                
20001570  BME_on                                           
20001571  BMI_on                                           
00001223  BusFault_Handler                                 
0000b495  C$$EXIT                                          
0000ac33  C$$IO$$                                          
00001223  COMP_E0_IRQHandler                               
00001223  COMP_E1_IRQHandler                               
00001223  CS_IRQHandler                                    
0000c059  CS_clearInterruptFlag                            
00008ea5  CS_getDCOFrequency                               
0000c119  CS_getMCLK                                       
0000c131  CS_getSMCLK                                      
0000c1a9  CS_setExternalClockSourceFrequency               
0000c2a5  CS_startHFXT                                     
000092c9  CS_startHFXTWithTimeout                          
0000c2ab  CS_startLFXT                                     
00009365  CS_startLFXTWithTimeout                          
00001223  DMA_ERR_IRQHandler                               
00001223  DMA_INT0_IRQHandler                              
00001223  DMA_INT1_IRQHandler                              
00001223  DMA_INT2_IRQHandler                              
00001223  DMA_INT3_IRQHandler                              
00001223  DebugMon_Handler                                 
00001223  Default_Handler                                  
0000c031  DelayMs                                          
0000c07d  EUSCIA0_IRQHandler                               
0000c07d  EUSCIA0_IRQHandler                               
00001223  EUSCIA1_IRQHandler                               
00001223  EUSCIA2_IRQHandler                               
00001223  EUSCIA3_IRQHandler                               
00001223  EUSCIB0_IRQHandler                               
0000837d  EUSCIB1_IRQHandler                               
0000837d  EUSCIB1_IRQHandler                               
00001223  EUSCIB2_IRQHandler                               
00001223  EUSCIB3_IRQHandler                               
00001223  FLCTL_IRQHandler                                 
00001223  FPU_IRQHandler                                   
0000b771  GPIO_setAsPeripheralModuleFunctionOutputPin      
0000bb29  HOSTclose                                        
0000ab35  HOSTlseek                                        
0000af29  HOSTopen                                         
0000b09d  HOSTread                                         
0000ab9d  HOSTrename                                       
0000bb6d  HOSTunlink                                       
0000b0f5  HOSTwrite                                        
00001223  HardFault_Handler                                
0000bbb1  I2C_masterSendMultiByteStart                     
0000bdad  I2C_routine                                      
00001223  MemManage_Handler                                
00001223  NMI_Handler                                      
20001573  OPT_on                                           
00001223  PCM_IRQHandler                                   
0000b591  PORT1_IRQHandler                                 
0000b591  PORT1_IRQHandler                                 
00001223  PORT2_IRQHandler                                 
00001223  PORT3_IRQHandler                                 
00001223  PORT4_IRQHandler                                 
0000baa1  PORT5_IRQHandler                                 
0000baa1  PORT5_IRQHandler                                 
00001223  PORT6_IRQHandler                                 
00001223  PSS_IRQHandler                                   
00001223  PendSV_Handler                                   
00001223  RTC_C_IRQHandler                                 
0000c26b  Reset_Handler                                    
UNDEFED   SHT$$INIT_ARRAY$$Base                            
UNDEFED   SHT$$INIT_ARRAY$$Limit                           
00001223  SVC_Handler                                      
0000c2b1  SysCtlDelay                                      
0000c221  SysCtl_A_disableNMISource                        
0000c231  SysCtl_A_enableNMISource                         
0000c241  SysCtl_A_getNMISourceStatus                      
0000b14d  SysCtl_A_getTLVInfo                              
00001223  SysTick_Handler                                  
0000a655  SystemInit                                       
00001223  T32_INT1_IRQHandler                              
00001223  T32_INT2_IRQHandler                              
00001223  T32_INTC_IRQHandler                              
0000c149  TA0_0_IRQHandler                                 
0000c149  TA0_0_IRQHandler                                 
00001223  TA0_N_IRQHandler                                 
00001223  TA1_0_IRQHandler                                 
00001223  TA1_N_IRQHandler                                 
00001223  TA2_0_IRQHandler                                 
00001223  TA2_N_IRQHandler                                 
00001223  TA3_0_IRQHandler                                 
00001223  TA3_N_IRQHandler                                 
20001572  TMP_on                                           
00001223  UsageFault_Handler                               
20001680  V_bmm150_maual_auto_condition_u8                 
20001684  V_fifo_time_U32                                  
4000480c  WDTCTL_SYM                                       
00006413  WDT_A_IRQHandler                                 
00006413  WDT_A_IRQHandler                                 
20001504  WDTcount                                         
20000a44  __CIOBUF_                                        
20010000  __STACK_END                                      
00000200  __STACK_SIZE                                     
00000800  __SYSMEM_SIZE                                    
0000d690  __TI_CINIT_Base                                  
0000d6a0  __TI_CINIT_Limit                                 
0000d678  __TI_Handler_Table_Base                          
0000d684  __TI_Handler_Table_Limit                         
0000a82d  __TI_auto_init                                   
00006161  __TI_cleanup                                     
20001660  __TI_cleanup_ptr                                 
00009669  __TI_closefile                                   
0000aacb  __TI_decompress_lzss                             
0000c251  __TI_decompress_none                             
000088a5  __TI_doflush                                     
20001664  __TI_dtors_ptr                                   
20001668  __TI_enable_exit_profile_output                  
20001650  __TI_ft_end                                      
ffffffff  __TI_pprof_out_hndl                              
00000929  __TI_printfi                                     
ffffffff  __TI_prof_data_size                              
ffffffff  __TI_prof_data_start                             
0000912b  __TI_rd_ok                                       
0000ac37  __TI_readmsg                                     
00000000  __TI_static_base__                               
20000b64  __TI_tmpnams                                     
0000ac05  __TI_writemsg                                    
000090c9  __TI_wrt_ok                                      
0000c283  __TI_zero_init                                   
0000a251  __aeabi_cdcmpeq                                  
0000a251  __aeabi_cdcmple                                  
0000a2d7  __aeabi_cdrcmple                                 
0000aa5d  __aeabi_d2f                                      
0000ba59  __aeabi_d2iz                                     
00006267  __aeabi_dadd                                     
000077f5  __aeabi_ddiv                                     
00007cb5  __aeabi_dmul                                     
0000625d  __aeabi_dsub                                     
0000bde5  __aeabi_f2d                                      
0000be81  __aeabi_i2d                                      
0000a5d9  __aeabi_memclr                                   
0000a5d9  __aeabi_memclr4                                  
0000a5d9  __aeabi_memclr8                                  
0000949d  __aeabi_memcpy                                   
0000949d  __aeabi_memcpy4                                  
0000949d  __aeabi_memcpy8                                  
0000a5db  __aeabi_memset                                   
0000a5db  __aeabi_memset4                                  
0000a5db  __aeabi_memset8                                  
2000165c  __aeabi_stderr                                   
20001654  __aeabi_stdin                                    
20001658  __aeabi_stdout                                   
0000c0c1  __aeabi_ui2d                                     
00005cb9  __aeabi_uldivmod                                 
ffffffff  __binit__                                        
ffffffff  __c_args__                                       
00006ea1  __kernel_cos                                     
0000264d  __kernel_rem_pio2                                
00006a51  __kernel_sin                                     
0000792b  __mpu_init                                       
2000fe00  __stack                                          
0000c161  _args_main                                       
0000b441  _c_int00                                         
0000d410  _ctypes_                                         
20001574  _device                                          
20001400  _ftable                                          
20001678  _lock                                            
0000c1df  _nop                                             
0000c1d7  _register_lock                                   
0000c1d1  _register_unlock                                 
200015ec  _stream                                          
200016a0  _sys_memory                                      
0000a653  _system_post_cinit                               
0000c1bd  _system_pre_init                                 
2000167c  _unlock                                          
0000b499  abort                                            
20001564  accelAvgX                                        
20001568  accelAvgY                                        
2000156c  accelAvgZ                                        
20000000  accel_fifo                                       
20000cca  accel_off_x                                      
20000ccb  accel_off_y                                      
20000ccc  accel_off_z                                      
20000c80  accelxyz                                         
000044fd  asin                                             
000044fd  asinl                                            
00005009  atan                                             
00005ead  atan2                                            
00005ead  atan2l                                           
00005009  atanl                                            
0000b8a1  atoi                                             
ffffffff  binit                                            
20000c04  bme280                                           
00008bb5  bme280_compensate_humidity_int32                 
00007a61  bme280_compensate_pressure_int32                 
0000a55d  bme280_compensate_temperature_int32              
0000828d  bme280_data_readout_template                     
00006415  bme280_get_calib_param                           
0000b1a1  bme280_get_power_mode                            
0000b1f5  bme280_get_standby_durn                          
0000af89  bme280_init                                      
0000ac6d  bme280_read_pressure_temperature_humidity        
0000b809  bme280_read_register                             
0000afe5  bme280_read_uncomp_humidity                      
0000acd1  bme280_read_uncomp_pressure                      
00009539  bme280_read_uncomp_pressure_temperature_humidity 
0000ad35  bme280_read_uncomp_temperature                   
000065b5  bme280_set_oversamp_humidity                     
000072d1  bme280_set_oversamp_pressure                     
00006d35  bme280_set_oversamp_temperature                  
000068d9  bme280_set_power_mode                            
0000bae5  bme280_set_soft_rst                              
0000700d  bme280_set_standby_durn                          
0000b855  bme280_write_register                            
00005869  bmi160_accel_foc_trigger_xyz                     
0000896d  bmi160_bmm150_mag_compensate_X                   
00008a31  bmi160_bmm150_mag_compensate_Y                   
00009799  bmi160_bmm150_mag_compensate_Z                   
0000b53d  bmi160_bmm150_mag_compensate_xyz                 
000055cd  bmi160_bmm150_mag_interface_init                 
00007171  bmi160_bmm150_mag_set_power_mode                 
0000862d  bmi160_bmm150_mag_wakeup                         
00001225  bmi160_config_running_mode                       
0000c277  bmi160_delay_ms                                  
0000bbf1  bmi160_fifo_data                                 
0000b5e1  bmi160_get_accel_offset_compensation_xaxis       
0000b631  bmi160_get_accel_offset_compensation_yaxis       
0000b681  bmi160_get_accel_offset_compensation_zaxis       
0000b249  bmi160_get_foc_rdy                               
00008f5d  bmi160_get_gyro_offset_compensation_xaxis        
00008c71  bmi160_get_gyro_offset_compensation_yaxis        
00008d2d  bmi160_get_gyro_offset_compensation_zaxis        
0000b29d  bmi160_get_if_mode                               
0000b2f1  bmi160_get_mag_manual_enable                     
0000b6d1  bmi160_get_mag_power_mode_stat                   
0000b345  bmi160_get_paging_enable                         
0000b399  bmi160_get_pullup_configuration                  
0000b3ed  bmi160_get_target_page                           
0000be53  bmi160_i2c_burst_read                            
0000bf07  bmi160_i2c_bus_read                              
0000bf33  bmi160_i2c_bus_write                             
0000ad99  bmi160_init                                      
0000bd71  bmi160_initialize_sensor                         
0000a35d  bmi160_interrupt_configuration                   
0000a6cd  bmi160_read_accel_xyz                            
00004051  bmi160_read_bmm150_mag_trim                      
00001c7d  bmi160_read_fifo_header_data                     
0000a745  bmi160_read_gyro_xyz                             
00008af5  bmi160_read_mag_xyzr                             
0000b981  bmi160_read_reg                                  
000098c1  bmi160_set_accel_bw                              
0000a3dd  bmi160_set_accel_offset_enable                   
000095d1  bmi160_set_accel_output_data_rate                
00007b91  bmi160_set_bmm150_mag_and_secondary_if_power_mode
00004cb1  bmi160_set_bmm150_mag_presetmode                 
0000bc31  bmi160_set_command_register                      
00009951  bmi160_set_fifo_accel_enable                     
000099e1  bmi160_set_fifo_gyro_enable                      
00009a71  bmi160_set_fifo_header_enable                    
00009b01  bmi160_set_fifo_mag_enable                       
00009b91  bmi160_set_fifo_stop_on_full                     
00009c21  bmi160_set_fifo_time_enable                      
0000bc71  bmi160_set_fifo_wm                               
0000674d  bmi160_set_foc_gyro_enable                       
00009cb1  bmi160_set_gyro_bw                               
0000a45d  bmi160_set_gyro_offset_enable                    
000087d5  bmi160_set_gyro_output_data_rate                 
00009d41  bmi160_set_gyro_sleep_state                      
00009dd1  bmi160_set_gyro_sleep_trigger                    
00009e61  bmi160_set_gyro_wakeup_intr                      
00009ef1  bmi160_set_gyro_wakeup_trigger                   
0000a4dd  bmi160_set_i2c_device_addr                       
00009f81  bmi160_set_if_mode                               
000052f5  bmi160_set_intr_enable_0                         
00007429  bmi160_set_intr_enable_2                         
00007ead  bmi160_set_intr_fifo_wm                          
00007fa5  bmi160_set_intr_level                            
0000a011  bmi160_set_mag_manual_enable                     
00009221  bmi160_set_mag_output_data_rate                  
0000bcb1  bmi160_set_mag_read_addr                         
0000bcf1  bmi160_set_mag_write_addr                        
0000bd31  bmi160_set_mag_write_data                        
0000809d  bmi160_set_output_enable                         
0000a0a1  bmi160_set_paging_enable                         
0000a131  bmi160_set_pullup_configuration                  
0000a1c1  bmi160_set_target_page                           
0000b9c9  bmi160_write_reg                                 
20001698  burstMode                                        
00004c81  calloc                                           
0000b041  close                                            
20000ca4  convertedLux                                     
0000b8ed  copy_in                                          
0000c1e5  copysign                                         
0000c1e5  copysignl                                        
000034b1  cos                                              
20001520  cos_x                                            
20001528  cos_y                                            
000034b1  cosl                                             
20001540  delta_t                                          
20001544  dt_sens                                          
20001688  errno                                            
0000b4a1  exit                                             
00005ab9  exp2                                             
00005ab9  exp2l                                            
000096cf  fclose                                           
000088f1  fflush                                           
0000a89d  finddevice                                       
00008195  floor                                            
00008195  floorl                                           
000061b7  fopen                                            
00009701  fputc                                            
0000792d  fputs                                            
000049cb  free                                             
0000618d  freopen                                          
0000ae61  frexp                                            
0000ae61  frexpl                                           
0000adfd  fseek                                            
200014f8  g_s32ActualTemp                                  
20001500  g_u32ActualHumity                                
200014fc  g_u32ActualPress                                 
20000ca8  g_ui32ByteCount                                  
0000a8c7  getdevice                                        
20001558  gyroAvgX                                         
2000155c  gyroAvgY                                         
20001560  gyroAvgZ                                         
2000036c  gyro_fifo                                        
20000cbe  gyro_off_x                                       
20000cc0  gyro_off_y                                       
20000cc2  gyro_off_z                                       
2000153c  gyro_sens                                        
20000c86  gyroxyz                                          
2000163c  i2cConfig                                        
0000ba11  i2c_routine                                      
0000c0e1  initI2C                                          
00000000  interruptVectors                                 
00007db1  ldexp                                            
00007db1  ldexpl                                           
0000bfb9  lseek                                            
0000b4e9  ltoa                                             
200006d8  mag_fifo                                         
00002d85  main                                             
20001694  main_func_sp                                     
00004961  malloc                                           
00004b95  memalign                                         
0000c0fd  memccpy                                          
0000c0a1  memchr                                           
0000949d  memcpy                                           
0000a5e1  memset                                           
000048e1  minit                                            
00008de9  open                                             
20000cac  pData                                            
20000c78  parmbuf                                          
20001548  prevAccelX                                       
2000154a  prevAccelY                                       
2000154c  prevAccelZ                                       
2000154e  prevGyroX                                        
20001550  prevGyroY                                        
20001552  prevGyroZ                                        
0000a915  printf                                           
00009701  putc                                             
00009785  putchar                                          
00007a39  puts                                             
20000cc4  rawData                                          
20000cc6  rawObjTemp                                       
20000cc8  rawTemp                                          
00007581  readBurstI2C                                     
000076bd  readI2C                                          
00004a8b  realloc                                          
0000bf61  remove                                           
20000cb0  returnRslt                                       
20000ccd  returnValue                                      
20000c8c  s_accelXYZ                                       
20000c40  s_bmi160                                         
20000c92  s_gyroXYZ                                        
20000c64  s_magcompXYZ                                     
200014f2  sampleTimePeriodBME                              
200014f0  sampleTimePeriodBMI                              
200014f1  sampleTimePeriodBMM                              
200014f4  sampleTimePeriodOPT                              
200014f3  sampleTimePeriodTMP                              
00007db1  scalbn                                           
00007db1  scalbnl                                          
20001506  secondcount                                      
0000a97d  sensorOpt3001Convert                             
0000bf8d  sensorOpt3001Enable                              
0000c28f  sensorOpt3001Init                                
0000aec5  sensorOpt3001Read                                
0000b721  sensorTmp007Convert                              
0000a9ed  sensorTmp007Enable                               
0000c29b  sensorTmp007Init                                 
00008701  sensorTmp007Read                                 
00009015  setSystemClock                                   
00008551  setvbuf                                          
00003a8d  sin                                              
20001524  sin_x                                            
2000152c  sin_y                                            
00003a8d  sinl                                             
0000982d  snprintf                                         
00006bc5  sqrt                                             
00006bc5  sqrtl                                            
0000c009  startCrystalOscillator                           
20001554  stillCount                                       
0000c191  strchr                                           
0000c179  strcmp                                           
0000c1f9  strcpy                                           
0000c20d  strlen                                           
0000be1d  strncpy                                          
20000cb4  tObjAmb                                          
20000cb8  tObjTemp                                         
200010d0  test                                             
20001534  theta_x_a                                        
20001514  theta_x_g                                        
20001510  theta_x_k_g                                      
20001530  theta_y_a                                        
2000150c  theta_y_g                                        
20001508  theta_y_k_g                                      
20001538  theta_z_a                                        
2000151c  theta_z_g                                        
20001518  theta_z_k_g                                      
00009175  uartReceive                                      
20000cce  ui8DummyRead                                     
20000ccf  ui8Status                                        
0000bf61  unlink                                           
20000cd0  v_fifo_data_u8                                   
200014f5  wdtWakeUpPeriodIndex                             
0000bfe1  write                                            
00008469  writeI2C                                         


GLOBAL SYMBOLS: SORTED BY Symbol Address 

address   name                                             
-------   ----                                             
00000000  __TI_static_base__                               
00000000  interruptVectors                                 
00000200  __STACK_SIZE                                     
00000800  __SYSMEM_SIZE                                    
00000929  __TI_printfi                                     
00001223  ADC14_IRQHandler                                 
00001223  AES256_IRQHandler                                
00001223  BusFault_Handler                                 
00001223  COMP_E0_IRQHandler                               
00001223  COMP_E1_IRQHandler                               
00001223  CS_IRQHandler                                    
00001223  DMA_ERR_IRQHandler                               
00001223  DMA_INT0_IRQHandler                              
00001223  DMA_INT1_IRQHandler                              
00001223  DMA_INT2_IRQHandler                              
00001223  DMA_INT3_IRQHandler                              
00001223  DebugMon_Handler                                 
00001223  Default_Handler                                  
00001223  EUSCIA1_IRQHandler                               
00001223  EUSCIA2_IRQHandler                               
00001223  EUSCIA3_IRQHandler                               
00001223  EUSCIB0_IRQHandler                               
00001223  EUSCIB2_IRQHandler                               
00001223  EUSCIB3_IRQHandler                               
00001223  FLCTL_IRQHandler                                 
00001223  FPU_IRQHandler                                   
00001223  HardFault_Handler                                
00001223  MemManage_Handler                                
00001223  NMI_Handler                                      
00001223  PCM_IRQHandler                                   
00001223  PORT2_IRQHandler                                 
00001223  PORT3_IRQHandler                                 
00001223  PORT4_IRQHandler                                 
00001223  PORT6_IRQHandler                                 
00001223  PSS_IRQHandler                                   
00001223  PendSV_Handler                                   
00001223  RTC_C_IRQHandler                                 
00001223  SVC_Handler                                      
00001223  SysTick_Handler                                  
00001223  T32_INT1_IRQHandler                              
00001223  T32_INT2_IRQHandler                              
00001223  T32_INTC_IRQHandler                              
00001223  TA0_N_IRQHandler                                 
00001223  TA1_0_IRQHandler                                 
00001223  TA1_N_IRQHandler                                 
00001223  TA2_0_IRQHandler                                 
00001223  TA2_N_IRQHandler                                 
00001223  TA3_0_IRQHandler                                 
00001223  TA3_N_IRQHandler                                 
00001223  UsageFault_Handler                               
00001225  bmi160_config_running_mode                       
00001c7d  bmi160_read_fifo_header_data                     
0000264d  __kernel_rem_pio2                                
00002d85  main                                             
000034b1  cos                                              
000034b1  cosl                                             
00003a8d  sin                                              
00003a8d  sinl                                             
00004051  bmi160_read_bmm150_mag_trim                      
000044fd  asin                                             
000044fd  asinl                                            
000048e1  minit                                            
00004961  malloc                                           
000049cb  free                                             
00004a8b  realloc                                          
00004b95  memalign                                         
00004c81  calloc                                           
00004cb1  bmi160_set_bmm150_mag_presetmode                 
00005009  atan                                             
00005009  atanl                                            
000052f5  bmi160_set_intr_enable_0                         
000055cd  bmi160_bmm150_mag_interface_init                 
00005869  bmi160_accel_foc_trigger_xyz                     
00005ab9  exp2                                             
00005ab9  exp2l                                            
00005cb9  __aeabi_uldivmod                                 
00005ead  atan2                                            
00005ead  atan2l                                           
00006161  __TI_cleanup                                     
0000618d  freopen                                          
000061b7  fopen                                            
0000625d  __aeabi_dsub                                     
00006267  __aeabi_dadd                                     
00006413  WDT_A_IRQHandler                                 
00006413  WDT_A_IRQHandler                                 
00006415  bme280_get_calib_param                           
000065b5  bme280_set_oversamp_humidity                     
0000674d  bmi160_set_foc_gyro_enable                       
000068d9  bme280_set_power_mode                            
00006a51  __kernel_sin                                     
00006bc5  sqrt                                             
00006bc5  sqrtl                                            
00006d35  bme280_set_oversamp_temperature                  
00006ea1  __kernel_cos                                     
0000700d  bme280_set_standby_durn                          
00007171  bmi160_bmm150_mag_set_power_mode                 
000072d1  bme280_set_oversamp_pressure                     
00007429  bmi160_set_intr_enable_2                         
00007581  readBurstI2C                                     
000076bd  readI2C                                          
000077f5  __aeabi_ddiv                                     
0000792b  __mpu_init                                       
0000792d  fputs                                            
00007a39  puts                                             
00007a61  bme280_compensate_pressure_int32                 
00007b91  bmi160_set_bmm150_mag_and_secondary_if_power_mode
00007cb5  __aeabi_dmul                                     
00007db1  ldexp                                            
00007db1  ldexpl                                           
00007db1  scalbn                                           
00007db1  scalbnl                                          
00007ead  bmi160_set_intr_fifo_wm                          
00007fa5  bmi160_set_intr_level                            
0000809d  bmi160_set_output_enable                         
00008195  floor                                            
00008195  floorl                                           
0000828d  bme280_data_readout_template                     
0000837d  EUSCIB1_IRQHandler                               
0000837d  EUSCIB1_IRQHandler                               
00008469  writeI2C                                         
00008551  setvbuf                                          
0000862d  bmi160_bmm150_mag_wakeup                         
00008701  sensorTmp007Read                                 
000087d5  bmi160_set_gyro_output_data_rate                 
000088a5  __TI_doflush                                     
000088f1  fflush                                           
0000896d  bmi160_bmm150_mag_compensate_X                   
00008a31  bmi160_bmm150_mag_compensate_Y                   
00008af5  bmi160_read_mag_xyzr                             
00008bb5  bme280_compensate_humidity_int32                 
00008c71  bmi160_get_gyro_offset_compensation_yaxis        
00008d2d  bmi160_get_gyro_offset_compensation_zaxis        
00008de9  open                                             
00008ea5  CS_getDCOFrequency                               
00008f5d  bmi160_get_gyro_offset_compensation_xaxis        
00009015  setSystemClock                                   
000090c9  __TI_wrt_ok                                      
0000912b  __TI_rd_ok                                       
00009175  uartReceive                                      
00009221  bmi160_set_mag_output_data_rate                  
000092c9  CS_startHFXTWithTimeout                          
00009365  CS_startLFXTWithTimeout                          
0000949d  __aeabi_memcpy                                   
0000949d  __aeabi_memcpy4                                  
0000949d  __aeabi_memcpy8                                  
0000949d  memcpy                                           
00009539  bme280_read_uncomp_pressure_temperature_humidity 
000095d1  bmi160_set_accel_output_data_rate                
00009669  __TI_closefile                                   
000096cf  fclose                                           
00009701  fputc                                            
00009701  putc                                             
00009785  putchar                                          
00009799  bmi160_bmm150_mag_compensate_Z                   
0000982d  snprintf                                         
000098c1  bmi160_set_accel_bw                              
00009951  bmi160_set_fifo_accel_enable                     
000099e1  bmi160_set_fifo_gyro_enable                      
00009a71  bmi160_set_fifo_header_enable                    
00009b01  bmi160_set_fifo_mag_enable                       
00009b91  bmi160_set_fifo_stop_on_full                     
00009c21  bmi160_set_fifo_time_enable                      
00009cb1  bmi160_set_gyro_bw                               
00009d41  bmi160_set_gyro_sleep_state                      
00009dd1  bmi160_set_gyro_sleep_trigger                    
00009e61  bmi160_set_gyro_wakeup_intr                      
00009ef1  bmi160_set_gyro_wakeup_trigger                   
00009f81  bmi160_set_if_mode                               
0000a011  bmi160_set_mag_manual_enable                     
0000a0a1  bmi160_set_paging_enable                         
0000a131  bmi160_set_pullup_configuration                  
0000a1c1  bmi160_set_target_page                           
0000a251  __aeabi_cdcmpeq                                  
0000a251  __aeabi_cdcmple                                  
0000a2d7  __aeabi_cdrcmple                                 
0000a35d  bmi160_interrupt_configuration                   
0000a3dd  bmi160_set_accel_offset_enable                   
0000a45d  bmi160_set_gyro_offset_enable                    
0000a4dd  bmi160_set_i2c_device_addr                       
0000a55d  bme280_compensate_temperature_int32              
0000a5d9  __aeabi_memclr                                   
0000a5d9  __aeabi_memclr4                                  
0000a5d9  __aeabi_memclr8                                  
0000a5db  __aeabi_memset                                   
0000a5db  __aeabi_memset4                                  
0000a5db  __aeabi_memset8                                  
0000a5e1  memset                                           
0000a653  _system_post_cinit                               
0000a655  SystemInit                                       
0000a6cd  bmi160_read_accel_xyz                            
0000a745  bmi160_read_gyro_xyz                             
0000a82d  __TI_auto_init                                   
0000a89d  finddevice                                       
0000a8c7  getdevice                                        
0000a915  printf                                           
0000a97d  sensorOpt3001Convert                             
0000a9ed  sensorTmp007Enable                               
0000aa5d  __aeabi_d2f                                      
0000aacb  __TI_decompress_lzss                             
0000ab35  HOSTlseek                                        
0000ab9d  HOSTrename                                       
0000ac05  __TI_writemsg                                    
0000ac33  C$$IO$$                                          
0000ac37  __TI_readmsg                                     
0000ac6d  bme280_read_pressure_temperature_humidity        
0000acd1  bme280_read_uncomp_pressure                      
0000ad35  bme280_read_uncomp_temperature                   
0000ad99  bmi160_init                                      
0000adfd  fseek                                            
0000ae61  frexp                                            
0000ae61  frexpl                                           
0000aec5  sensorOpt3001Read                                
0000af29  HOSTopen                                         
0000af89  bme280_init                                      
0000afe5  bme280_read_uncomp_humidity                      
0000b041  close                                            
0000b09d  HOSTread                                         
0000b0f5  HOSTwrite                                        
0000b14d  SysCtl_A_getTLVInfo                              
0000b1a1  bme280_get_power_mode                            
0000b1f5  bme280_get_standby_durn                          
0000b249  bmi160_get_foc_rdy                               
0000b29d  bmi160_get_if_mode                               
0000b2f1  bmi160_get_mag_manual_enable                     
0000b345  bmi160_get_paging_enable                         
0000b399  bmi160_get_pullup_configuration                  
0000b3ed  bmi160_get_target_page                           
0000b441  _c_int00                                         
0000b495  C$$EXIT                                          
0000b499  abort                                            
0000b4a1  exit                                             
0000b4e9  ltoa                                             
0000b53d  bmi160_bmm150_mag_compensate_xyz                 
0000b591  PORT1_IRQHandler                                 
0000b591  PORT1_IRQHandler                                 
0000b5e1  bmi160_get_accel_offset_compensation_xaxis       
0000b631  bmi160_get_accel_offset_compensation_yaxis       
0000b681  bmi160_get_accel_offset_compensation_zaxis       
0000b6d1  bmi160_get_mag_power_mode_stat                   
0000b721  sensorTmp007Convert                              
0000b771  GPIO_setAsPeripheralModuleFunctionOutputPin      
0000b809  bme280_read_register                             
0000b855  bme280_write_register                            
0000b8a1  atoi                                             
0000b8ed  copy_in                                          
0000b981  bmi160_read_reg                                  
0000b9c9  bmi160_write_reg                                 
0000ba11  i2c_routine                                      
0000ba59  __aeabi_d2iz                                     
0000baa1  PORT5_IRQHandler                                 
0000baa1  PORT5_IRQHandler                                 
0000bae5  bme280_set_soft_rst                              
0000bb29  HOSTclose                                        
0000bb6d  HOSTunlink                                       
0000bbb1  I2C_masterSendMultiByteStart                     
0000bbf1  bmi160_fifo_data                                 
0000bc31  bmi160_set_command_register                      
0000bc71  bmi160_set_fifo_wm                               
0000bcb1  bmi160_set_mag_read_addr                         
0000bcf1  bmi160_set_mag_write_addr                        
0000bd31  bmi160_set_mag_write_data                        
0000bd71  bmi160_initialize_sensor                         
0000bdad  I2C_routine                                      
0000bde5  __aeabi_f2d                                      
0000be1d  strncpy                                          
0000be53  bmi160_i2c_burst_read                            
0000be81  __aeabi_i2d                                      
0000beaf  BME280_I2C_bus_read                              
0000bedb  BME280_I2C_bus_write                             
0000bf07  bmi160_i2c_bus_read                              
0000bf33  bmi160_i2c_bus_write                             
0000bf61  remove                                           
0000bf61  unlink                                           
0000bf8d  sensorOpt3001Enable                              
0000bfb9  lseek                                            
0000bfe1  write                                            
0000c009  startCrystalOscillator                           
0000c031  DelayMs                                          
0000c059  CS_clearInterruptFlag                            
0000c07d  EUSCIA0_IRQHandler                               
0000c07d  EUSCIA0_IRQHandler                               
0000c0a1  memchr                                           
0000c0c1  __aeabi_ui2d                                     
0000c0e1  initI2C                                          
0000c0fd  memccpy                                          
0000c119  CS_getMCLK                                       
0000c131  CS_getSMCLK                                      
0000c149  TA0_0_IRQHandler                                 
0000c149  TA0_0_IRQHandler                                 
0000c161  _args_main                                       
0000c179  strcmp                                           
0000c191  strchr                                           
0000c1a9  CS_setExternalClockSourceFrequency               
0000c1bd  _system_pre_init                                 
0000c1d1  _register_unlock                                 
0000c1d7  _register_lock                                   
0000c1df  _nop                                             
0000c1e5  copysign                                         
0000c1e5  copysignl                                        
0000c1f9  strcpy                                           
0000c20d  strlen                                           
0000c221  SysCtl_A_disableNMISource                        
0000c231  SysCtl_A_enableNMISource                         
0000c241  SysCtl_A_getNMISourceStatus                      
0000c251  __TI_decompress_none                             
0000c25f  BME280_delay_msek                                
0000c26b  Reset_Handler                                    
0000c277  bmi160_delay_ms                                  
0000c283  __TI_zero_init                                   
0000c28f  sensorOpt3001Init                                
0000c29b  sensorTmp007Init                                 
0000c2a5  CS_startHFXT                                     
0000c2ab  CS_startLFXT                                     
0000c2b1  SysCtlDelay                                      
0000d410  _ctypes_                                         
0000d678  __TI_Handler_Table_Base                          
0000d684  __TI_Handler_Table_Limit                         
0000d690  __TI_CINIT_Base                                  
0000d6a0  __TI_CINIT_Limit                                 
20000000  accel_fifo                                       
2000036c  gyro_fifo                                        
200006d8  mag_fifo                                         
20000a44  __CIOBUF_                                        
20000b64  __TI_tmpnams                                     
20000c04  bme280                                           
20000c40  s_bmi160                                         
20000c64  s_magcompXYZ                                     
20000c78  parmbuf                                          
20000c80  accelxyz                                         
20000c86  gyroxyz                                          
20000c8c  s_accelXYZ                                       
20000c92  s_gyroXYZ                                        
20000ca4  convertedLux                                     
20000ca8  g_ui32ByteCount                                  
20000cac  pData                                            
20000cb0  returnRslt                                       
20000cb4  tObjAmb                                          
20000cb8  tObjTemp                                         
20000cbe  gyro_off_x                                       
20000cc0  gyro_off_y                                       
20000cc2  gyro_off_z                                       
20000cc4  rawData                                          
20000cc6  rawObjTemp                                       
20000cc8  rawTemp                                          
20000cca  accel_off_x                                      
20000ccb  accel_off_y                                      
20000ccc  accel_off_z                                      
20000ccd  returnValue                                      
20000cce  ui8DummyRead                                     
20000ccf  ui8Status                                        
20000cd0  v_fifo_data_u8                                   
200010d0  test                                             
20001400  _ftable                                          
200014f0  sampleTimePeriodBMI                              
200014f1  sampleTimePeriodBMM                              
200014f2  sampleTimePeriodBME                              
200014f3  sampleTimePeriodTMP                              
200014f4  sampleTimePeriodOPT                              
200014f5  wdtWakeUpPeriodIndex                             
200014f8  g_s32ActualTemp                                  
200014fc  g_u32ActualPress                                 
20001500  g_u32ActualHumity                                
20001504  WDTcount                                         
20001506  secondcount                                      
20001508  theta_y_k_g                                      
2000150c  theta_y_g                                        
20001510  theta_x_k_g                                      
20001514  theta_x_g                                        
20001518  theta_z_k_g                                      
2000151c  theta_z_g                                        
20001520  cos_x                                            
20001524  sin_x                                            
20001528  cos_y                                            
2000152c  sin_y                                            
20001530  theta_y_a                                        
20001534  theta_x_a                                        
20001538  theta_z_a                                        
2000153c  gyro_sens                                        
20001540  delta_t                                          
20001544  dt_sens                                          
20001548  prevAccelX                                       
2000154a  prevAccelY                                       
2000154c  prevAccelZ                                       
2000154e  prevGyroX                                        
20001550  prevGyroY                                        
20001552  prevGyroZ                                        
20001554  stillCount                                       
20001558  gyroAvgX                                         
2000155c  gyroAvgY                                         
20001560  gyroAvgZ                                         
20001564  accelAvgX                                        
20001568  accelAvgY                                        
2000156c  accelAvgZ                                        
20001570  BME_on                                           
20001571  BMI_on                                           
20001572  TMP_on                                           
20001573  OPT_on                                           
20001574  _device                                          
200015ec  _stream                                          
2000163c  i2cConfig                                        
20001650  __TI_ft_end                                      
20001654  __aeabi_stdin                                    
20001658  __aeabi_stdout                                   
2000165c  __aeabi_stderr                                   
20001660  __TI_cleanup_ptr                                 
20001664  __TI_dtors_ptr                                   
20001668  __TI_enable_exit_profile_output                  
20001678  _lock                                            
2000167c  _unlock                                          
20001680  V_bmm150_maual_auto_condition_u8                 
20001684  V_fifo_time_U32                                  
20001688  errno                                            
20001694  main_func_sp                                     
20001698  burstMode                                        
200016a0  _sys_memory                                      
2000fe00  __stack                                          
20010000  __STACK_END                                      
4000480c  WDTCTL_SYM                                       
ffffffff  __TI_pprof_out_hndl                              
ffffffff  __TI_prof_data_size                              
ffffffff  __TI_prof_data_start                             
ffffffff  __binit__                                        
ffffffff  __c_args__                                       
ffffffff  binit                                            
UNDEFED   SHT$$INIT_ARRAY$$Base                            
UNDEFED   SHT$$INIT_ARRAY$$Limit                           

[426 symbols]
